FONTES: CÂM. DEP. *Deputados*; CÂM. DEP. *Deputados brasileiros.
Repertório* (1975-1979 e 1979-1983); *Folha de S. Paulo* (24/3/81,
27/4/91); *Globo* (3/4/81); *Jornal do Brasil* (26/11/77 e 24/3/81);
MIN. AER. *Almanaque*; NÉRI, S. *16*; *Perfil* (1980); SENADO.
*Repertório* (1991-1999); WANDERLEY, N. *História*; *Who’s who in
Brazil*.

 
