**FONTES**: CÂM. DEP. *Deputados brasileiros.*Repertório**(1995-1999);
*Estado de S. Paulo* (20/4, 20/5, 15/6, 25/7 e 14/8/96, 10 e 16/4,
28/7/97); *Folha de S.* *Paulo* (18/9/94, 31/1/95, 14/1, 21/7 e
24/12/96, 16/1 e 18/3/97, 29/9 e 6/11/98);*Globo* (8/1/94, 25/7/96, 12/1
e 7/5/97, 10/10/98); *Jornal do Brasil* (19/5, 25/7 e 28/11/96,
16/1/97); Portal da Câmara dos Deputados. Disponível em :
\<http://www.camara.gov.br/INTERNET/DEPUTADO/Dep\_
Detalhe.asp?id=520348\#\>. Acesso em : 06 set. 2009; TRIB. SUP.
ELEIT.*Dados* (1998).
