FONTES: ACAD. BRAS. LETRAS. *Anuário;* BRINCHES, V. *Dic.;*CONSULT.
MAGALHÃES, B.; CORTÉS, C. *Homens;*COUTINHO, A. *Brasil; Efemérides*
*paulistas; Encic. Mirador; Grande encic. Delta; Grande encic.
portuguesa;*HIRSCHOWICZ, E. *Contemporâneos;*INST. HIST. GEOG. BRAS.
*Dic.;* IORIO, L. *Valença;*LEITE, A. *História;* MENESES, R.
*Dic.;*PEIXOTO, A. *Getúlio;* SOC.**BRAS. EXPANSÃO COMERCIAL. *Quem;*
VIANA FILHO, L. *Governo.*

 
