FONTES: ASS. LEG. Parlamentares de Sergipe. Repertório (1995-1999); CÂM. DEP. Deputados brasileiros. Repertório (1999-2003 e 2003-2007); Portal Agência Alese de Notícias. Disponível em: <http://www.agenciaalese.se.gov.br>. Acesso em 01/06/2009; Portal Agência Sergipe de Notícias. Disponível em: <http://www.agencia.se.gov.br> Acesso em 02/09/2013. Portal Jornal da Cidade. Disponível em: http://www.jornaldacidade.net>. Acesso em 10/05/2009; Portal de Sergipe. Disponível em: <http://www.se.gov.br>. Acesso em 18/02/2008.