**FONTES**: *Diário Tucano* (online) 11 mar. 2005. Disponível em :
\<[https://www2.psdb.
org.br/images\_conteudo/diariotucano/389.diario110305.pdf](https://www2.psdb.%20org.br/images_conteudo/diariotucano/389.diario110305.pdf)\>.
Acesso em : 13 out. 2009; Portal da Câmara dos Deputados. Disponível em
: \<[http://www.camara.gov.br/
internet/deputado/Dep\_Detalhe.asp?id=529157](http://www.camara.gov.br/%20internet/deputado/Dep_Detalhe.asp?id=529157)\>.
Acesso em : 11 out. 2009;  Portal do TJ-TO. *Últimas Notícias*.
Disponível em : \<[http://www.tj.to.gov.br/exibir\_noticia\_
novo.asp?id=621](http://www.tj.to.gov.br/exibir_noticia_%20novo.asp?id=621)\>.
Acesso em : 13 out. 2009.

 

 
