**FONTES**: Agência BRASIL. Disponível em :
\<http:/www.agenciabrasil.gov.br/noticias/2007/07/

05/materia.2007-07-05.9706946311/view\>.Acesso em : 06 nov. 2009; FAB;
*Folha de S. Paulo* (online) 23 jun. 2006. Disponível em :
\<[http://www1.folha.uol.com.br](http://www1.folha.uol.com.br/)\>.
Acesso em : 06 nov. 2009; MinC; Portal da Câmara dos Deputados.
Disponível em :
\<[http://www.camara.gov.br/internet/depu](http://www.camara.gov.br/internet/depu)

[tado/](http://www.camara.gov.br/internet/deputado/)[dep\_detalhe.asp?id=520068](http://www.camara.gov.br/internet/deputado/dep_detalhe.asp?id=520068)\>;
Portal Políticos & Políticas. Disponível em :
\<[http://politicos](http://politicos/)[.](http://politicos.br101.org/maria-perpetua-almeida.html)

[](http://politicos.br101.org/maria-perpetua-almeida.html)br101.org/maria-perpetua-almeida.html\>.
Acesso em : 06 nov. 2009.

 
