FONTES: PORTAL DO GOVERNO DO ESTADO DE RORAIMA
(http://portalroraima.rr.gov.br, acessado em 12/09/2009); Portal do
Jornal *Folha de São Paulo*(http://www1.folha.uol.com.br/, acessado em
30/09/2009); Portal do Jornal *O Globo* (www.oglobo.globo.com, acessado
em 2/10/2009); Portal do Instituto Brasileiro de Análises Sociais e
Econômicas – IBASE (www.ibase.br, acessado em 29/9/2009).

 

 
