FONTES: *Portal da Câmara dos Deputados***(http://www2.camara.gov.br/;
acessado em: 11/11/2009); *Portal da Câmara dos Deputados. Agência
Câmara.*(4/4/2006;
[http://www2.camara.gov.br/agencia/noticias/85872.html](http://www2.camara.gov.br/agencia/noticias/85872.html);
acesso em 28/12/2009); *Portal**Isto É.*(7/2005, 28/6/2006; http://
www.terra.com.br/istoe/; acessado em: 11/11/2009); *Portal O Estado
do**Paraná.*(4/5/2007;
[http://www.parana-online.com.br/editoria/pais/news/175812/?noticia=JOSIAS+GOMES+E+O+10O+DEPUTADO+ABSOLVIDO](http://www.parana-online.com.br/editoria/pais/news/175812/?noticia=JOSIAS+GOMES+E+O+10O+DEPUTADO+ABSOLVIDO);
acesso em: 28/12/2009); *Portal do TSE***(http://www.tse.gov.br/;
acessado em: 11/11/2009); *Portal Veja*(4/9/2006;
[http://64.233.163.132/search?q=cache:6bXMk7drWf4J:veja.abril.com.br/noticia/arquivo-2006/conselho-etica-define-67-relatores-310408.shtml+%22Neyde+Aparecida%22%2B%22Conselho+de+%C3%89tica%22&cd=2&hl=pt-BR&ct=clnk&gl=br](http://64.233.163.132/search?q=cache:6bXMk7drWf4J:veja.abril.com.br/noticia/arquivo-2006/conselho-etica-define-67-relatores-310408.shtml+%22Neyde+Aparecida%22%2B%22Conselho+de+%C3%89tica%22&cd=2&hl=pt-BR&ct=clnk&gl=br);
acesso em: 28/12/2009).

 
