FONTES: Portal do Congresso em foco. Disponível em: <http://congressoemfoco.ig.com.br>. Acesso em 28/09/2009; Portal Consultório Jurídico. Disponível em <http://www.conjur.com.br>. Acesso em 28/09/2009; Portal da Procuradoria Geral da República. Disponível em: <http://noticias.pgr.mpf.gov.br>. Acesso em 28/09/2009; Portal SEADE. Disponível em: <http://www.seade.gov.br>. Acesso em 28/09/2009; Portal do Tribunal de Justiça Militar de São Paulo. Disponível em: <http://www.tjm.sp.gov.br>. Acesso em 28/09/2009; Portal do Tribunal Regional Eleitoral de São Paulo. Disponível em: <http://www.tre-sp.gov.br/noticias/textos/not030507.htm>. Acesso em 28/09/2009; Portal do Tribunal Superior Eleitoral. Disponível em: <http://www.tse.gov.br>. Acesso em 28/09/2009.