**FONTES**: Folha de S.Paulo. Disponível em :
\<http://www1.folha.uol.com.br\>. Acesso em: 03 mar. 2009; Portal da
Assembléia Legislativa do Estado da Bahia. Disponível em :
\<http://www.al.ba.gov.br\>. Acesso em : 01 mar. 2009; Portal da Câmara
dos Deputados. Disponível em : \<http://www2.camara.gov.br\>. Acesso em
: 30 nov. 2008 e 06 jan. 2009.

 

 

 

 

 
