FONTES: BRASILEIRO; Folha de S. Paulo (online). Disponível em: <Este fato http://www.folha.uol.com.br>. Acesso em: 17/2, 11, 25/4; 2, 8, 25, 28/5; 5/6; 15/8/03. 4/4, 27/5, 3, 4/6, 1, 2, 5/7, 22/10/04; 8/5, 4/8 ,20, 21/10/05; 12, 17/4, 24, 30/11/06. 01/3, 4, 19/4, 28/8, 02/9, 21/10, 1, 5, 26, 30/11, 6/12/07; 28/2, 8/4, 13, 28/5, 6, 7, 12, 16, 25/8, 14/10, 10, 18/12/08; Portal do Correio Braziliense. Disponível em: <http://www.correiobraziliense.com.br/>. Acesso em 11/08/2015; Portal G1 de Noticias. Disponível em: <http://www.g1.globo.com/noticias>. Acesso em 11/08/2015; Portal Jus Brasil. Disponível em: <http://www.jusbrasil.com.br/>. Acesso em 11/08/2015; Portal do STF. Disponível em: <http://www.stf.jus.br/portal/principal/principal.asp>. Acesso em 11/08/2015; Portal do Tribunal Superior Eleitoral. Disponível em: <http://www.tse.jus.br/>. Acesso em 11/08/2015.