FONTES: Portal do Departamento Intersindical de Assessoria Parlamentar. Disponível em: <http://www.diap.org.br>. Acesso em 27/02/2009; Portal do Jornal Folha de S.Paulo. Disponível em: <http://www1.folha.uol.com.br>. Acesso em 23/03/2009; Portal do Jornal O Globo. Disponível em: <http://oglobo.globo.com>. Acesso em 27/02/2009 e 04/06/2013; Portal do Partido Socialismo e Liberdade. Disponível em: <http://www.psol50.org.br>. Acesso em 04/06/2013; Portal da Revista Veja. Disponível em:  <http://veja.abril.com.br>. Acesso em 23/03/2009.