**FONTES**: *Diário de Maringá* (22/1/09); *Estado de S. Paulo*
(29/3/09); *Folha de Londrina* (5/5/09); *Globo* (29/3 e 30/3/09);
Portal da Câmara dos Deputados. Disponível em :
\<[http://www2.camara.gov.br](http://www2.camara.gov.br/)\>. Acesso em :
11 out. 2009; Portal do TSE. Disponível em :
\<[http://www.tse.gov.br](http://www.tse.gov.br/)\>; Portal FIEP.
*Vigilantes da Democracia*. Disponível em :
\<[http://www.vigilantesdademocracia.com.br](http://www.vigilantesdademocracia.com.br/)\>.
Acesso em : 11 out. 2009.

 
