FONTES: Estado de São Paulo (20/11/2014), disponível em <http://politica.estadao.com.br/noticias/geral,ex-ministro-marcio-thomaz-bastos-morre-aos-79-anos,1595507>, acesso em 06 ago. 2015. Piauí (dez. 2009), disponível em <http://revistapiaui.estadao.com.br/edicao-39/vultos-da-republica/pao-e-gloria>, acesso em 06 ago. 2015. Portal EBC (20/11/2014), dispnível em <http://agenciabrasil.ebc.com.br/geral/noticia/2014-11/morre-em-sao-paulo-o-ex-ministro-da-justica-marcio-thomaz-bastos>, acesso em 06 ago. 2015. Portal G1 (20/11/2014), disponível em <http://g1.globo.com/sp/vale-do-paraiba-regiao/noticia/2014/11/cruzeiro-cidade-natal-de-marcio-thomaz-bastos-decreta-luto-de-3-dias.html>, acesso em 06 ago. 2014. Projeto História Oral do Campo Jurídico em São Paulo, disponível em <http://cpdoc.fgv.br/campojuridico/marcio-thomaz-bastos#Sumario1>, acesso em 06 ago. 2015.