FONTES: Jornal Capital News (18/08/2005);  Jornal Folha de  São Paulo (20/12/2006 e 11/06/2008); Jornal O Globo (13/12/2007); Portal da Câmara dos Deputados. Disponível em: <www2.camara.gov.br/ >. Acesso em 09/10/2013; Portal G1 de Notícias. Disponível em: http://g1.globo.com/index.html. Acesso em 11/06/2008; Portal pessoal do deputado federal Antônio Carlos Biffi. Disponível em: <http://www.biffi.com.br>. Acesso em 09/10/2013; Portal do Partido dos Trabalhadores. Disponível em: <http:// www.pt.org.br>. Acesso em 09/10/2013; Portal do Tribunal Superior Eleitoral. Disponível em:< http://www.tse.jus.br>. Acesso em 09/10/2013.
