**FONTES**: CÂM.  DEP. *Deputados brasileiros (2007-2011).**Diário
Catarinense*(22/8/08); *Folha de S. Paulo* (5/10/08); Portal Políticos &
Políticas. Disponível em :
\<[http://politicos.br101.org/djalma-berger.html\>](http://politicos.br101.org/djalma-berger.html);
Portal TERRA-Noticias . Disponível em :
\<[http://noticias-terra.com.br](http://noticias-terra.com.br/)\>.
Acesso em : 21 ago. 2008.

 
