**FONTES**: *Folha de S.Paulo* (12/4/00, 4/12/01, 27/2/02, 6 e 8/4/06,
6/7/08 e 7/1/09); Portal Americo.usal.es. Disponível em :
\<[http://americo.usal.es/oir/Elites/curriculums](http://americo.usal.es/oir/Elites/curriculums)\>;
Portal da Câmara dos Deputados. Disponível em :
\<[http://www2.camara.gov.br/deputados](http://www2.camara.gov.br/deputados)\>;
Portal do dep. fed. Jorge Bittar. Disponível em :
\<[http://bittar.1331.com.br](http://bittar.1331.com.br/)\>; Portal do
PT. Disponível em :
\<[http://www.pt.org.br/portalpt/index.php](http://www.pt.org.br/portalpt/index.php)\>;
Portal do  TSE. Disponível em :
\<[http://www.tse.gov.br](http://www.tse.gov.br/)\>; SENGE-RJ.
