FONTES: Portal da Agência Senado. Disponível em: <http://www.senado.gov.br>. Acesso em 21/10/2009; Portal da Câmara dos Deputados. Disponível em <http://www2.camara.gov.br>. Acesso em 21/10/2009 e 08/10/2013; Portal Câmara Municipal de Rio Branco. Disponível em: <http://www.cmrb.ac.gov.br>. Acesso em 21/10/2009; Portal do Congresso em Foco. Disponível em: <http://congressoemfoco.ig.com.br/>. Acesso em 21/10/2009; Portal G1 de Notícias. Disponível em: <http://www.g1.com/>. Disponível em: 8/10/2013; Portal da revista Veja. Disponível em: <http://veja.abril.com.br>. Acesso em 08/10/2013; Portal da Tribuna do Juruá. Disponível em: <http://www.tribunadojurua.com.br/>. Acesso em 21/10/2009; Tribunal Regional Eleitoral do Acre. Disponível em: <http://www.tre-ac.gov.br>. Acesso em 21/10/2009.