FONTES: CÂM. DEP. *Anais* (1960-1); CÂM. DEP. *Deputados*; CÂM. DEP.
*Deputados* *federais.****Inventário*; CÂM. DEP. *Relação dos dep*.;
CAMPOS, Q. *Fichário*; CONFERÊNCIA NAC. CLASSES PRODUTORAS. *Carta*;
Grande encic. portuguesa; HIRSCHOWICZ, E. *Contemporâneos*; INF. Ana
Maria De Carli Porto; *Jornal do Brasil* (12/10/66 e 2/11/77); OLIVEIRA,
H. *Presidentes*; VAITSMAN, M. *Sangue*.

 
