FONTES: CÂM. DEP. Deputados brasileiros; CÂM. MUN. Januária (MG); Jornal Folha de S.Paulo (25/07/2006, 01/08/2006, 06/10/2006, 30/11/2006 e 22/12/2006); MONTEIRO, N.G. Dicionário biográfico de Minas Gerais. Portal do jornal Estadão. Disponível em: <http://www.estadao.com.br>. Acesso em 21/08/2013; Portal do Ministério Público Federal. Disponível em: <http://www.mpf.mp.br/>. Acesso em 21/08/2013; Portal da revista Veja. Disponível em: <http://veja.abril.com.br>. Acesso em 21/08/2013.