**FONTES**: Portal da Câmara dos Deputados. Disponível em :
\<[http://www2.camara.gov.br/](http://www2.camara.gov.br/)

[deputados](http://www2.camara.gov.br/deputados)\>. Acesso em : 30 set.
2009; Portal do TSE. *Resultado 2002*. Disponível em :
\<[http://www.tse.gov.br/internet/eleicoes/index/htm](http://www.tse.gov.br/internet/eleicoes/index/htm)\>.
Acesso em : 30 set. 2009; Portal do TSE. *Resultado 2004*. Disponível em
: \<[http://www.tse.gov.gov.br](http://www.tse.gov.gov.br/)\>. Acesso em
: 30 set. 2009.
