**FONTES**: Congressso em Foco. Disponível em :
\<http://[www.congressoemfoco.
ig.com.br](http://www.congressoemfoco.%20ig.com.br/)\>. Acesso em : 03
dez. 2009; ENT. BIOG.; Portal Arquivo PREMIUM GLOBO. Disponível em  :
\<http://arquivoglobo.globo.com\_basica.asp\>. Acesso em : 03 dez. 2009;
Portal da Fundação Perseu Abramo. Disponível em :
\<[http://www2.fpa.org. br/portal](http://www2.fpa.org.%20br/portal)\>.
Acesso em : 03 dez. 2009; Portal Presidência da República Federativa do
Brasil. Disponível em :
\<[http://www.presidencia.gov.br](http://www.presidencia.gov.br/)\>.
Acesso em : 03 dez. 2009.

 
