 
FONTES: Portal da Câmara dos Deputados. Disponível em: <http://www2.camara.gov.br/deputados>; Portal do Deputado Vinícius Carvalho. Disponível em: <http://www.viniciuscarvalho.com>; Porta do Partido Republicano Brasileiro. Disponível em: <http://www.prb10.org.br/>. Acesso em 07/05/2014;.Portal do Tribunal Superior Eleitoral. Disponível em: < http://www.tse.gov.br> acesso em 07/05/2014; 
