**FONTES**: CÂM. DEP. *Deputados brasileiros*. Repertório (2007-2011);
*Folha de S.Paulo* (online) 20 set. 2007. Disponível em :
\<[http://www1.folha.uol.com.br](http://www1.folha.uol.com.br/)\>.
Acesso em : 01 dez. 2009; Portal da Câmara dos Deputados. Disponível em
: \<[http://www.camara.gov.br](http://www.camara.gov.br/)\>. Acesso em :
01 dez. 2009; Portal da Câmara Municipal de Belo Horizonte. Disponível
em : \<[http://www.cmbn.mg.gov.br](http://www.cmbn.mg.gov.br/)\>. Acesso
em : 01 dez. 2009.  

 

 

 

 
