**FONTES**: Portal da Câmara dos Deputados. Disponível em :
\<[http://www2.ca](http://www2.ca/)[mara.gov.br/deputados](http://www2.camara.gov.br/deputados)\>;
Portal do TSE. Disponível em :
\<[http://www.tse.gov.br/](http://www.tse.gov.br/)\>; Site Índio da
Costa. Disponível em :
\<[http://www.indiodacosta.com.br/default.aspx](http://www.indiodacosta.com.br/default.aspx)\>.
