FONTES: Portal da Câmara dos Deputados. Disponível em: <http://www2.camara.gov.br>. Acesso em 13/11/2013; Portal do jornal Folha de São Paulo. Disponível em: <http://www.folha.uol.com.br>. Acesso em 13/11/2013; Portal do Partido Social Democrático. Disponível em: <http://www.psd-rj.org.br>. Acesso em 13/11/2013; Portal pessoal de Índio da Costa. Disponível em: <http://indio.com.br>. Acesso em 13/11/2013; Portal da Prefeitura da Cidade do Rio de Janeiro. Disponível em: <http://www.rio.rj.gov.br>. Acesso em 13/11/2013; Portal da revista Veja Rio. Disponível em: <http://veja.abril.com.br>. Acesso em 13/11/2013; Portal do Tribunal Superior Eleitoral. Disponível em: <http://www.tse.gov.br>. Acesso em 13/11/2013; Portal Último Segundo. Disponível em: <http://ultimosegundo.ig.com.br>. Acesso em 13/11/2013; Portal UOL de Notícias. Disponível em: <http://www.uol.com.br/>. Acesso em 13/11/2013.