FONTES: Jornal Folha de S. Paulo (17/08/1999, 16/09/2000, 05/10/2000, 30/10/2000, 06/08/2003 e 04/10/2008); Revista Veja (21/07/1999); Portal da Câmara dos Deputados. Disponível em: <www.camara.gov.br>. Acesso em 05/11/2009; Portal G1 de Notícias. Disponível em: <http://g1.globo.com>. Acesso em 21/08/2013; Portal do jornal Estadão. Disponível em: <http://www.estadao.com.br/>. Acesso em 21/08/2013; Portal da Justiça Federal de São Paulo. Disponível em: <http://www.jfsp.jus.br/>. Acesso em 21/08/2013; Portal do Tribunal Regional Eleitoral de São Paulo. Disponível em: <www.tre-sp.gov.br>. Acesso em 05/11/2009; Portal do Tribunal Superior Eleitoral. Disponível em: <http://www.tse.jus.br>. Acesso em 21/08/2013.