FONTES: Portal da Câmara dos Deputados. Disponível em <http://www2.camara.gov.br/>. Acesso em 26/10/2009; Portal do jornal Folha de São Paulo. Disponível em: <http://www.folha.uol.com.br>. Acesso em 14/09/2009; Portal da Procuradoria da República no Amapá. Disponível em <http://www.prap.mpf.mp.br>. Acesso em 26/08/2013.