**FONTES**: *Diário**Catarinense* (online) 04 set. 2009.. Disponível em
: **\<**[http://www.clicrbs.
com.br](http://www.clicrbs.%20com.br)**\>**. Acesso em :  01 set. 2009;
*Época* (online) 22 jul. 2007. Disponível em :
\<**[http://revistaepoca.globo.com](http://revistaepoca.globo.com/)****\>**.
Acesso em: 01 set. 2009;  Portal da Câmara dos Deputados. Disponível em
: \<**[http://www2.camara.gov.br](http://www2.camara.gov.br/)****\>**.
Acesso em : 01 set. 2009; Portal do TRS-RS. Disponível em : \<
**[http://www2.camara.gov.br](http://www2.camara.gov.br/)****\>**.
Acesso em : 01 set. 2009; Portal do TSE. Disponível em :
\<**[http://www.tse.gov.br](http://www.tse.gov.br/)**\>. Acesso em : 22
ago. 2009; *Zero Hora* (online) 05, 30 out. 2008. Disponível em :
\<**[http://zerohora.clicrbs.com.br](http://zerohora.clicrbs.com.br/)**\>.
Acesso em : 01 set. 2009.

 

 

 

 

 
