FONTES:

Site da Câmara dos Deputados \<www.camara.gov.br\>, acesso em 9/11/2009.

Site do Deputado Federal Dr. Ubiali \<www.drubiali.com.br\>, acesso em
10/11/2009.

Blog do Deputado Federal Dr. Ubiali \<http://blog.drubiali.com.br/\>,
acesso em 10/11/2009.

Site do Tribunal Regional Eleitoral de São Paulo \<www.tre-sp.gov.br\>,
acesso em 11/11/2009.

*Folha de S. Paulo*, 20/9/2007 e 11/6/2008. Disponível em
\<www.folha.com.br\>, acesso em 11/11/2009.

 

 
