FONTES: *Jornal Irohin*. Disponível em :
\<http://[www.irohin.org.br/imp/template.php?
edition=17&id=3](http://www.irohin.org.br/imp/template.php?%20edition=17&id=3)\>.
Acesso em : 17 jun. 2009; *Jornal do Commércio* – Pernambuco (online).
Disponível em : \<http://www2.uol.com.br/JC/\_2000/0608/cd0608f.htm\>.
Acesso em : 17 jun. 2009; Portal ABONG. Disponível em :
\<http://[www.abong.org.br/
final/informes\_pag.php?cdm=14415](http://www.abong.org.br/%20final/informes_pag.php?cdm=14415)\>.
Acesso em : 17 jun. 2009; Portal da Câmara dos Deputados. Disponível em
: \<[http://www2.camara.gov.br](http://www2.camara.gov.br)\>. Acesso em
: 17 jun. 2009; Portal da Rádio Extremo Sul – AM. Disponível em :
\<http://www.extremosulam. com.br/news/index.php?id=282&sess=15\>.
Acesso em 17 jun. 2009; Portal Direito2. Disponível em :
\<http://[www.direito2.com.br/acam/2006/out/17/conheca-a-acusacao-contra-reginaldo-germano-e-a-sua-defesa](http://www.direito2.com.br/acam/2006/out/17/conheca-a-acusacao-contra-reginaldo-germano-e-a-sua-defesa)\>.
Acesso em : 17 jun. 2009; Portal do TSE. *Resultado da* *eleição 2006*.
Disponível em : \<[http://www.tse.gov.br/internet/
eleicoes/2006/result\_blank.htm](http://www.tse.gov.br/internet/%20eleicoes/2006/result_blank.htm)\>.
Acesso em : 20 ago. 2009; Portal Nildo Freitas. Disponível em :
\<http://nildofreitas.com\>. Acesso em : 17 jun. 2009.
