FONTES: Portal IX Feira de Carreiras. Disponível em: <http://www.feiradecarreiras.com>. Acesso em 13/08/2013; Portal Câmara dos Deputados. Disponível em: <www.camara.gov.br>. Acesso em 30/08/2009; Portal Fundação Seade. Disponível em: <www.seade.gov.br>. Acesso em 30/08/2009; Portal do Jornal da Cidade de Bauru. Disponível em <http://www.jcnet.com.br>. Acesso em 13/08/2013; Portal pessoal Xico Graziano. Disponível em: <www.xicograziano.com.br>. Acesso em 30/08/2009 e 13/08/2013; Portal Revista Época. Disponível em: <http://epoca.globo.com>. Acesso em 13/08/2013;