**FONTES**: Blog Diário do Rio de Janeiro. Disponível em :
\<[http://diariodorio.com/os-pr-candidatos-a-prefeitura-do-rio-em-2008/marcelo-itagiba-pmdb](http://diariodorio.com/os-pr-candidatos-a-prefeitura-do-rio-em-2008/marcelo-itagiba-pmdb)\>.
Acesso em : 30 set. 2009; Blog Marcelo Itagiba. Disponível em :
\<[http://www.marceloitagiba.com](http://www.marceloitagiba.com/)\>.
Acesso em : 30 set. 2009; *Correio Braziliense* (online)**15 mar. 2002.
Disponível em : \<[http://www.
correioweb.com.br](http://www.%20correioweb.com.br/)\>. Acesso em : 30
set. 2009; *Folha de S.Paulo* (online)**19 fev.,  17,19 jul. e 15 nov.
2002; 09 jul. 2003; 25 set. 2004; 6 dez. 2005; 25 jul. e 20 dez. 2006;
28 set. 2007; 23 jun. 2009. Disponível em :
\<[http://www1.folha.uol.com.br](http://www1.folha.uol.com.br/)\>.
Acesso em : 30 set. 2009; *IstoÉ* (online). Disponível em :
\<[http://www.terra.com.br/istoe](http://www.terra.com.br/istoe)\>.
Acesso em : 30 set. 2009; *IstoÉ Dinheiro* (online) 14 ago. 2008.
Disponível em : \<[http://www.terra.com.br/
istoedinheiro/edicoes/568/artigo99121-1.htm](http://www.terra.com.br/%20istoedinheiro/edicoes/568/artigo99121-1.htm)\>.
Acesso em : 30 set. 2009; *O Dia* (online) 12 ago. 2008. Disponível em :
\<[http://odia.terra.com.br/portal](Biblio%20Padronizados/Pós%2026112009/arqtotal/12/8/2008.http:/odia.terra.com.br/portal)\>.
Acesso em : 30 set. 2009; Portal Americo.usal.es. Disponível em :
\<[http://americo.usal.es/oir/elites/curriculums](http://americo.usal.es/oir/elites/curriculums)\>.
Acesso em : 30 set. 2009; Portal Correio Web. Disponível em :
\<[http://www2.correio web.com.br](http://www2.correio%20web.com.br/)\>.
Acesso em : 30 set. 2009; Portal da Assembléia Legislativa do Rio de
Janeiro. *Intercâmeras*. Disponível em :
\<[http://alerjln1.alerj.rj.gov.br](http://alerjln1.alerj.rj.gov.br/)\>.
Acesso em : 30 set. 2009; Portal da Câmara dos Deputados. Disponível em
: \<[http://www2.camara.gov.br/
deputados](http://www2.camara.gov.br/%20deputados)\>. Acesso em : 30
set. 2009; Portal do Governo do Estado de São Paulo. Disponível em :
\<[http://www.saopaulo.sp.gov.br](http://www.saopaulo.sp.gov.br/)\>.
Acesso em : 30 set. 2009; Portal Políticos & Políticas. Disponível em :
\<[http://politicos.br101.org/marcelo-itagiba](http://politicos.br101.org/marcelo-itagiba)\>.
Acesso em : 30 set. 2009; *Veja* (online). Disponível em :
\<[http://veja.abril.com.br/vejarj/080502/
perfil.html](http://veja.abril.com.br/vejarj/080502/%20perfil.html)\>.
Acesso em : 30 set. 2009; Wikipédia. Disponível em :
\<[http://pt.wikipedia.
org/wiki/Marcelo\_Itagiba](http://pt.wikipedia.%20org/wiki/Marcelo_Itagiba)\>.
Acesso em : 30 set. 2009.

 
