FONTES: Portal da Câmara dos Deputados. Disponível em: <http:// www.camara.gov.br>. Acesso em 17/11/2009; Portal do jornal Folha de São Paulo. Disponível em: <http://www1.folha.uol.com.br/fsp/>. Acesso em 17/11/2009; Portal do Tribunal Superior Eleitoral. Disponível em: <http://www.tse.jus.br>. Acesso em 21/11/2013.