FONTE:*Folha on line*(22/3/2007; disponível em:
http://www1.folha.uol.com.br/folha/brasil/ult96u90541.shtml; acessado
em: 19/11/2009); MIN. DES. IND. COM. EXT. *Currículo de
Ministros.*(Disponível em:
http://www2.desenvolvimento.gov.br/arquivo/ascom/curriculos/cvMinistro.pdf;
acessado em: 19/11/2009).

 
