FONTES: Portal Alagoas em Tempo Real. Disponível em: <http://www.alemtemporeal.com.br>. Acesso em 15/08/2009; Portal da Câmara dos Deputados. Disponível em: <http://www2.camara.leg.br/>. Acesso em 15/08/2009; Portal da Câmara Municipal de Maceió. Disponível em: <www.camarademaceio.al.gov.br>. Acesso em 06/08/2013; Portal do Centro Sportivo Alagoano. Disponível em: <http://www.centrosportivoalagoano.com>.  Acesso em 06/08/2013; Portal do Governo de Alagoas. Disponível em: <http://www.governo.al.gov.br/>. Acesso em 15/08/2009; Portal do Tribunal Superior Eleitoral. Disponível em:<www.tse.jus.br/> acesso em 15/08/2009 e 06/08/2013.