**FONTES**: Portal da Câmara dos Deputados. Disponível em :
\<[http://www.camara. gov.br](http://www.camara.%20gov.br/)\>. Acesso em
: 20 out. 2009; Portal Plataforma  Lattes. Disponível em : \<[http://
buscatextual.cnpq.br/buscatextual/visualizacv.jsp?id=K4766616H1](http://%20buscatextual.cnpq.br/buscatextual/visualizacv.jsp?id=K4766616H1)\>.
Acesso em : 20 out. 2009.

 
