**FONTES**:*Diário do Aço* (online)  8 ago., 26 out., 18 dez. 2007 e 21
mar. 2009. Disponível em :
\<[http://www.diariodoaco.com.br](http://%20%3cwww.diariodoaco.com.br/)\>.
Acesso em : 13 jun. 2009;*Estado de Minas* (online) 08 abr. 2004.
Disponível em : \<[http://www.estaminas.com.br/em.
html](http://www.estaminas.com.br/em.%20html)\>. Acesso em : 16 jun.
2009;*Folha de S. Paulo* (online) 15 set. 2000 e 01 set. 2005.
Disponível em :
\<[http://www.folha.com.br](http://%20%3cwww.folha.com.br/)\>. Acesso em
: 14 jun. 2009;*Jornal da Câmara* (online) 22 jun. 2006. Disponível em :
\<[http://www2.camara.gov.br/jornal](http://%3cwww2.camara.gov.br/jornal/)\>.
Acesso em : 15 jun. 2009;*O Tempo* (online) 10 ago.2007, 05,12 set.
2008, 10 jan. e 12 abr. 2009. Disponível em :
\<[http://www.otempo.com.br](http://%3cwww.otempo.com.br/)\>. Acesso em
: 13 jun. 2009; Portal  da Assembléia Legislativa do Estado de Minas
Gerais. Disponível em :
\<[http://www.almg.gov.br](http://%20%3cwww.almg.gov.br/)\>. Acesso em :
11 jun. 2009; Portal da Câmara dos Deputados. Disponível em :
\<[http://www.camara.gov.br](Site%20da%20Câmara%20dos%20Deputados%20%3chttp:/www.camara.gov.br)\>.
Acesso em : 05 jun. 2009; Portal da Imprensa Oficial. *Diário Oficial da
União* (25/9/07). Disponível em : \<[http://www.
in.gov.br](http://www.%20in.gov.br/)\>. Acesso em : 15 jun. 2009; Portal
do Governo Brasileiro. Disponível em :
\<[http://www.brasil.gov.br](http://%20%3cwww.brasil.gov.br/)\>. Acesso
em : 12 jun. 2009; Portal do TRE- MG. Disponível em :
\<[http://www.tre-mg.gov.br](http://%20%3cwww.tre-mg.gov.br/)\>. Acesso
em : 11 jun. 2009; Portal Hoje em Dia (1/3/08). Disponível em :
\<[http://ww.hojeemdia.com.br](http://%3cwww.hojeemdia.com.br/)\>.
Acesso em : 16 jun. 2009; Portal Movimento Voto Aberto. Disponível em :
\<[http://www.votoaberto.com.br](http://%20%3cwww.votoaberto.com.br/)\>.
Acesso em : 13 jun. 2009;*Veja* (online) 12, 19, 26 jan., 09, 16, 23
fev. e 28 set. 2005. Disponível em  :
\<[http://veja.abril.com.br/acervodigital\>](http://veja.abril.com.br/acervodigital/).
Acesso em : 11 jun. 2009.

 
