 FONTES: *Site* da Câmara dos Deputados (www2.camara.gov.br); Site do  
Tribunal Superior Eleitoral (TSE)
([www.tse.gov.br](http://www.tse.gov.br/)); *Jornal Paraíba Online*
(paraibaonline.com.br); *Site* Terra Notícias (*Governo PB, eleições
2002)*. Consultas realizadas em 15 de outubro de 2009.

\
 \

 

 

 

 

 
