**FONTES**: CÂM. DEP. *Deputados brasileiros*. Repertório (2007-2011);
*Diário Catarinense* (31/10/08);*Folha de S. Pa**ulo*(5/10/08); Portal
do dep. fed. Décio Lima. Disponível em :
\<http://[www.deciolima.com.br](http://www.deciolima.com.br/)\>; Portal
Porto de Itajaí. Disponível em : \<http://[www.
portoitajai.com.br](http://www.portoitajai.com.br/)\>.
