**FONTES**:*Folha de S.Paulo*(online) 05,08 fev., 18 ago., 07 set. e 23
out. 2006; 14,17 jun., 07,08,24,25,28,30,31 ago. e 01,06,11,13 set.
2007; 29 maio e 14 ago. 2008. Disponível em :
\<[http://www1.folha.uol.com.br](http://www1.folha.uol.com.br/)\>.
Acesso em : 20 ago. 2009;

Portal Supremo Tribunal Federal. Disponível em :
\<[http://www.stf.jus.br](http://www.stf.jus.br/)\>. Acesso em : 20 ago.
2009.

 

 

 

 

     

          

  
