FONTES: Portal da Câmara dos Deputados. Disponível em: <http://www2.camara.leg.br>. Acesso em 10/02/2014; Folha de S.Paulo. Disponível em: <http://folha.com.br>. Acesso em 08/09/2009; Portal do OCB/SESCOOP. Disponível em: <http://www.ocb.org.br>. Acesso em 10/02/2014; Portal do Senado Federal. Disponível em: <http://www6.senado.gov.br>. Acesso em 29/05/2009; Portal do sen. Sibá Machado. Disponível em: <http://www.senado.gov.br/web/senador/sibamachado/>. Acesso em 29/05/2009; Portal do SICOOB. Disponível em: <http://www.sicoob.com.br>. Acesso em 10/02/2014; Portal do Tribunal Superior Eleitoral. Disponível em: <http://www.tse.jus.br/>. Acesso em 19/01/2015.