**FONTES**: *Folha de S.Paulo* (online) 11 jul. 2005 e 16 maio 2008.
Disponível em :
\<[http://www1.folha.uol.com.br](http://www1.folha.uol.com.br/)\>;
Portal CLDF. Disponível em : \<http://www.cl.df. gov.br/cldf\>; Portal
da Câmara dos Deputados. Disponível em : \<http://www2.camara. gov.br\>;
Portal do dep. fed. Magela. Disponível em :
\<[http://www.magela13.com.br/
index.php?option=com\_content&task=view&id=30&Itemid=76](http://www.magela13.com.br/%20index.php?option=com_content&task=view&id=30&Itemid=76)\>.
Acesso em : 18 maio  2009.

 

 

 

 

 
