**FONTES**: Blog Mainha. Disponível em:
\<[http://mainhadf2525.blogspot.com](http://mainhadf2525.blogspot.com/)\>;
Portal da Câmara dos Deputados. Disponível em :
\<[http://www.camara.gov.br](http://www.camara.gov.br/)\>; Portal do
TSE. Disponível em: \<[http://www.tse.gov.br](http://www.tse.gov.br/)\>.

 

 
