**FONTES**: CÂM. DEP*. Deputados brasileiros.*Repertório (1995-1999);
Congresso em Foco. Disponível em:
\<http://congressoemfoco.ig.com.br/Noticia.aspx?id=23032\>. Acesso em:
18 jul. 2009; *Folha de S. Paulo* (31/1/95, 30/1/97, 5/2, 29/9 e
10/10/98); Portal da Câmara dos Deputados. Disponivel em:
\<http://www2.camara.gov.br/internet/depu
tados/biodeputado/index.html?nome=S%C9RGIO+BARRADAS+CARNEIRO&leg=53\>.Acesso
em: 14 ago. 2009.**
