FONTES: CÂM. DEP. Deputados Brasileiros. Repertório (2003-2007); Diário Oficial da União (27/02/2009); Jornal Folha de S. Paulo (20/07/2003 e 7/08/2003); TSE Resultado das eleições (2002 e 2006); Portal do Ministério de Desenvolvimento Social. Disponível em: <http://www.mds.gov.br>. Acesso em 01/10/2009; Portal do Tribunal Superior Eleitoral. Disponível em: <http://www.tse.jus.br>. Acesso em 27/06/2013; Portal da Universidade Federal de Viçosa Teses e Dissertações (2002). Disponível em: <http://www.ufv.br>. Acesso em 01/10/2009; Portal UOL de Notícias. Disponível em: <http://noticias.uol.com.br>. Acesso em 27/06/2013.