**FONTES**: *Folha de S.Paulo* (online) 13 jan. 2006; 21-23 maio 2007;
13 maio e 17,23 dez. 2008. Disponível em :
\<http://www1.folha.uol.com.br\>. Acesso em : 06 jan. 2009; Portal da
Amazônia (8/7/03; 18/5 e 3/10/04; 4/2, 3/3 e 12/11/05). Disponível em :
\<http://portal amazonia.globo.com\>. Acesso em : 06 jan. 2009; Portal
da Câmara dos Deputados. Disponível em : \<http://www2.câmara.gov.br\>.
Acesso  em : 26 dez. 2008; Portal do Ministério do Planejamento,
Orçamento e Gestão (6/2/09). Disponível em : \<[http://
clippingmp.planejamento.gov.br](http://%20clippingmp.planejamento.gov.br);\>.
Acesso em : 21 mar. 2009; Portal do TSE. Disponível em :
\<http://[www.tse.gov.br](http://www.tse.gov.br/)\>. Acesso em : 02 jan.
2009.

 

 

 
