FONTES: CÂM. DEP. Deputados brasileiros. Repertório (1999-2003, 2003-2007, 2007-2011); O Globo (26/10/2008); Portal G1 de Notícias. Disponível em: <http://g1.globo.com>. Acesso em 14/02/2014; Portal Jornal do Brasil. Disponível em: <http://www.jb.com.br/>. Acesso em 19/09/2009; Portal pessoal de Carlito Merss. Disponível em: <http://www.carlito.com.br/>. Acesso em 19/09/2009; Portal da Prefeitura Municipal de Joinville. Disponível em: <http://www.joinville.sc.gov.br/>. Acesso em 19/09/2009; Portal do TCE-SC. Disponível em: <http://www.tce.sc.gov.br/web>. Acesso em 17/02/2014; Portal do Tribunal Superior Eleitoral. Disponível em: <http://www.tse.jus.br>. Acesso em 14/02/2014.