FONTES: Portal Blog da Bel Mesquita. Disponível em: <http://belmesquita.blogspot. com/>. Acesso em 28/10/2008; Portal da Câmara dos Deputados. Disponível em: <http://www2.camara.gov.br>. Acesso em 28/10/2008 e 10/02/2014; Portal do Congresso em Foco. Disponível em: <http://congressoemfoco.uol.com.br>. Acesso em 10/02/2014; Portal Diário do Pará. Disponível em: <http://www.diariodopara.com.br>. Acesso em 28/01/2008; Portal O Liberal. Disponível em: <http://www.orm.com.br/oliberal>. Acesso em 28/01/2008; Portal do Supremo Tribunal Federal. Disponível em: <http://www.stf.jus.br>. Acesso em 10/02/2014; Portal do TSE. Disponível em: <http://www.tse.gov.br>. Acesso em 28/10/2008 e 10/02/2014.