FONTES: Site da Assembléia Legislativa do Tocantins (AL/TO); Wikipédia,
a enciclopédia livre; Site Conexão Tocantins
([www.conexaoto.com.br](http://www.conexaoto.com.br/)); Site do Tribunal
Regional Eleitoral (TER/TO); Site do Tribunal Superior Eleitoral (TSE).
Consultas realizadas em 24 de outubro de 2009.

               
                                                                                                                 
