FONTES: Informações eleitorais, SEADE,
\<http://www.seade.gov.br/produtos/eleicoes/candidatos/index.php\>[http://www.seade.gov.br/produtos/eleicoes/candidatos/index.php?page=pol\_det&cand=73105155872](http://www.seade.gov.br/produtos/eleicoes/candidatos/index.php?page=pol_det&cand=73105155872).
Acessado em 18/11/2009; Procuradoria denuncia à Justica mulher de
Paulinho. Folha de São Paulo, 03/06/2009,
\<[http://www1.folha.uol.com.br/fsp/brasil/fc0306200919.htm\>](http://www1.folha.uol.com.br/fsp/brasil/fc0306200919.htm),
acessado em 18/11/2009 ; Pra defesa, acusação é ‘velha especulação’.
Folha de São Paulo,
03/06/2009.[](http://www1.folha.uol.com.br/fsp/brasil/fc0306200920.htm)[\<http://www1.folha.uol.com.br/fsp/brasil/fc0306200920.htm](http://www1.folha.uol.com.br/fsp/brasil/fc0306200920.htm)\>,
acessado em 18/11/2009 ; Justiça aceita denúncia contra mulher de
Paulinho da Força por lavagem de dinheiro. Folha Online, 15/06/2009:
\<[http://www1.folha.uol.com.br/folha/brasil/ult96u581162.shtml](http://www1.folha.uol.com.br/folha/brasil/ult96u581162.shtml)\>,
acessado em 18/11/2009
;[](http://humbertocapellari.wordpress.com/category/alberto-mourao-psdb-sp/)Arquivo
para Alberto Mourão: Blog Encalhe:
[\<http://humbertocapellari.wordpress.com/category/alberto-mourao-psdb-sp/\>](http://humbertocapellari.wordpress.com/category/alberto-mourao-psdb-sp/).
Acessado em 18/11/2009.

 
