FONTES: CÂM. DEP. Deputados brasileiros (2007-2011); Portal da Câmara dos deputados. Disponível em: <http://www2.camara.gov.br>. Acesso em 02/12/2013. Portal Conexão Tocantis (11/12/2007 e 07/10/2008). Disponível em: <http://conexaoto.com.br>. Acesso em 31/08/2009; Portal do Correio Braziliense (21/05/2006). Disponível em: <http://www.correiobraziliense.com.br>. Acesso em 31/08/2009; Portal da Folha de S. Paulo. Disponível em: <http://www.folha.uol.com.br> Acesso em 31/08/2009; Portal pessoal do dep. fed. Rodrigo Rollemberg. Disponível em: <http://www.rollemberg.com.br>. Acesso em 31/08/2009; Portal da Secretaria da Comunicação do Estado do Tocantins (26/04/2004 e 02/02/2005). Disponível em: <http://web.secom.to.gov.br>. Acesso em: 31/08/2009; Portal da Tribuna do Planalto (04/08/2009). Disponível em: <http://www.tribunadoplanalto.com.br>. Acesso em 31/08/2009; Portal do Tribunal Superior Eleitoral. Disponível em: <http://www.tse.jus.br>. Acesso em 02/12/2013,