**FONTES**: *Folha de S.Paulo* (online) 06 set. 2006 e10 fev. 2007.
Disponível em : \<[http://
www1.folha.uol.com.br/fsp/brasil/fc1002200710.htm](http://%20www1.folha.uol.com.br/fsp/brasil/fc1002200710.htm)\>.
Acesso em : 19 fev. e 05 mar. 2009; Portal da Câmara dos Deputados.
Disponível em : \<[http://www2.camara.gov.br/
deputados/index.html/loadFrame.html](http://www2.camara.gov.br/%20deputados/index.html/loadFrame.html)\>.
Acesso em : 13 fev. 2009; Portal Direito2. Disponível em :
\<[http://www.direito2.com.br/acam/2006/out/19/conheca-a-acusacao-com
tra-agnaldo-muniz-e-sua-defesa](http://www.direito2.com.br/acam/2006/out/19/conheca-a-acusacao-concom%20tra-agnaldo-muniz-e-sua-defesa)\>.
Acesso em : 19 fev. 2009; Portal do PP. Disponível em :
\<[http://www.pp.org.br/003/00301009.asp?ttCD\_CHAVE=60252](http://www.pp.org.br/003/00301009.asp?ttCD_CHAVE=60252)\>.
Acesso em : 19 fev. 2009; Portal do TRE-RO. Disponível em :
\<[http://www.tre-ro.gov.br/trenet/eleicao
2006/resultado/site/estadual.html\#dep\_federal](http://www.tre-ro.gov.br/trenet/eleicao%202006/resultado/site/estadual.html#dep_federal)\>.
Acesso em : 19 fev. 2009.

 

 

 
