FONTES: Correio Braziliense(8/6/09); Época (online);Gazeta
Mercantil(22/3, 4/9, 14/12/00); Jornal da
Câmara(28/11/00);[Observatório da Imprensa
(5/6/00](http://www.observatoriodaimprensa.com.br/cadernos/cid05062000.htm));Olho
no voto/Folha de S.Paulo(27/7/02); Portal da Assembléia Legislativa
do Estado do Rio de Janeiro. Disponível em :
\<http://[www.alerj.rj.gov.br](http://www.alerj.rj.gov.br/)\>; Portal da
Câmara dos Deputados. Disponível em :
\<http://[www.camara.gov.br](http://www.camara.gov.br/)\>; Portal do
Senado Federal. Relatório.  Disponível em :
\<[http://www.senado.gov.br/web/relatorios/cpi/Sanguessugas/Anexos/
Depoimentos/Darci/interrogatorio-2%20(21.07.06)%20cont..pdf](http://www.senado.gov.br/web/relatorios/cpi/Sanguessugas/Anexos/%20Depoimentos/Darci/interrogatorio-2%20(21.07.06)%20cont..pdf)\>;Tribuna
do Planalto(20/10/07); Veja(26/7/06).

 

 
