**FONTES**: Portal da Câmara dos Deputados. Disponível em :
\<[http://www.camara.gov.
br/Internet/deputado/Dep\_Detalhe.asp?id=524792](http://www.camara.gov.%20br/Internet/deputado/Dep_Detalhe.asp?id=524792)\>.
Acesso em : 01 nov. 2009; Site Edigar Mão Branca. Disponível em
\<[http://www.edigarmaobranca.com.br/](http://www.edigarmaobranca.com.br/)\>.
Acesso em : 01 nov. 2009; *Tribuna da* *Conquista*. Disponível em :
\<http://www.tribunada conquista.com.br/v1/tag/edgar-mao-branca\>.
Acesso em : 01 nov. 2009.

 
