FONTES: CÂM. DEP. Deputados brasileiros. Repertório (2007-2011); Folha de S. Paulo (10/10/2007). Portal da Câmara dos Deputados. Disponível em: <http://www.camara.gov.br/>. Acesso em 15/10/2013; Portal pessoal de Valtenir Pereira. Disponível em: <http://www.valtenirpereira.com.br>. Acesso em 15/10/2013; Portal do Tribunal Superior Eleitoral. Disponível em: <http://www.tse.jus.br>. Acesso em 15/10/2013.