FONTES: Portal da Assembleia Legislativa de Minas Gerais. Disponível em: <http://www.almg.gov.br/>. Acesso em 12/10/2013; Portal da Câmara dos Deputados. Disponível em: <http://www2.camara.leg.br>. Acesso em 12/10/2013; Portal do jornal Folha de São Paulo. Disponível em: <http://www.folha.uol.com.br>. Acesso em 12/10/2013; Portal do Senado Federal. Disponível em: <http://www.senado.gov.br>. Acesso em 12/10/2013; Portal do Tribunal Superior Eleitoral. Disponível em: <http://www.tse.jus.br>. Acesso em 12/10/2013.