**FONTES**: Portal Aprendiz (21/5/06). Disponível em :
\<[http://aprendiz.uol.com.br/
content/spospeuisp.mmp](http://aprendiz.uol.com.br/%20content/spospeuisp.mmp)\>.
Acesso em : 26 out. 2009; Portal da Câmara dos Deputados. Disponível em
:
\<[http://www2.camara.gov.br/deputados](http://www2.camaraamara.gov.br/deputados)\>.
Acesso em : 26 out. 2009; Portal do  PR. Disponível em :
\<[http://www.partidodarepublica.org.br/pr22/
NOTICIAS\_LIBERAIS\_2005/noticias\_2006\_652.html](http://www.partidodarepublica.org.br/pr22/%20NOTICIAS_LIBERAIS_2005/noticias_2006_652.html)\>.
Acesso em : 26 out. 2009; Portal Lists. Indymedia. Disponível em :
\<[http://lists.indymedia.org/pipermail/cmi-goiania/2004-August/0817-i2.htmlvisto](http://lists.indymedia.org/pipermail/cmi-goiania/2004-August/0817-i2.htmlvisto)\>.
Acesso em : 31 outubro 2009; Portal Movimento Voto Livre. Disponível em
: \<[http://movimentovotolivre.multiply.
com/photos/album/41/65\_ex-DepFed.voto\_livre\#photo=5.jpg](http://movimentovotolivre.multiply.%20com/photos/album/41/65_ex-DepFed.voto_livre#photo=5.jpg)\>.
Acesso em : 26 out. 2009;**Portal Overmundo (20/5/06). Disponível em :
\<****[http://www.overmundo.com.br/blogs/
comissao-aprova-veiculacao-de-cultura-indigena-na-tv-brasiliadf](http://www.overmundo.com.br/blogs/%20comissao-aprova-veiculacao-de-cultura-indigena-na-tv-brasiliadf)****\>****.
Acesso em : 26 out. 2009;** Portal Pró-Vida de Anápolis. *Votação da
destruição de e**mbriões humanos*: art. 5º do Projeto de Lei 2401/2003.
Disponível em :
\<[http://www.providaanapolis.org.br/votobios.doc](http://www.providaanapolis.org.br/votobios.doc)\>.
Acesso em : 29 out. 2009; Portal Renctas. *CPITRAFI – Relatório*.
Disponível em :
\<[http://www.renctas.org.br/files/rel\_fin\_cpitrafi\_01\_doc.doc](http://www.renctas.org.br/files/rel_fin_cpitrafi_01_doc.doc)\>.
Acesso em : 26 out. 2009; Portal Século Diário (7/1/05). Disponível em :
\<[http://www.seculodiario.com.br/
arquivo/2005/janeiro/07/noticiario/politica/07\_01\_04.asp](http://www.seculodiario.com.br/%20arquivo/2005/janeiro/07/noticiario/politica/07_01_04.asp)\>.
Acesso em : 26 out. 2009; Portal Sua Cara. Disponível em :
\<[http://www.suacara.com/c\_l\_t.htm](http://www.suacara.com/c_l_t.htm)\>.
Acesso em : 30 out. 2009.

 

 

 

 

 

** **

 

 

** **

 

 

** **

 

 

 

 
