FONTES: Portal da Folha de S.Paulo. Disponível em: <http:// www.folha.uol.com.br>; Portal  do Globo. Disponível em: <http://oglobo.globo.com/pais/>; Portal Americo.usal.es. Disponível em: <http://americo.usal.es/oir/Elites/curriculums/Brasil/2007-2011/Leonardo Carneiro Montei ro_Picciani.pdf>; Portal da Câmara dos Deputados. Disponível em: <http://www2.camara.gov.br/deputados>; acesso em 10/06/2014. Portal do dep. fed. Leonardo Picciani. Disponível em: <http://www.leonardopicciani.com.br>; Portal Fazenda Ventania. Disponível em: <http://devel.willpower.art.br/nelorio>; Portal Repórter Brasil (11/9/06; 14/2/07). Disponível em : <http://www.reporterbrasil.org.br/> e <http://www.reporterbrasil.org.br/>; Portal Políticos & Políticas. Disponível em: <http://politicos.br101.org/leonardo-picciani>; Site Jorge Picciani. Disponível em : <http://www.jorge picciani.com.br>. Portal do Tribunal Superior Eleitoral. Disponível em: <http://www.tse.jus.br/ > acesso em 10/06/2014.