**FONTE**: Portal da Câmara dos Deputados. *Biografia.*Disponível em :
\<[http://www2.
camara.gov.br/internet/deputados/biodeputado/index.html?nome=PAULO+PIAU&leg=53](http://www2.%20camara.gov.br/internet/deputados/biodeputado/index.html?nome=PAULO+PIAU&leg=53)\>.
Acesso em : 29 set. 2009.

 

 

 
