**FONTES**: *Estado de S.Paulo* (online) 24 jun. 2009. Disponível em :
\<[http://www.
estadao.com.br/nacional/not\_nac392337,0.htm](http://www.%20estadao.com.br/nacional/not_nac392337,0.htm)\>.
Acesso em : 14 set. 2009; *Globo* (online) 04 set. 2008. Disponível em :
\<[http://oglobo.globo.com/pais/eleicoes2008/mat/2008/09/
04/tse\_garotinho\_rosinha\_geraldo\_pudim\_nao\_sao\_inelegiveis-548088347.asp](http://oglobo.globo.com/pais/eleicoes2008/mat/2008/09/%2004/tse_garotinho_rosinha_geraldo_pudim_nao_sao_inelegiveis-548088347.asp)\>.
Acesso em : 14 set. 2009; Portal da Câmara dos Deputados. Disponível em
: \<[http://www2.
camara.gov.br/internet/deputados/biodeputado/index.html?nome=GERALDO+PUDIM&leg=53](http://www2.%20camara.gov.br/internet/deputados/biodeputado/index.html?nome=GERALDO+PUDIM&leg=53)\>.
Acesso em : 14 set. 2009.

 
