FONTES: Portal da Câmara dos Deputados. Disponível em: <http://www2.camara.leg.br>. Acesso em 12/07/2013; Portal da Câmara Legislativa do Distrito Federal. Disponível em: <http://www.cl.df.gov.br>. Acesso em 12/07/2013; Portal JusBrasil. Disponível em: http://www.jusbrasil.com.br. Acesso em 12/07/2013; Portal do Partido Renovador Trabalhista Brasileiro. Disponível em: <http://prtb.org.br>. Acesso em 12/07/2013; Portal do Tribunal de Contas do Distrito Federal. Disponível em: <http://www.tc.df.gov.br>. Acesso em 12/07/2013; Portal do Tribunal Superior Eleitoral. Disponível em: <http://www.tse.jus.br>. Acesso em 12/07/2013; Portal do Superior Tribunal de Justiça. Disponível em: <www.stj.gov.br>. Acesso em 12/07/2013.