FONTES:
[http://www2.camara.gov.br/deputados/index.html/loadFrame.html](http://www2.camara.gov.br/deputados/index.html/loadFrame.html)
acesso em 30/9/09;
[http://www.tse.gov.br/internet/eleicoes/2006/result\_blank.htm](http://www.tse.gov.br/internet/eleicoes/2006/result_blank.htm)
acesso em 30/9/09.

[http://www.diap.org.br/](http://www.diap.org.br/) acesso em 30/9/09.
