FONTES: Portal da Câmara dos Deputados. Disponível em: <http://www.camara.gov.br/>. Acesso em 11/09/2009; Portal da Câmara de Vereadores de Goytacazes. Disponível em: <http://www.camaracampos.rj.gov.br/>. Acesso em 11/09/2009; Portal Congresso em Foco. Disponível em <http://congressoemfoco.ig.com.br/>. Acesso em 11/09/2009; Portal do jornal Folha de São Paulo. Disponível em: <http://www1.folha.uol.com.br/>. Acesso em 11/09/2009; Portal do Partido Republicano Brasileiro. Disponível em: <http://www.prb10.org.br>. Acesso em 26/08/2013; Portal Radio-agencia. Disponível em: <http://www.radioagencianp.com.br>. Acesso em 11/09/2009; Portal do Tribunal Superior Eleitoral. Disponível em: <http://www.tse.jus.br>. Acesso em 26/08/2013.