FONTES: Folha de S. Paulo (29/11/2006); Portal da Câmara dos Deputados. Disponível em: <http://www.camara.gov.br/>. Acesso em 23/03/2009 e 12/08/2014; Portal pessoal do dep. fed. Zezéu Ribeiro. Disponível em: <http://www.zezeu.com.br>. Acesso em 23/03/2009; Portal do Tribunal Superior Eleitoral. Disponível em: <http://www.tse.jus.br/>. Acesso em 12/08/2014; Portal do Tribunal de Contas do Estado da Bahia. Disponível em: <http://www.tce.ba.gov.br/>. Acesso em 12/08/2014.