FONTES: Portal da Câmara dos Deputados. Disponível em: <http://www.camara.gov.br>. Acesso em 13/09/2009 e 20/11/2013; Portal do MPF. Disponível em: <http://www.mpf.mp.br>. Acesso em 20/11/2013; Portal do PSDB. Disponível em: <http://www.psdb.org.br>. Acesso em 30/09/2009; Portal Roraima em Foco. Disponível em: <http://www.roraimaemfoco.com>. Acesso em 30/09/2009; Portal Transparência Brasil – Excelências. Disponível em: <http://www.excelencias.org.br>. Acesso em 30/09/2009. Portal do Tribunal Superior Eleitoral. Disponível em: <www.tse.jus.br/>. Acesso em 20/11/2013. 