FONTES: Portal Brasil Rádio News. Disponível em: <http://www.aminharadio.com/radio>. Acesso em 05/10/2009; Portal Câmara dos Deputados. Disponível em: <http://www2.camara.leg.br>. Acesso em 05/10/2009; Portal Congresso em foco. Disponível em: <http://congressoemfoco.uol.com.br>. Acesso em 05/10/2009; Portal Correio Braziliense. Disponível em: <http://www.correiobraziliense.com.br>. Acesso em 05/10/2009; Portal Correio Web. Disponível em: <http://www2.correioweb.com.br>. Acesso em 05/10/2009; Portal Federação Nacional dos Jornalistas. Disponível em: <http://www.fenaj.org.br>. Acesso em 05/10/2009; Portal Folha de S. Paulo. Disponível em: <http://www1.folha.uol.com.br>. Acesso em 05/10/2009; Portal G1 de Notícias. Disponível em: <http://g1.globo.com>. Acesso em 02/10/2013;