FONTES: Portal da Assembléia Legislativa do Estado de Goiás. Disponível em: <http://www.assembleia.go.gov.br>. Acesso em 10/09/2009; Portal da Câmara dos Deputados. Disponível em: <http://www.camara.gov.br>. Acesso em 10/09/2009 e 17/12/2013; Portal da Juventude. Disponível em <http://www.juventude.gov.br>. Acesso em 10/09/2009; Portal pessoal de Sandes Júnior. Disponível em <http://www.sandesjunior.com>. Acesso em 10/09/2009; Portal do Tribunal Superior Eleitoral. Disponível em:  <http://www.tse.jus.br>. Acesso em 17/12/2013; Portal UOL Eleições. Disponível em: <http://eleicoes.uol.com.br>. Acesso em 10/09/2009.