Fontes:

[http://www.presidencia.gov.br/estrutura\_presidencia/seppir/ministra/biografia/](http://www.presidencia.gov.br/estrutura_presidencia/seppir/ministra/biografia/)

[http://ultimosegundo.ig.com.br/eleicoes/rio\_de\_janeiro/noticias/2008/10/02/veja\_quem\_mais\_falta\_na\_camara\_municipal\_do\_rio\_1967865.html](http://ultimosegundo.ig.com.br/eleicoes/rio_de_janeiro/noticias/2008/10/02/veja_quem_mais_falta_na_camara_municipal_do_rio_1967865.html)

 

 

 

 

 
