**FONTES**:*Estado de S.Paulo* (online) 24 ago. 2006. Disponível em :
\<[http://www.
estadao.com.br/arquivo/cidades/2006/not20060824p29658.htm](http://www.%20estadao.com.br/arquivo/cidades/2006/not20060824p29658.htm)\>.
Acesso em : 21 set. 2009;*Folha de S.Paulo* (online) 21 mar. 2007.
Disponível em : \<[http://www1.
folha.uol.com.br/folha/brasil/ult96u90486.shtml](http://www1.%20folha.uol.com.br/folha/brasil/ult96u90486.shtml)\>.
Acesso em : 21 set. 2009; Portal Arquidiocese de Nossa Senhora
Aparecida. Disponível em : \<[http://www.arquidio
ceseaparecida.org.br/index.php?id\_pagina=13&id\_noticia=166](http://www.arquidio%20ceseaparecida.org.br/index.php?id_pagina=13&id_noticia=166)\>.
Acesso em : 21 set. 2009; Portal Arquidiocese de São Paulo. Disponível
em :
\<[http://www.arquidiocese-sp.org.br/arcebispo.htm](http://www.arquidiocese-sp.org.br/arcebispo.htm)\>.
Acesso em : 21 set. 2009; Portal CNBB – Conferência Nacional dos Bispos
do Brasil. Disponível em : \<[http://www.cnbb.org.br/bispos/visual/
index.php?nome=Odilo+Pedro+Scherer&diocese](http://www.cnbb.org.br/bispos/visual/%20index.php?nome=Odilo+Pedro+Scherer&diocese)\>.
Acesso em : 21 set. 2009; Portal Direito2. Disponível em :
\<[http://www.direito2.com.br/asen/2007/nov/26/alvaro-dias-sauda-sagracao-de-dom-odilo-scherer-como-cardeal](http://www.direito2.com.br/asen/2007/nov/26/alvaro-dias-sauda-sagracao-de-dom-odilo-scherer-como-cardeal)\>.
Acesso em : 21 set. 2009;*Notícias – Boletim Semanal da CNBB*
(jun./2008). Disponível em : \<[http://www.
cnbb.org.br/ns/modules/mastop\_publish/files/files\_48a1cea30d811.pdf](http://www.%20cnbb.org.br/ns/modules/mastop_publish/files/files_48a1cea30d811.pdf)\>.
Acesso em : 21 set. 2009; UOL News (15/5/06). Disponível em :
\<[http://noticias.uol.com.br/
uolnews/brasil/2006/05/15/ult2492u198.jhtm](http://noticias.uol.com.br/%20uolnews/brasil/2006/05/15/ult2492u198.jhtm)\>.
Acesso em : 21 set. 2009.
