Fontes:

[http://www.cnbb.org.br/bispos/visual/index.php?nome=Scheid&diocese](http://www.cnbb.org.br/bispos/visual/index.php?nome=Scheid&diocese)=
(Data de acesso: 21.09.2009)

[http://noticias.cancaonova.com/noticia.php?id=6852](http://noticias.cancaonova.com/noticia.php?id=6852)
(Data de acesso: 21.09.2009)

[http://arquifln.org.br/lenoticia.php?codigo=299](http://arquifln.org.br/lenoticia.php?codigo=299)
(Data de acesso: 21.09.2009)

[http://www.arquidiocese.org.br/cgi/cgilua.exe/sys/start.htm?sid=317](http://www.arquidiocese.org.br/cgi/cgilua.exe/sys/start.htm?sid=317)
(Data de acesso: 21.09.2009)

[http://www1.folha.uol.com.br/folha/brasil/ult96u22730.shtml](http://www1.folha.uol.com.br/folha/brasil/ult96u22730.shtml)
(Data de acesso: 21.09.2009)

[http://www.cnbbsul1.org.br/index.php?link=news/read.php&id=5169](http://www.cnbbsul1.org.br/index.php?link=news/read.php&id=5169)
(Data de acesso: 21.09.2009)

[http://www1.folha.uol.com.br/folha/cotidiano/ult95u37467.shtml](http://www1.folha.uol.com.br/folha/cotidiano/ult95u37467.shtml)
(Data de acesso: 21.09.2009)

[http://pucriodigital.com.pucrio.br/cgi/cgilua.exe/sys/start.htm?sid=13&infoid=351](http://pucriodigital.com.pucrio.br/cgi/cgilua.exe/sys/start.htm?sid=13&infoid=351)
(Data de acesso: 21.09.2009)

[http://www.acidigital.com/Cardeais/SCHEID.htm](http://www.acidigital.com/Cardeais/SCHEID.htm)
(Data de acesso: 21.09.2009)

[http://www.cardinalrating.com/cardinal\_96\_\_article\_1004.htm](http://www.cardinalrating.com/cardinal_96__article_1004.htm)
(Data de acesso: 21.09.2009)

[http://www.terra.com.br/istoe/1670/brasil/1670\_revolucao\_pastoral.htm](http://www.terra.com.br/istoe/1670/brasil/1670_revolucao_pastoral.htm)
(Data de acesso: 21.09.2009)

[http://www.pjestigmatina.com/correio\_daPJEst/paginas/2007/16.html](http://www.pjestigmatina.com/correio_daPJEst/paginas/2007/16.html)
(Data de acesso: 5.10.2009)

[http://veja.abril.com.br/130405/p\_086.html](http://veja.abril.com.br/130405/p_086.html)
acesso em 15/10/09

[http://odia.terra.com.br/rio/htm/saida\_de\_d\_eusebio\_scheid\_da\_arquidiocese\_foi\_antecipada\_204810.asp](http://odia.terra.com.br/rio/htm/saida_de_d_eusebio_scheid_da_arquidiocese_foi_antecipada_204810.asp)
acesso em 15/10/09

[http://youpode.com.br/blog/alguemmedisse/tag/dom-eusebio-scheid/](http://youpode.com.br/blog/alguemmedisse/tag/dom-eusebio-scheid/)
acesso em 15/10/09
