**FONTES**: CÂM. DEP. *Deputados brasileiros. Repertório*(1995-1999);
*Estado de S. Paulo*(14/10/93, 7/6/98); *Folha de S. Paulo* (18/9/94,
14/1/96); *Globo*(2/9, 30/11/96); *Jornal do Brasil*(28/1, 24/5, 20/11,
21/12/96, 16/1, 21/7/97); Portal CLDF. Disponível em :
\<http://www.cl.gov.br\>; Portal da Câmara dos Deputados. Disponível em
: \<http://www2.camara.gov.br\>.

 

 

 
