FONTES: Portal da Câmara dos Deputados. Disponível em: <www2.camara.gov.br>. Acesso em 26/12/2013; Portal CLDF. Disponível em: <http://www.cl.df.gov.br>. Acesso em 26/12/2013; Portal do Estado de S.Paulo. Disponível em: <http://www.estadao.com.br>. Acesso em 26/12/2013. Portal Folha de S. Paulo. Disponível em: <http://www.folha.uol.com.br>. Acesso em 26/12/2013. Portal globo.com. Dissponível em: <http://www.globo.com>. Acesso em 26/12/2013; Portal Jornal do Brasil. Disponível em: <http://www.jb.com.br/capa>. Acesso em 26/12/2013; Portal da ONG Contas Abertas. Disponível em: <http://www.contasabertas.org/>. Acesso em 26/12/2013; Portal do Tribunal Superior Eleitoral. Disponível em: <http://www.tse.jus.br>. Acesso em 26/12/2013.