**FONTES**: *Folha de Londrina* (2/12/06); *Folha de S. Paulo* (27/1/05
e 2/12/06); Portal da Câmara dos Deputados. Disponível em :
\<http://www.camara.gov.br\>; Portal do PPS. Disponível em :
\<http://[http://portal.pps.org.br/](http://portal.pps.org.br/)\>;
Portal DNIT (12/5/04). Disponível em :
\<[http://www.dnit.gov.br](http://www.dnit.gov.br/)\>.

 
