FONTES: Portal da Câmara dos Deputados. Disponível em: <http://www2.camara.gov.br>. Acesso em 30/10/2013; Portal DNIT. Disponível em <http://www.dnit.gov.br>. Acesso em 12/05/2004; Portal do jornal Folha de Londrina. Disponível: <http://www.folhaweb.com.br>. Acesso em 30/10/2013; Portal do jornal Folha de São Paulo. Disponível em: <http://www.folha.uol.com.br>. Acesso em 30/12/2013;


Portal do Partido Popular Socialista. Disponível em: <http://http://portal.pps.org.br/>. Acesso em 30/12/2013; Portal do Partido Social Democrático. Disponível em: <http://psdcamara.org.br>. Acesso em 30/10/2013; Portal do Supremo Tribunal Federal. Disponível em: <http://www.stf.jus.br>. Acesso em 30/10/2013.
