FONTES: Folha S. Paulo (09/10/2002, 10/08/2003, 23/06/2004, 2/03/2005, 17/03/2005, 02/10/2006, 22/10/2006, 20/09/2006, 10/10/2007 e 11/06/2008); Portal da Câmara dos Deputados. Disponível em: <http://www.camara.gov.br/>. Acesso em 11/09/2014; Portal Estado de São Paulo. Disponível em: <http://www.estadao.com.br/>. Acesso em 11/09/2014; Portal da Folha de S. Paulo. Disponível em: <http://www1.folha.uol.com.br>. Acesso em 05/01/2009; Portal G1 de Notícias. Disponível em: <http://g1.globo.com/> Acesso em 15/01/2009; Portal Tribuna da Bahia. Disponível em: <http://www.tribunadabahia.com.br/>. Acesso em 09/09/2014; Portal do Tribunal Superior Eleitoral. Disponível em: <http://www.tse.jus.br/>. Acesso em 11/09/2014.