FONTES: Portal da Câmara dos Deputados
([http://www2.camara.gov.br/](http://www2.camara.gov.br/); acessado em
25/02/2009); Portal Congresso em Foco
([http://congressoemfoco.ig.com.br/](http://congressoemfoco.ig.com.br/);
acessado em 28/02/2009); Portal do Jornal *Folha de São
Paulo*([http://www.folha.uol.com.br/](http://www.folha.uol.com.br/);
acessado em 27/02/2009); Portal do Jornal *O
mossoroense**                                                   *([http://www2.uol.com.br/omossoroense/](http://www2.uol.com.br/omossoroense/);
acessado em 27/02/2009); Portal do Jornal *Tribuna do
Norte*([http://tribunadonorte.com.br/](http://tribunadonorte.com.br/);
acessado em 28/02/2009); Portal do Ministério da Cultura
([http://www.cultura.gov.br/](http://www.cultura.gov.br/); acessado em
28/02/2009); Portal Terra
([http://noticias.terra.com.br/](http://noticias.terra.com.br/);
acessado em 27/02/2009); Portal do Tribunal Regional Eleitoral do Rio
Grande do Norte ([http://www.tre-rn.gov.br/](http://www.tre-rn.gov.br/);
acessado em 25/02/2009).****
