FONTES: Jornal Folha de S. Paulo (06/10/2002, 10/09/2003, 30/10/2004, 05/11/2004, 12/05/2006); Portal da Câmara dos Deputados. Disponível em: <http://www.camara.gov.br>. Acesso 03/09/2009; Portal do Gabinete Civil do Estado de Alagoas. Disponível em: <http://www.gabinetecivil.al.gov.br>. Acesso em 03/07/2009 e 13/06/2013; Portal do jornal Sertão 24 horas. Disponível em: <http://sertao24horas.com.br/site>. Acesso em 27/06/2008; Portal do TSE. Eleição 2008 - divulgação de registro de candidaturas. Disponível em: <http://www.tse.jus.br/>. Acesso em 03/09/2009; Portal Uol eleições. Disponível em: <http://eleicoes.uol.com.br/2012/candidatos/2012/prefeito/al/27041957-rogerio-teofilo.htm>> Acesso em 13/06/2013.