FONTES: Portal da Assembleia Legislativa de Minas Gerais. Disponível em: <www.almg.gov.br>. Acesso em 17/10/2009; Portal da Câmara dos Deputados. Disponível em: <www.camara.gov.br>. Acesso em 17/10/2009; Portal Currículo Lattes <http://lattes.cnpq.br/5341426744152871>. Acesso em 04/06/2013; Portal do Partido Vede de Minas Gerais. Disponível em: <http://pvmg.org.br/institucional/executiva-estadual>. Acesso em 04/06/2013; Portal da Prefeitura de BH. Disponível em: <www.pbh.gov.br>. Acesso em 17/10/2009.