**FONTES**: *Folha de S.Paulo* (online). Disponível em : \<http://
[www.folha.com.br](http://www.folha.com.br/)\>. Acesso em : 03 nov.
2008; Portal da Câmara dos Deputados. Disponível em : \<[http://www2.
camara.gov.br](http://www2.%20camara.gov.br/)\>. Acesso em : 03 nov.
2008; Portal do PR. Disponível em : \<[http://www.
partidodarepublica.org.br](http://www.%20partidodarepublica.org.br/)\>.
Acesso em : 03 nov. 2008.
