FONTES: Portal da Câmara dos Deputados. Disponível em: <http://www.câmara.gov.br>. Acesso em 26/06/2009; Portal do Jornal Capital News. Disponível em: <http://www.capitalnews.com.br>. Acesso em 26/06/2009; Portal do Jornal Conesul News (12/6/06). Disponível em: <http://www.conesulnews.com.br>. Acesso em 26/06/2009; Portal do Jornal Folha de S. Paulo 08/07/2007. Disponível em: <http://www1. folha.uol.com.br>. Acesso em 26/06/2009; Portal do Jornal Notícias MS (26/6/06). Disponível em: <http://www.noticias.ms.gov.br>. Acesso em 26/06/2009; Portal da Prefeitura de Dourados. Disponível em: http://www.dourados.ms.gov.br/. Acesso em 26/06/2009; Portal pessoal de Murilo Zauith. Disponível em: <http://www.murilo.com.br>. Acesso em: 26/06/2009.