**FONTES:** *Folha de S.Paulo* (online) 17 jun. 2009. Disponível em: \<
http://www1.folha.uol.com.br

[/](http://www1.folha.uol.com.br/)folha/brasil/ult96u582646.shtml\>.
Acesso em: 12 out. 2009; Portal ANJ. Disponível em:
\<http://www[.](http://www.anj/)anj[.](http://www.anj.org.br/)org.br\>.
Acesso em: 12 out. 2009.
