**Fontes:**

Disponível em
[http://www.tesouro.fazenda.gov.br/hp/lei\_responsabilidade\_fiscal.asp
- Acesso em
12/08/2009](http://www.tesouro.fazenda.gov.br/hp/lei_responsabilidade_fiscal.asp%20-%20Acesso%20em%2012/08/2009).

Disponível em
http://www.tesouro.fazenda.gov.br/hp/downloads/EntendendoLRF.pdf -
Acesso em 12/08/2009

Disponível em
http://www.senado.gov.br/web/cegraf/ril/Pdf/pdf\_146/r146-07.pdf -
Acesso em 12/08/2009.
