FONTES:

 [http://portalctb.org.br/](http://portalctb.org.br/)  - acessado em
03/11/2009;
[http://www.psbnacional.org.br](http://www.psbnacional.org.br/)  -
acessado em 03/11/2009; [http://www.mte.gov.br/](http://www.mte.gov.br/)
- acessado em 07/11/2009; Revista Teoria e Debate, Nº 74, Fundação
Perseu Abramo: SP, 2007.

 

** **
