**FONTES**: *A Tribuna Mato**Grosso* (online) 06 jan. 2007. Disponível
em :
\<http://www.atribunamt.com.br/2007/01/maggi-pede-desfiliacao-do-pps\>;
G1. Portal de Notícias da Globo. Disponível em :
\<[http://g1.globo.com/Noticias/Politica/0,,AA13167
83-5601,00.html](http://g1.globo.com/Noticias/Politica/0,,AA13167%2083-5601,00.html)\>;
G1. Portal de Notícias da Globo (24/3/07). Disponível em :
\<[http://g1.globo.com/Noticias/Politica/0,,MUL13940-5601,00.html](http://g1.globo.com/Noticias/Politica/0,,MUL13940-5601,00.html)\>;
Portal da Câmara dos Deputados. Disponível em :
\<[http://www2.camara.gov.br/deputados/posse.
html](http://www2.camara.gov.br/deputados/posse.%20html)\>; Portal do
PR. Disponível em : \<[http://www.partidodarepublica.org.br/PR22/NOTI
CIAS\_LIBERAIS\_2005/noticias\_2006\_759.html](http://www.partidodarepublica.org.br/PR22/NOTI%20CIAS_LIBERAIS_2005/noticias_2006_759.html)\>;
Portal do TSE. *Diário da Justiça Eletrônico*. Disponível em :
\<[http://www.tse.gov.br/sadJudDiarioDeJustica
Consulta/](http://www.tse.gov.br/sadJudDiarioDeJustica%20Consulta/)\>;
Portal do TSE. *Partidos políticos registrados*. Disponível em :
\<[http://www.tse.gov.br/
internet/partidos/partidos\_politicos/pr.htm](http://www.tse.gov.br/%20internet/partidos/partidos_politicos/pr.htm)\>;
Portal Imprensa Nacional. *Visualização dos jornais oficiais*.
Disponível em : \<[http://www.in.gov.br/imprensa/visualiza/index.
jsp?jornal=4&pagina=137&data=12/02/2007](http://www.in.gov.br/imprensa/visualiza/index.%20jsp?jornal=4&pagina=137&data=12/02/2007)\>.

 

 

 

 

 

 

 

 
