FONTES: Antunes, Ricardo (1991). *O novo sindicalismo*. São Paulo,
Brasil Urgente; Rodrigues, L. Martins (1991). As tendências políticas na
formação das centrais sindicais. In Armando Boito Jr. (org.), *O
sindicalismo Brasileiro nos anos 80*. Rio de Janeiro, Paz e Terra;
Revista Teoria e Debate, Nº 74, Fundação Perseu Abramo: SP, 2007;
http://www.mte.gov.br/ - acessado em 08/11/2009.

 

 

 
