Fontes: Portal da Câmara dos Deputados, disponível em: <http://www2.camara.leg.br/>. Acesso em 22/09/2013; Portal de notícias Clic RBS. Disponível em: <http://wp.clicrbs.com.br/>. Acesso em 22/09/2013. Portal do Tribunal Superior Eleitoral. Disponível em: <http://www.tse.jus.br/>. Acesso em 22/09/2013; Portal do jornal Zero Hora. Disponível em: http://zerohora.clicrbs.com.br/rs/politica>. Acesso em 22/09/2013. 