FONTES: Portal da Câmara dos Deputados. Disponível em: <http://www2.camara.leg.br>. Acesso em 01/10/2014; Portal Estado de São Paulo. Disponível em: http://www.estadao.com.br. Acesso em 01/10/2014; Portal do Supremo Tribunal Federal. Disponível em: <http://www.stf.jus.br/portal/principal/principal.asp>. Acesso 01/10/2014.  