FONTES: Currítulo lattes. Disponível em http://lattes.cnpq.br/4827837839716898, acesso em 29 set. 2014. Portal STM. Biografia da ministra. Disponível em http://www.stm.jus.br/institucional/biografia-ministros/ministra-dra-maria-elizabeth-guimaraes-teixeira-rocha, acesso em 29 set. 2014. Portal STM, 16 jun. 2014. Disponível em http://www.stm.jus.br/publicacoes/noticias/noticias-de-2014/ministra-maria-elizabeth-e-a-nova-presidente-do-stm, acesso em 29 set. 2014. Folha de São Paulo (online), 16 jun. 2014. Disponível em http://www1.folha.uol.com.br/poder/2014/06/1471469-presidente-do-stm-defende-igualdade-de-direitos-para-militar-homossexual.shtml, acesso em 29 set. 2014. Senado Federal, Mensagem nº 4, de 2007. Disponível em http://www.senado.gov.br/atividade/materia/getPDF.asp?t=41040&tp=1, acesso em 29 set. 2014. 