FONTES: Portal STM. Biografia do ministro. Disponível em http://www.stm.jus.br/institucional/ministros-aposentados/ministro-alte-esq-jose-alfredo-lourenco-dos-santos; e em http://www.stm.jus.br/institucional/ministros-da-corte-desde-1808/josa-c-alfredo-lourenasso-dos-santos?b_start=0&type=0&SearchableText=None&ajax_load=0.500919836752, acesso em 25 set. 2014. Senado Federal, Mensagem nº 246, de 2003. Disponível em http://www.senado.gov.br/atividade/materia/getPDF.asp?t=101529&tp=1, acesso em 27 set. 2014. Senado Federal, Mensagem nº 290, de 2009. Disponível em http://www.senado.gov.br/atividade/materia/getPDF.asp?t=72059&tp=1, acesso em 27 set. 2014.