FONTES: 
CÂM. DEP. Deputados; CÂM. DEP. Deputados brasileiros. Repertório (1963-1967, 1967-1971 e 1971-1975); CAMPOS, Q. Fichário; Estado de São Paulo (5/9/62); INF. BIOG.; Personalidades; SÃO PAULO. Quem; SOC. BRAS. EXPANSÃO COMER­CIAL. Quem; TRIB.  SUP. ELEIT. Dados (4, 6 e 8); VAITSMAN, M. Sangue.