FONTES: 
ASSEMB. NAC. CONST. Repertório (1987-1988); CÂM. DEP. Deputados; CÂM.  DEP. Deputados brasileiros.  Repertório (1975-1979); COELHO, J. & OLIVEIRA, A. Nova; NÉRI, S. 16; Perfil (1980); Estado de São Paulo (1/1/83); Folha de São Paulo (11/5/86); Globo (30/6/83, 28/2/85, 23/11/86); Jornal do Brasil (8/7/83 e 15/3/85); Olho no Congresso/Folha de São Paulo (31/1/95; 14/1/96;); Olho no voto/Folha de São Paulo (29/9/98); SENADO. Senadores (1995-1999).