FONTES:
Ministério Público Federal. Disponível em: http://agempu.org.br/. Acesso em: 22/02/2017; http://sites.correioweb.com.br/. Acesso em: 22/02/2017; www.portalaamp.com.br. Acesso em: 23/02/2017; http://www2.planalto.gov.br/. Acesso em: 23/02/2017; Folha de S.Paulo. Disponível em: http://www1.folha.uol.com.br/poder/17/08/2013, 26/11/2015. Acesso em: 23/02/2017; Portal UOL. Disponível em: https://noticias.uol.com.br17/09/2013. Acesso em 23/02/2017; Procuradoria-Geral da República. Disponível em: http://midia.pgr.mpf.gov.br. Acesso em: 21/02/2017; El Pais. Disponível em: http://brasil.elpais.com/brasil/ 03/05/2016, 05/05/2016, 07/06/2016, 23/08/2016, 11/11/2016. Acesso em: 24/02/2017; Operação Lava Jato. Disponível em: www.lavajato.mpf.mp.br. Acesso em 24/02/2017; http://congressoemfoco.uol.com.br. Acesso em 27/02/2017; www.bbc.com. Acesso em 27/02/2017.