FONTES:
Portal do Banco Central do Brasil. Disponível em: <http://www.bcb.gov.br>. Acesso em 18/02/2017; Portal Estadão – Economia. Disponível em: < http://economia.estadao.com.br/>. Acesso em 18/02/2017; Portal G1. Disponível em: < http://g1.globo.com>. Acesso em 18/02/2017; Portal Gávea Investimentos. Disponível em: <http://www.gaveainvest.com.br>. Acesso em 18/02/2017; Portal Infomoney. Dispnível em: < http://www.infomoney.com.br>. Acesso em 18/02/2017; Portal Isto é – Dinheiro. Disponível em: <http://www.istoedinheiro.com.br/>. Acesso em 18/02/2017; Portal Valor Economico. Disponível em: < http://www.valor.com.br>. Acesso em 18/02/2017.