FONTES:
Portal da Justiça Eleitoral. Disponível em: <http://www.justicaeleitoral.jus.br/arquivos/tre-ms-resultado-eleicao-geral-2002-total-estadual>. Acesso em 28/02/2017); Portal do Senado Federal. Disponível em: <http:www.senado.leg.br>. Acesso em 28/02/2017; Portal do Tribunal Superior Eleitoral. Disponível em: <http://www.tse.jus.br>.  Acesso em 28/02/2017; Portal G1 de Notícias. Disponível em: <http://www.g1.globo.com/>. Acesso em 28/02/2017; Portal de Notícias do UOL. Disponível em: < https://noticias.uol.com.br/politica/ultimas-noticias/2016/05/07/senado-tem-5-investigados-por-crime-de-responsabilidade-tres-sao-do-pmdb.htm>. Acesso em 28/02/2017. 