FONTES:
Portal Estadão. Disponível em: <http://estadao.com.br> Acesso em 01/03/2017; Portal G1. Disponível em: <http://g1.globo.com/>. Acesso em 22/01/2017; Portal do jornal Extra. Disponível em: <http://extra.globo.com> Acesso em 01/03/2017; Portal do jornal O Globo. Disponível em: <http://oglobo.globo.com> Acesso em 01/03/2017;  Portal do Ministério do Planejamento, Desenvolvimento e Gestão. Disponível em: <http://www.planejamento.gov.br.>. Acesso em 01/03/2017; Portal da Revista Marie Claire. Disponível em: <http://revistamarieclaire.globo.com> Acesso em 01/03/2017;  Portal UOL – Eleições. Disponível em: <https://eleicoes.uol.com.br> Acesso em 01/03/2017.