FONTES:
http://politica.estadao.com.br/blogs/coluna-do-estadao/investigado-na-lava-jato-edinho-e-eleito-prefeito-de-araraquara/ (Acessado em 25/02/2017); http://g1.globo.com/sp/sao-carlos-regiao/eleicoes/2016/noticia/2016/10/edinho-silva-pt-e-eleito-prefeito-de-araraquara-sp.html (Acessado em 25/02/2017);  http://g1.globo.com/sp/sao-carlos-regiao/eleicoes/2016/apuracao/araraquara.html (Acessado em 25/02/2017); http://eleicoesepolitica.com/prefeito2016/candidatos-a-prefeito-2016/araraquara-sp/ (Acessado em 25/02/2017); http://veja.abril.com.br/blog/maquiavel/edinho-se-elege-em-araraquara-e-sai-das-maos-de-moro/ (Acessado em 25/02/2017); http://eleicoes.terra.com.br/apuracao/2010/1turno/sao-paulo/#/deputado-estadual/ (Acessado em 25/02/2017);  http://agenciabrasil.ebc.com.br/politica/noticia/2016-05/com-x-votos-x-votos-senado-abre-processo-de-impeachment-de-dilma (Acessado em 25/02/2017).

 