FONTES: Portal da Câmara dos Deputados. Disponível em: <http://www.camara.leg.br/deputados/>. Acesso em 05/06/2020; Portal do TSE. Disponível em: <http://divulgacandcontas.tse.jus.br/divulga/#/candidato/2018/2022802018/RS/210000602609 >. Acesso em 28/06/2020; Portal Marcel Van Hattem. Disponível em: <http://marcelvanhattem.com.br/wp/marcelvanhattem/ >. Acesso em 05/06/2020; Portal do Jornal Dois Irmãos. Disponível em: <http://jornaldoisirmaos.com.br/noticia/03102019-marcel-rompeu-ligamentos-e-sofreu-fratura-ao-pular-do-bierwagen >. Acesso em 28/06/2020; Portal Gazeta do Povo. Disponível em: <https://www.gazetadopovo.com.br/republica/marcel-van-hattem-deputado-novo-rs/ >. Acesso em 05/06/2020; Portal Congresso em Foco. Disponível em: <https://congressoemfoco.uol.com.br/premio/ >. Acesso em 05/06/2020;  Portal do Instituto Millenium. Disponível em: <https://www.institutomillenium.org.br/>. Acesso em 05/06/2020.