FONTES: 

Portal da Câmara dos Deputados. Disponível em: https://www.camara.leg.br/deputados. Acesso em 06/12/2021. Portal do Tribunal Superior Eleitoral. Disponível em: https://sig.tse.jus.br. Acesso em: 06/12/2021. Portal Poder 360. Disponível em: https://eleicoes.poder360.com.br. Acesso em: 06/12/2021. Portal Tribuna Fácil. Disponível em: https://tribunaonline.com.br. Acesso em: 06/12/2021. Portal Jornal Grande Vila Velha. Disponível em: https://www.jornalgrandevilavelha.com.br. Acesso em: 06/12/2021.


