FONTES: Portal CPDOC. Disponível em: <http://cpdoc.fgv.br>; Portal Época.
Disponível em: <http://epoca.globo.com/tempo>. Acesso em 01/10/2014; 
Portal Folha de S. Paulo. Disponível em: <http://www.folha.uol.com.br>.
Acesso 01/10/2014; Portal do Governo do Estado de Minas Gerais. Disponível
em: <https://www.mg.gov.br/governomg/ecp/comunidade.do?app=governomg>. 
Acesso em 01/10/2014; Portal Hoje em Dia. Disponível em: 
<http://www.hojeemdia.com.br>. Acesso em 01/10/2014; Portal Terra de
Notícias. Disponível em: <http://www.terra.com.br>. Acesso em 01/10/2014; 
Portal UOL. Disponível em: <http://www.uol.com.br>. Acesso em 01/10/2014.   