FONTES: 

Portal da Câmara dos Deputados (https://www.camara.leg.br). Acesso em: 30/11/2021. Portal da Prefeitura de Recife (http://www2.recife.pe.gov.br). Acesso em: 30/11/2021. Diário de Pernambuco (https://www.diariodepernambuco.com.br. Acesso em: 02/12/2021. El País (https://brasil.elpais.com/brasil. Acesso em: 01/12/2021. Folha de Pernambuco (https://www.folhape.com.br). Acesso em: 01/12/2021. Folha de São Paulo (https://www1.folha.uol.com.br). Acesso em: 01/12/2021. O Globo (https://oglobo.globo.com). Acesso em: 01/12/2021. Piauí (https://piaui.folha.uol.com.br). Acesso em: 01/12/2021. Portal da Revista Algo Mais (https://revista.algomais.com). Acesso em: 02/12/2021. Portal Conecta Recife (https://conectarecife.recife.pe.gov.br). Acesso em: 02/12/2021. Portal FDR (https://fdr.com.br). Acesso em: 02/12/2021. Portal JC (https://jc.ne10.uol.com.br). Acesso em: 02/12/2021. Portal Poder 360 (https://eleicoes.poder360.com.br). Acesso em: 01/12/2021.