Fontes

Portal da Câmara dos Deputados (https://www.camara.leg.br/). Acesso em: 28/04/2022. Portal do Tribunal Superior Eleitoral (https://divulgacandcontas.tse.jus.br/divulga/#/). Acesso em: 28/04/2022. Site do CEPESP (http://shiny.cepesp.io/cepesp_carreiras/) Acesso em: 28/04/2022. Portal da Câmara Municipal de Montes Claros (https://www.montesclaros.mg.leg.br/). Acesso em: 28/04/2022. Site da Plataforma Lattes (http://lattes.cnpq.br/). Acesso em: 28/04/2022. Portal do Centro Universitário Funorte (https://www.funorte.edu.br/). Acesso em: 28/04/2022.