FONTES:

Portal da Câmara dos Deputados (https://www.camara.leg.br/deputados/). Acesso em: 29/06/2022. Portal do Tribunal Superior Eleitoral (https://divulgacandcontas.tse.jus.br/). Acesso em: 29/06/2022. Portal da Prefeitura de Jundiaí (https://fumas.jundiai.sp.gov.br/). Acesso em: 29/06/2022. Portal da Assembleia Legislativa do Estado de São Paulo (https://www.al.sp.gov.br/). Acesso em: 29/06/2022. Portal do Cepesp (http://shiny.cepesp.io/). Acesso em: 29/06/2022.

