FONTES:

Portal da Câmara dos Deputados (https://www.camara.leg.br/). Acesso em: 01/12/2022. Portal da Câmara Municipal de Guarujá (https://www.camaraguaruja.sp.gov.br/). Acesso em: 01/12/2022. Portal do G1 (https://g1.globo.com/). Acesso em: 01/12/2022. Portal do Cepesp (https://cepespdata.io/). Acesso em: 01/12/2022. 