FONTES: 
Portal do Senado Federal (https://www25.senado.leg.br/). Acesso em: 07/06/2023. Portal do Tribunal Superior Eleitoral (https://divulgacandcontas.tse.jus.br/) (https://www.youtube.com/@tvsenado). Acesso em: 07/06/2023. Site Poder 360 (https://www.poder360.com.br). Acesso em: 07/06/2023. Entrevista ao programa Sem Censura (https://www.youtube.com/@tvbrasil). Acesso em: 07/06/2023. Entrevista CNN (https://www.cnnbrasil.com.br/). Site Correio Braziliense (https://www.correiobraziliense.com.br/). Acesso em: 07/06/2023.