FONTES: Portal da Câmara dos Deputados. Disponível em: <http://www2.camara.leg.br>. Acesso em 01/10/2014; Portal Excelências. Disponível em: <http://www.excelencias.org.br/index.php>. Acesso em 01/10/2014; Portal do Partido da República. Disponível em: <http://www.partidodarepublica.org.br/partido/index.php>. Acesso em 01/10/2014; Portal do Tribunal Superior Eleitoral. Disponível em: http://www.tse.jus.br. Acesso em 01/10/2014; Portal UOL. Disponível em: <http://www.uol.com.br>. Acesso em 01/10/2014.	