Fontes: Portal da Assembleia de Deus (Campinas – SP). Disponível em: <http://www.adcamp.org.br/ministerio/>. Acesso em 07/09/2013; Portal da Câmara dos Deputados. Disponível em: <http://www.camara.leg.br/>. Acesso em 15/08/2013; Portal do jornal Folha de São Paulo. Disponível em: <http://www.folha.uol.com.br/>. Acesso em 07/09/2013; Portal do Tribunal Superior Eleitoral. Disponível em: <http://www.tse.jus.br/>. Acesso em 07/09/2013. 