FONTES: Portal Band News. Disponível em: <http://bandnewstv.band.uol.com.br>. Acesso 01/10/2014; Portal Época. Disponível em: http://epoca.globo.com. Acesso em 01/10/2014; Portal O Estado de São Paulo. Disponível em: <http://www.estadao.com.br>. Acesso em 01/10/2014; Portal Folha de S. Paulo. Disponível em: <http://www.folha.uol.com.br>. Acesso em 01/10/2014; Portal G1 de Notícias. Disponível em: <http://g1.globo.com/index.html>. Acesso em 01/10/2014; Portal do Jornal O Globo. Disponível em: <http://oglobo.globo.com>. Acesso em 01/20/2014; Portal R7. Disponível em: <http://noticias.r7.com>. Acesso em 01/10/2014; Portal Viomundo. Disponível em: <http://www.viomundo.com.br>. Acesso em 01/10/2014.