Fontes: Portal da Câmara dos Deputados. Disponível em <http://www.camara.leg.br/>. Acesso em 02/10/2015; Portal G1 de Notícias. Disponível em: <http://www.g1.globo.com/>. Acesso em 02/10/2015; Portal do jornal Zero Hora. Disponível em: <http://www.zh.clicrbs.com.br/>. Acesso em 02/10/2015; Portal pessoal. Disponível em: <http://alexandreroso.com.br/>. Acesso em 11.12.2013Portal do Supremo Tribunal Federal. Disponível em: <http://www.stf.jus.br/>. Acesso em 11/12/2013; Portal do Tribunal Superior Eleitoral. Disponível em: <http://www.tse.jus.br/>. Acesso em 02/10/2015;