FONTES: CÂM. DEP. *Deputados;*CÂM. DEP. *Relação dos dep.;*CÂM. DEP.
*Relação nominal****dos senhores;* CARNEIRO, G. *História;* CISNEIROS,
A. *Parlamentares;*CONSULT*.*MAGALHÃES, B.; CORTÉS, C. *Homens; Diário
do Congresso Nacional; Grande encic.* *Delta; Jornal do
Brasil*(31/7/83); SILVA, G. *Constituinte;*TRIB. SUP. ELEIT. *Dados*
(2*,* 3, 4 e 6).

 
