FONTES: Portal Câmara dos Deputados. Disponível em: <http://www2.camara.leg.br/>. Acesso em 04/08/2015; Portal Currículo Político. Disponível em: <http://www.curriculopolitico.com.br/index.php>. Acesso em 04/08/2015; Portal Território Eldorado. Disponível em: <http://www.territorioeldorado.limao.com.br>. Acesso em 04/08/2015.