**FONTES**: CABRAL, O.*Breve*;**CÂM. DEP. *Deputados
brasileiros.*Repertório (1971-1975, 1975-1979, 1979-1983 e 1983-1987);
INF. BIOG.; NÉRI, S. *16*;**PEREIRA, M. Morre o ex-deputado Pedro Colin;
Perfil (1972 e 1980); PIAZZA, W.V. *Dicionário político catarinense*;
TRIB. SUP. ELEIT. *Dados* (6, 8 e 9);

 
