FONTES: CÂM. DEP. *Deputados;*CÂM. DEP. *Deputados brasileiros.
Repertórios* (1963-1967, 1967-1971); CÂM. DEP. *Relação
nominal;*CISNEIROS, A. *Parlamentares;*COUTINHO, A.*Brasil; Grande
encic. Delta*; INF. FAM.; ROQUE, C. *Grande;*SOC. BRAS. EXPANSÃO
COMERCIAL. *Quem;*TRIB. SUP. ELEIT. *Dados* (2, 3, 4, 6, 8 e 9).

 

 
