FONTES: CÂM. DEP. *Deputados*; CÂM. DEP. *Deputados brasileiros*.
*Repertórios*(1971-1975, 1975-1979); CÂM. DEP. *Relação nominal; Folha
de S. Paulo* (15/7/98); INF. BIOG.; *Jornal do Brasil* (26/3/76,
9/1/78); NADER, A. *Autênticos;*NÉRI, S. *16; Perfil*(1972, 1980);
Portal Diap http://diap.ps5.com.br/ acesso em 21/9/09; Portal jornal O
Anápolis http://www.oanapolis.com.br/ acesso em 21/9/09; Portal governo
de Goiás http://www.noticiasdegoias.go.gov.br/ acesso em 21/9/09; Portal
Diário da Manhã http://www.dm.com.br/ acesso em 21/9/09; Portal
Ministério Público http://www.mpdft.gov.br/ acesso em 21/9/09; Portal
Tribuna do Planalto http://www.tribunadoplanalto.com.br/ acesso em
21/9/09; TRIB. SUP. ELEIT. (1998).

 

                                                                                     
