FONTES: ASSEMB. LEGISL. MG; ASSEMB. NAC. CONST.; CÂM. DEP.; COELHO, J. & OLIVEIRA, A. Nova; Portal do Jornal do Brasil. Disponível em: http://www.jb.com.br/capa/. Acesso em 5/10/2013; Portal do jornal Correio Braziliense. Disponível em: <http://www.correiobraziliense.com.br>. Acesso em 5/10/2013; Portal do jornal O Estado de São Paulo. Disponível em:  <http://www.estadao.com.br>. Acesso em 5/10/2013; Portal do jornal Folha de São Paulo. Disponível em: <http://www.folha.uol.com.br>. Acesso em 5/10/2013; Portal do jornal O Globo. Disponível em: <http://oglobo.globo.com>. Acesso em 5/10/2013; Portal da revista Isto É. Disponível em: <http://www.istoe.com.br/capa>. Acesso em 5/10/2013; Portal da revista Veja. Disponível em: <http://veja.abril.com.br>. Acesso em: 5/10/2013; Portal pessoal de Paulo Delgado. Disponível em: <http://www.paulodelgado.com.br/>. Acesso em 05/10/2013; Portal do Tribunal Superior Eleitoral. Disponível em <http://www.tse.jus.br>. Acesso em 05/10/2013. 