FONTES: CÂM. DEP. Deputados brasileiros. Repertório (1983-1987); Correio Brasiliense (23/11/86); ENTREV. ÁLVARO DIAS; Estado de S. Paulo (20/6/80, 10/12/81, 31/7 e 18/11/82, 28/9 e 20/11/86); Estado do Paraná(30/11/97); FARIA, E. & SEBASTIANI, S. Governadores; FLEISCHER, D. Conseqüências; Folha de S. Paulo(25/2/87, 15/7/98); Folha de São Paulo (22/09/2009); Globo (26/4/87, 23/6/95); Jornal do Brasil (18/4/84, 8/4 e 4/5/87); SENADO. Dados biográficos (1991-1999); Veja (13/7/83, 6/8 e 5/11/86, 18/2/87, 13/4/88, 8/3, 19/4, 24/5 e 13/9/89, 9/6/93, 20 e 27/4 e 14/9/94), http://www.tse.gov.br/ (acesso em 14/10/2009); O Estado do Paraná (21/11/2005);  www.folha.com.br (acesso em 14/10/2009); http://www.estadao.com.br/ (acesso em 14/10/2009); http://www.parana-online.com.br (acesso em 14/10/2009); http://www.senado.gov.br/ (acesso em 15/10/2009); http://www.senadoralvarodias.com/ (acesso em 18/10/2009).   
 
