FONTES: ALBUQUERQUE, J. *Cearenses no* *Rio*; ALBUQUERQUE, J. *Cearenses
no Rio* *e em SP;* ARQ. MIN. EXÉRC.; BRAGA, R. *Dic.;*CORRESP. SUP.
TRIB. MILITAR; CORTÉS, C. *Homens;*GIRÃO, R. *Ceará; Grande encic.
Delta; Jornal do Brasil*(18/8/76); LAGO, L. *Conselheiros;*MIN. GUERRA.
*Almanaque*(1951).

 
