FONTES: ARQ. DEP. PESQ. JORNAL DO BRASIL; BANDEIRA, L.
*Governo*;**CÂM.**DEP. *Anais*;**CÂM. DEP. *Deputados*; CÂM.**DEP.
*Relação dos deputados*;**CÂM. DEP. *Relação* *nominal dos
senhores*;**CAMPOS, Q. *Fichário*; CORRESP. SECRET. GER. EXÉRC.;
*Encic.* *Mirador*;**ENTREV. BIOG.; *Estado* *de S. Paulo*(10/8/82);
*Globo*(16/5/82, 19/10/2011); *Grande encic. Delta*;*Jornal do
Brasil*(13/2/77, 20/6/80, 26/7/82); NÉRI, S. *16*; SILVA, H.
*1964*;**TSE. *Dados*(3, 4 e 6); VÍTOR, M. *Cinco.*
