**FONTES**: CÂM. DEP. *Deputados*;**CÂM. DEP. *De**putados
brasileiros.*Repertório (1946-1967); INF. BIOG.; Portal Observatório da
Imprensa . Disponível em :
\<[http://observatorio.%20ultimosegundo.ig.com.br/artigos.asp?cod=402MCH001](http://observatorio.%20ultimosegundo.ig.com.br/artigos.asp?cod=402MCH001)\>.
Acesso em : 19 jul. 2009;***Who’s who in Brazil**.*

 

 

 
