FONTES: *Almanaque* *Exérc.* (1969); ASSEMB. NAC. CONST. *Repertório*
(1987-1988); CÂM. DEP. *Deputados brasileiros*. *Repertório*(1983-1987);
Coelho, J. & Oliveira, A. *Nova*; ENTREV. BIOG.; *Estado de S.
Paulo*(31/8 e 4/10/84, 5/4/90 e 5/9/91); *Folha de S. Paulo*(19/1/87, 28
e 30/4, 5 e 12/5 e 11/7/89); *Globo*(26/4 e 31/8/84, 16/1/85, 10/4/87,
10/5, 9/6 e 29/6/89, 4/4 e 16/8/90 e 20/8/93); *Jornal do
Brasil*(26/2/88, 4/4 e 9/8/90 e 30/3/93); *Veja*(12/9/84).

 
