FONTES: *Boletim Informativo da Federação da Agricultura do Estado do
Paraná*(20-26/11/2006); CÂM. DEP. *Deputados brasileiros*. *Repertório*
(1983-1987); *Estado do Paraná*(19/3/03); *Folha de S. Paulo* (13/1/85,
31/1/87); *Gazeta Mercanti**l* (4 e 5/4/01); INF. BIOG.; Portal Luís
Antônio Fayet (\<www.fayet.com.br/\>. Acesso em: 19 de out. de 09; TRIB.
REG. ELEIT. *Dados*; *Veja* (16/7/75, 15/2/78).

 
