FONTES: CÂM. DEP. *Deputados brasileiros. Repertório*(1995-1999);
COELHO, J. & OLIVEIRA, A. *Nova*; *Estado de S. Paulo* (20/9/93; 22/11,
21 e 22/12/94, 17/1/95, 25/2, 26/7, 17/8 e 1/9/96); *Folha de S. Paulo*
(19/1/87, 16/8 e 6/10/92, 17/12/93, 27/5, 18/9, 19/10 e 20/12/94,
4/1/95, 14/1, 15 e 17/8/96, 16/6/97, 29/9 e 6/11/98); *Globo* (6/10/92,
1/4 e 21/12/94, 10/10/98); *Jornal do Brasil* (4/8/96); *Perfil
parlamentar brasileiro*;**TRIB. SUP. ELEIT. *Dados* (1998); *Veja*
(8/7/92); Site na internet:
[www.ffconsultores.com.br](http://www.ffconsultores.com.br/).
