FONTES: ASSEMB. LEGISL. MG.*Dicionário biográfico*;**CÂM. DEP.
*Deputados brasileiros. Repertório*(1979-1983 e 1991-1995 — suplemento);
CAM. MUNIC. DE BELO HORIZONTE. *Notícias.*(23/6/2008; disponível em:
http://www.cmbh.mg.gov.br/index.php?option=com\_content&task=view&id=25015&Itemid=199&filter=;
acessado em: 8/12/2009); *Globo* (26/4/84; 16/1 e 10/11/85); *Jornal do
Brasil*(2/1/86).

 
