FONTES: ENTREV. BIOG.; Portal da Câmara dos Deputados. Disponível em: <http://www2.camara.gov.br>. Acesso em 18/11/2009; Portal Estado de S. Paulo. Disponível em: <http://www.estadao.com.br>. Acesso em 18/11/2009; Portal Folha de S. Paulo. Disponível em: <http://www.folha.uol.com.br>. Acesso em 18/11/2009; Portal Globo.com. Disponível em: <http://www.globo.com>. Acesso em 18/11/2009; Portal Isto É. Disponível em: <http://www.terra.com.br/istoe>. Acesso em 19/11/2009; Portal Jornal do Brasil. Disponível em: <http://www.jb.com.br>. Acesso em 18/11/2009; Portal do Tribunal Superior Eleitoral. Disponível em: <http://www.tse.jus.br>. Acesso em 03/12/2014; Portal Valor Econômico. Disponível em: <http://www.valor.com.br>. Acesso em 03/12/2014.