FONTES: ABREU, M. *Dívida*; ASSEMB. NAC. CONST. *Repertório*(1987-1988);
COELHO, J. & OLIVEIRA, A. *Nova*; *Correio Brasiliense*(10/4/77);
*Encic. Mirador*(1993-1995, 1999); *Época* (9/7/04); *Estado de S.
Paulo*(6/7/91, 24/6, 30/9 e 3/10/92, 24/3/95); *Folha de S.
Paulo*(6/6/91, 25/6, 2 e 30/7, 6/8, 1/9, 4, 16, 22 e 24/10 e 16/12/92,
29/1 e 9/2/94, 5/3/95, 10/9/96, 29/11/97, 15/5/08); *Globo*(31/7/91,
6/4/92, 1/6/95); *Jornal do Brasil*(18/11/74, 21/8/76, 10/6 e 25/9/78,
6/8, 31/10 e 27/12/79, 6/8/80, 19/11/82, 21 e 22/9/91, 24/7, 25/8, 21/9,
3, 6 e 16/10 e 28/11/92, 17/2 e 10/9/94); NÉRI, S. *16*; *Perfil*(1980);
Portal ABC
[http://www.abc.org.br/sjbic/curriculo.asp?consulta=if](http://www.abc.org.br/sjbic/curriculo.asp?consulta=if),
acesso em 26/1/09; Portal Banco de Desenv. MG
[http://www.bdmg.mg.gov.br/institucional/inst\_conselho.asp](http://www.bdmg.mg.gov.br/institucional/inst_conselho.asp),
acesso em 2/2/09; Portal JusBrasil
[http://www.jusbrasil.com.br/noticias/141864/procurador-geral-da-republica-encaminha-denuncia-contra-itamar-franco](http://www.jusbrasil.com.br/noticias/141864/procurador-geral-da-republica-encaminha-denuncia-contra-itamar-franco),
acesso em 26/1/09; Portal JB on line
[http://jbonline.terra.com.br/jb/papel/economia/2001/05/16/joreco20010516013.html
Acesso em
24/10/09](http://jbonline.terra.com.br/jb/papel/economia/2001/05/16/joreco20010516013.html%20Acesso%20em%2024/10/09);
Portal Conjur
[http://www.conjur.com.br/2004-dez-09/itamar\_franco\_livra\_responder\_acao\_movida\_fhc](http://www.conjur.com.br/2004-dez-09/itamar_franco_livra_responder_acao_movida_fhc),
acesso em 2/2/09; Portal Folha on line
[http://www1.folha.uol.com.br/folha/brasil/ult96u643001.shtml acesso em
2/2/09](http://www1.folha.uol.com.br/folha/brasil/ult96u643001.shtml%20acesso%20em%202/2/09);
Portal ASSEM. LEGIS. MG
[www.almg.gov.br/revistalegis/Revista35/sorbilli35.pdf. Acesso em
14/11/09](http://www.almg.gov.br/revistalegis/Revista35/sorbilli35.pdf.%20Acesso%20em%2014/11/09);
SENADO. *Dados biográficos*(8); SENADO. *Dados biográficos*(1987);
SENADO. *Relação dos líderes; Veja*(27/11/74, 13/8, 3 e 24/9 e 26/11/86,
18/5/88, 25/9/91, 29/7, 2 e 30/9, 7/10 e 25/11/92, 6, 13, 20 e 27/1, 10
e 17/3, 15 e 29/9 e 27/10/93, 29/3 e 7/6/95, 7 e 28/1, 11/2, 18/3, 10/6,
8/7 e 5 e 19/8/98).

 

 

 
