FONTES: CÂM. DEP. *Deputados brasileiros. Repertório* (1991-1995);
DIAP.*Como falar*; INF. FAM.; *Diário de Natal* (14/10/05); *Diário do
Senado Federal* (1/7/04); *O Mossoroense* (19/8/09); *Tribuna do Norte*
(30/8/02, 27/3/08); *Tribunal de Justiça do Rio Grande do Norte*
(18/8/09); [www.nominuto.com](http://www.nominuto.com/) (Reportagens de
7/12/07, 28/12/07 e 17/8/09. Acesso em 3/9/09);
[www.sc.gov.br](http://www.sc.gov.br/) (Acesso em 4/9/09);
[www.tre-rn.gov.br](http://www.tre-rn.gov.br/) (Acesso em 3/9/09);
[www.tse.gov.br](http://www.tse.gov.br/) (Acesso em 3/9/09).

 
