FONTES: CÂM. DEP. *Deputados brasileiros. Repertório*(1995-1999
suplemento); *Folha de S. Paulo*(31/1 e 11/11/95, 14/1/96, 7/2/97 e
29/9/98); INF. BIOG.;
\<[http://ww1.alesc.sc.gov.br/deputados/curriculum.php?id=4626&matricula=13095](http://ww1.alesc.sc.gov.br/deputados/curriculum.php?id=4626&matricula=13095)\>.
 Acesso em: 25 de out. de 09;
[\<www.claudiohumberto.com.br/colunas\_anteriores/index.php?ano=2008&dia=23&mes=7](http://www.claudiohumberto.com.br/colunas_anteriores/index.php?ano=2008&dia=23&mes=7)\>.
 Acesso em: 25 de out. de 09;
\<[http://noticias.terra.com.br/eleicoes2006/interna/0,,OI1153805-EI6681,00-Coligacao+de+Jose+Fritsch+faz+bandeiraco+em+SC.html](http://noticias.terra.com.br/eleicoes2006/interna/0,,OI1153805-EI6681,00-Coligacao+de+Jose+Fritsch+faz+bandeiraco+em+SC.html)\>.
 Acesso em: 25 de out. de 09;
\<[http://g1.globo.com/Noticias/Eleicoes/0,,AA1251165-6307-274,00.html](http://g1.globo.com/Noticias/Eleicoes/0,,AA1251165-6307-274,00.html)\>.
Acesso em: 25 de out. de 09;
\<[http://g1.globo.com/Noticias/Politica/0,,AA1292804-5601,00.html](http://g1.globo.com/Noticias/Politica/0,,AA1292804-5601,00.html)\>.
 Acesso em: 25 de out. de 09;
[\<www.clicrbs.com.br/eleicoes2008/jsp/default.jspx?uf=1&local=1&action=noticias&id=2011917&section=Not%EDcias](http://www.clicrbs.com.br/eleicoes2008/jsp/default.jspx?uf=1&local=1&action=noticias&id=2011917&section=Not%EDcias)\>.
Acesso em: 25 de out. de 09.

** **

 
