FONTES: CÂM. DEP. *Deputados brasileiros. Repertório* (1991-1995);
*Estado de S. Paulo* (4/10/93 e 28/11/97); *Folha de S. Paulo*
(23/12/93; 28/9/94; 29/9; 6/11/98 e Especial Eleições 2002); *Globo*
(30/9/92; 29/1 e 26/2/97); INF. BIOG.; *Jornal do
Brasil*(22/8/96);*Perfil parlamentar/IstoÉ*; *Posse 2007* (01/01/2007).

** **

 
