FONTES: CÂM. DEP. Deputados; CÂM. DEP. Deputados brasileiros. Repertório
(8); CÂM. DEP. Relação nominal dos senhores; Correio da Manhã (10/9/66);
COSTA, M. Cronologia; Grande encic. Delta; Jornal de Brasília (10/7/76);
Jornal do Brasil (10/7/76); NÉRI, S. 16; Rev. Arq. Públ. Mineiro
(12/76); Rev. Ciência Pol.; SENADO. Relação dos líderes; TRIB. SUP.
ELEIT. Dados.

 
