FONTES: BANDEIRA, L. Governo; CACHAPUZ, P. Cronologia; CARNEIRO, G.
História; CONSULT. MAGALHÃES, B.; Correio da Manhã (30/3/66); Folha de
S. Paulo (11/1/77); Globo (26/6/76 e 31/10/79); Jornal de Brasília
(23/9/77); Jornal do Brasil (26/6/76); MIN. GUERRA. Almanaque (1958);
SILVA, H. 1964; SOC. BRAS. EXPANSÃO COMERCIAL. Quem (1964); Veja
(30/6/76); VIANA FILHO, L. Governo; VÍTOR, M. Cinco.

 
