**FONTES**: ASSEMBL. NAC. CONST.*Repertório*(1987-1988); COELHO, J. ;
OLIVEIRA, A. *Nova*; *Folha de S. Paulo* (19/1/87); INF. BIOG.; NICOLAU,
J. *Dados*; Portal do TCU. *Relatório de atividades*. Disponível em :
\<[http://portal2.tcu.gov.br/portal
/page/portal/TCU/publicacoes\_insitucionais/relatorio/relatorios\_atividades](http://portal2.tcu.gov.br/portal%20/page/portal/TCU/publicacoes_insitucionais/relatorio/relatorios_atividades)\>.
Acesso em : 05 dez. 2009.

 
