FONTES: ABREU, A. Siderurgia; BASTOS, H. Conquista; CONF. NAC. IND.;
CONS. TÉC. ECON. FINANÇAS. Grande; CORTÉS. C. Homens; COUTINHO, A.
Brasil; Encic. Mirador; FONTENLA, V. História; Grande encic. Delta;
INST. NAC. LIVRO. Índice; LEVINE, R. Vargas; MONTEIRO, F. Banco;
MOREIRA, J. Dic.; MUSEU DO BANCO DO BRASIL. Personalidades; PESQ. F.
BARBOSA; SILVA, H. 1935; SOARES, E. Instituições; SOC. BRAS. EXPANSÃO
COMERCIAL. Quem.

 
