FONTES: BALEEIRO, A. Supremo; CAFÉ FILHO, J. Sindicato; CONSULT.
MAGALHÃES, B.; CORTÉS, C. Homens; COSTA, E. Grandes; COSTA, M.
Cronologia; COUTINHO, A. Brasil; Encic. Mirador; Grande encic. Delta;
HIRSCHOWICZ, E. Contemporâneos; INST. NAC. LIVRO. Índice; Jornal do
Comércio, Rio (29/4/61); MOREIRA, J. Dic.; SOC. BRAS. EXPANSÃO
COMERCIAL. Quem.

 
