FONTES: ASSEMB. NAC. CONST. *Repertório*(1987-1988); CÂM. DEP.
*Deputados brasileiros*. *Repertório* (1991-1995, 1995-1999); *Correio
Lageano* (7/6/07); *Globo* (16/1/85); INF. LUÍS HUMBERTO ASPESI;
NICOLAU, J. *Dados*; TRIB. SUP. ELEIT. *Candidatos*(1998);
[www.camara.gov.br](http://www.camara.gov.br/) (Acesso em 29/10/09);
[www.camarasidrolandia.ms.gov.br](http://www.camarasidrolandia.ms.gov.br/)
(Reportagem de 19/6/07. Acesso em 29/10/09);
[www.campogrande.news.com.br](http://www.campogrande.news.com.br/)
(Reportagens de 12/6, 13/6 e 2/7/09. Acesso em 30/10/09);
[www.g1.globo.com](http://www.g1.globo.com/) (Reportagem de 19/6/09.
Acesso em 29/10/09); [www.jfms.gov.br](http://www.jfms.gov.br/)
(Reportagem de 6/5/08. Acesso em 30/10/09);
[www.noticias.terra.com.br](http://www.noticias.terra.com.br/)
(Reportagens de 4/6, 6/6 e 7/6/07. Acesso em 29/10/09). 

 
