FONTES: CÂM. DEP. Deputados brasileiros. Repertório (1995-1999); CÂM. DEP. Lista de suplentes (1995-1999); DIAP. Quem foi quem nas ref. const.; Jornal Gazeta Mercantil (2/6/1999); Jornal Folha de São Paulo (24/10/1997); Jornal Folha de São Paulo/ Olho no Congresso (31/01/1995 e 14/01/1996); Jornal Folha de São Paulo/ Olho no voto (29/09/1998); Jornal Primeira Mão (9/07/2008); TRIB. SUP. ELEIT. Candidatos (1998); Portal da ATRICON. Disponível em: <http://www.atricon.org.br>. Acesso em 30/09/2013; Portal do Conselho Regional de Administração do Estado do Mato Grosso. Disponível em: <http://www.cramt.org.br>. Acesso em 30/09/2013; Portal Wikipedia. Disponível em: <https://www.wikipedia.org>. Acesso em 30/09/2013.