FONTES: CURRIC. BIOG.; Estado de S. Paulo (28/08/1990, 22/09/1990, 3/04/1996 e 04/04/1996); Folha de S. Paulo (16/12/1989, 10/01/1990; 13/12/1995, 14/12/1995; 13/01/1996); Jornal O Globo (05/01/1990, 10/01/1990, 07/07/1992 e  08/04/1995); Jornal do Brasil (22/03/1990, 14/08/1990 e  10/11/1994); Olho no Congresso/ Folha de S. Paulo (31/01/1995, 14/01/1996, 30/01/1997 e 05/02/1998); Olho no voto/ Folha de S. Paulo (29/09/1998); Portal Congresso em Foco. Disponível em: <http://www.congressoemfoco.uol.com.br/>. Acesso em 16/05/2014; Portal Folha de São Paulo. Disponível em: <http://www.folha.uol.com.br/>. Acesso em 16/05/2014; Portal G1 de Notícias. Disponível em: <http://www.g1.globo.com/>. Acesso em 16/05/2014; Portal do Senado Federal. Disponível em: <http://www.senado.gov.br/>. Acesso em 16/05/2014; Portal Veja. Disponível em: <http://www.veja.abril.com.br/>. Acesso em 16/05/2014.