FONTES: CURRIC. BIOG.; *Estado de S. Paulo* (17/11/82); *Estado do
Paraná* (16/3/71, 23/11/88, 14/12/89, 24/12/94, 1/1 e 9/7/95, 18/10/97);
FARIA, E. & SEBASTINI, S. Governadores; FLEISCHER, D. Lãs consequencias;
*Folha de S. Paulo* (15/3/98); *Gazeta Mercantil* (8 e 24/4 e 28/8/97);
*Globo* (29/3/96); Istoé (8/4/92); *Jornal do Brasil* (15/9/87 e
29/3/98); OLIVEIRA, D. A política; *Veja* (10 e 31/8/83, 25/1/84,
15/5/85, 16/11/88, 1 e 29/4 , 12/8 e 16/12/92, 31/3 e 28/4/93, 14/9,
12/10/94, 4/1/95, 17/12/97, 7/1 e 4/2/98); *http://www.tse.gov.br/*
(último acesso em 12/10/09); *http://www.parana-online.com.br/* (último
acesso em: 12/10/009); *http://www.folha.uol.com.br/*(último acesso em:
12/10/09); http://veja.abril.com.br/ (último acesso em: 14/10/09);
http://www.terra.com.br/istoe/  (último acesso em: 14/10/09);
http://www.jaimelerner.com/ (último acesso em: 14/10/09); DÓRIA, Pedro.
(2002). *Jaime Lerner:*liderança, autoridade e contexto político.
Curitiba: Juruá Editora.
