FONTES: ANDRADE, F. Relação; ARQ. GETÚLIO VARGAS; ASSEMB. LEGISL. MG.
Dicionário biográfico; Boletim Min. Trab. (5/36); CÂM. DEP. Deputados;
CÂM. DEP. Relação nominal; CONSULT. RAMOS, P.; CORRESP. ARQ. PÚBL.
MINEIRO; Diário do Congresso Nacional; Grande encic. Delta; LIMA, J.
Como; Minas Gerais (1/12/51); OLIVEIRA, M. História; Personalidades;
PINTO, A. Caixa; Rev. Arq. Públ. Mineiro (12/76); SILVA, H. 1930; SILVA,
H. 1937; TORRES, J. História de Minas.

 
