FONTES: Portal da Câmara dos Deputados. Disponível em: <http://www2.camara.leg.br>. Acesso em 15/10/2009; Portal Diap. Disponível em: <www.diap.org.br>. Acesso em 15/10/09; Portal Eleições UOL. Disponível em <http://eleicoes.uol.com.br>. Acesso em 20/09/2013; Portal Estado de S. Paulo. Disponível em: <http://www.estadao.com.br>. Acesso em 15/10/2009; Portal Folha de S. Paulo. Disponível em: <http://www.folha.uol.com.br>. Acesso em 20/09/2013; Portal Jornal do Brasil. Disponível em:  <http://www.jb.com.br>. Acesso em 20/09/2013; Portal O Globo. Disponível em: <http://g1.globo.com>. Acesso em 15/10/2009; Portal pessoal de Benedito de Lira. Disponível em: <http://www.beneditodelira.com>. Acesso em 20/09/2013; Portal do Senado Federal. Disponível em: http://www.senado.gov.br/. Acesso em 20/09/2013; Portal Tribuna Hoje. Disponível em: <http://www.tribunahoje.com>. Acesso em 20/09/2013; Portal do Tribunal Superior Eleitoral. Disponível em: <http://www.tse.jus.br>. Acesso em 20/09/2013.