FONTES: ASSEMB. NAC. CONST.*Repertório* (1987-1988); COELHO, J. &
OLIVEIRA, A. *Nova*;*Estado de S. Paulo* (23/11/1986); *Folha de S.
Paulo*(21 e 25/10/93); *Globo*(23/11/86, 21/10/93, 1/12/94); *Perfil
parlamentar/IstoÉ*(20/3/91); SENADO. *Repertório* (1987-1991 e
1991-1999); TRIB. REG. ELEIT. PB. *Relação*(1986 e 1998).

* *
