FONTES: CÂM. DEP. *Deputados;*CÂM. DEP. *Deputados brasileiros.
Repertório*(1971-1975, 1975-1979 e 1979-1983); CASCUDO, L. *História;
Estado de S. Paulo* (10/8/82); Correio da Tarde (1/4/08); NÉRI, S. *16;
Perfil*(1972**e 1980); TRIB. SUP. ELEIT. *Dados* (6, 8 e 9);
www.pesquisa.dnonline.com.br (Acesso em 6/9/09); www.pt.org.br (Acesso
em 3/9/09).

 
