FONTES: BIOG. Internet; CÂM. DEP. *Deputados brasileiros.
Repertório*(1995-1999); *Estado de S. Paulo* (19/12/96, 20/1/97); *Folha
de S. Paulo*(31/1/95, 14/1 e 2/3/96, 22/3 e 27/5/97, 29/9 e 6/11/98);
*Globo* (27 e 28/1, 28/5 e 21/7/97, 10/10/98); *Jornal do Brasil*
(7/2/97); TRIB. SUP. ELEIT. *Dados* (1998), *Arquivos da Agência
Nacional de Águas*; *Arquivos da Associação Brasileira de Águas
Subterrâneas*; *Jornal A Tribuna*, de Piracicaba (25/08/2009); *Jornal
Cidade*, de Rio Claro (03/09/2009)
