FONTES: ASSEMB. NAC. CONST*. Repertório* (1987-1988); CÂM. DEP.
*Deputados brasileiros*. *Repertório* (1983-1987 e 1991-1995); COELHO,
J. & OLIVEIRA, A. *Nova*; *Estado* *de S. Paulo* (19/9/95, 17/5/96 e
11/10/98); *Folha de S. Paulo* (19/9/95); *Globo* (26/4/84, 30/9/92,
8/10/98); *Perfil parlamentar/IstoÉ*; TRIB. REG. ELEIT. PB. *Relação*
(1998); TRIB. SUP. ELEIT. *Dados* (6); TRIB. SUP. ELEIT.
*Resultado*(1998).

 
