FONTES: Portal da Assembleia Legislativa de Minas Gerais. Disponível em: <http://www.almg.gov.br/home/index.html>. Acesso em 14/10/2013; Portal da Câmara dos Deputados. Disponível em: <http://www2.camara.leg.br>. Acesso em 14/10/2013; Portal do Jornal do Brasil. Disponível em <http://www.jb.com.br>; Acesso em 14/10/2013; Portal do jornal Folha de São Paulo. Disponível em: <http://www.folha.uol.com.br>. Acesso em 14/10/2013; Portal do Tribunal Superior Eleitoral. Disponível em <http://www.tse.jus.br>.  Acesso em 14/10/2013; Portal Últimas Notícias. Disponível em <http://www.ultimasnoticias.inf.br>. Acesso em 14/10/2013.