FONTES: Almanaque Mundial (1969); ARQ. CLUBE 3 DE OUTUBRO; CARNEIRO, G.
História; DULLES, J. Unrest; Encic. Mirador; Grande encic. Delta; Jornal
do Brasil (22/1/71); KUBITSCHEK, J. Meu (3); MIN. AER. Almanaque (1963);
MIN. GUERRA. Almanaque; Panorama; QUADROS, J. História; SILVA, H. 1964;
WANDERLEY, N. História.

 
