FONTES: BENEVIDES, M. Governo Kubitschek; CÂM. DEP. Deputados; CÂM. DEP.
Deputados brasileiros. Repertório (7); CÂM. DEP. Relação dos dep.; CÂM.
DEP. Relação nominal dos senhores; CISNEIROS, A. Parlamentares; COSTA,
M. Cronologia; Diário do Congresso Nacional; Grande encic. Delta; Jornal
do Brasil (16/10/66, 24/4/70 e 26/11/74); KUBITSCHEK, J. Meu (3); LIGA
DE EMANCIPAÇÃO NAC.; MELO, A. Cartilha; SENADO. Relação; SILVA, G.
Constituinte.

 
