FONTES: CÂM. DEP. *Deputados brasileiros. Repertório*(1983-1987);*Estado
de S. Paulo* (17/2/87); *Folha de S. Paulo* (6/4/86, 18/2/87);
*Globo*(26/4/84, 16/1/85, 13/4/86, 7 e 18/3/81, 27/10/96); INF.
BIOG.;*Jornal do Brasil* (7/4/86, 17/2 e 14/3/87, 2/1/89, 23/11/96);
Portal Dramaturgia Brasileira;*Veja*(21/8/85, 4/9/85).

 
