FONTES:**CÂM. DEP. *Deputados brasileiros. Repertório*(1995-1999); CÂM.
DEP. *Relação de suplentes*; DIAP. *Quem foi quem nas ref. const.*;
*Folha de S. Paulo* (29/9 e 6/11/98); ASSEMBL. LEG. GO; *UniEvangélica*
([www.unievangelica.edu.org.br](http://www.unievangelica.edu.org.br/));
*Tribuna de Anápolis* (7/8/2007); *Abiee*
([www.abiee.org.br](http://www.abiee.org.br/)).

 
