FONTES: ARQ. GETÚLIO VARGAS; BANDEIRA, L. Governo; CONSULT. MAGALHÃES,
B.; DREIFUSS, R. Conquista; DULLES, J. Getúlio; Encic. Mirador; Estado
de S. Paulo (4/1/75); FIGUEIREDO, E. Contribuição; FONTOURA, J.
Memórias; FREIRE, G. Ordem; Grande encic. Delta; JARDIM, R. Aventura;
LEITE, A. História; LEVINE, R. Vargas; MELO, L. Dic.; MENESES, R. Dic.;
NOGUEIRA FILHO, P. Ideais; OLIVEIRA, C. Biografias; SILVA, H. 1932;
VÍTOR, M. Cinco; Who’s who in Brazilian.

 
