FONTES: CÂM. DEP. *Deputados brasileiros. Repertório*(1991-1995);
COELHO, J. & OLIVEIRA, A.*Nova*; INF. BIOG.; *Perfil parlamentar/IstoÉ*.

[http://www.radiochapeco.com.br/?action=mostraNoticiaSF&ID=1007](http://www.radiochapeco.com.br/?action=mostraNoticiaSF&ID=1007)
acesso 31/10/09

[http://www.an.com.br/2007/jan/17/0pot.jsp](http://www.an.com.br/2007/jan/17/0pot.jsp)
acesso 31/10/09

[http://www.adjorisc.com.br/jornais/correiodocontestado/noticias/index.phtml?id\_conteudo=209060](http://www.adjorisc.com.br/jornais/correiodocontestado/noticias/index.phtml?id_conteudo=209060)
acesso 31/10/09

[http://www.floripanews.com.br/ver\_not.php?id=52717&ed=ENTREVISTAS&cat=Not%EDcias](http://www.floripanews.com.br/ver_not.php?id=52717&ed=ENTREVISTAS&cat=Not%EDcias)
acesso 31/10/09

[http://www.pagina3.com.br/geral/2009/jul/7/3](http://www.pagina3.com.br/geral/2009/jul/7/3)
acesso 31/10/09

 
