FONTES: CÂM. DEP. *Deputados;*CÂM. DEP. *Deputados brasileiros.
Repertório* (1975-1979 e 1979-1983); INF. BIOG; NÉRI, S. *16;
Perfil*(1980); TRIB. SUP. ELEIT. *Dados*(9); *Tribunal de Contas do
Estado do Espírito Santo*; *Assembléia Legislativa do Estado do Espírito
Santo; Jornal Espírito Santo Hoje* (03/06/2006); *Século Diário*
(09/01/2008, 01/02/2008); *Superior Tribunal de Justiça*.

 

 

 
