Fontes: CÂm. Dep. *Deputados brasileiros. Repertório*(1979-1983,
1983-1987, 1991-1995); *Estado de S. Paulo* (14/8/85); *Globo* (26/4/84,
16/11/85); INF. FAM.; CARNEIRO ARNAUD, Antonio. *Ruy Carneiro. Paraiba,
Nomes do Século*. Serie Histórica Nº 35. A UNIÃO Superintendência de
Imprensa e Editora. João Pessoa, 08 de outubro de 2000.

 
