**FONTES**: *Almanaque Abril*(1989); CÂM. DEP. *Deputados
brasileiros.*Repertório**(1995-1999); *Folha de S. Paulo*(31/1/95,
14/1/96, 29/9 e 6/11/98); *Globo* (10/10/98); *J**ornal do Brasil*
(12/6/91); Portal do TSE. Resultado da eleição 2004. Disponível em :
\<[http://
www.tse.gov.br/internet/eleicoes/2004/result\_blank.htm](http://%20www.tse.gov.br/internet/eleicoes/2004/result_blank.htm)\>.
Acesso em : 19 nov. 2009; TRIB. SUP. ELEIT. *Dados* (1998).

 

 
