FONTES: CÂM. DEP. *Deputados brasileiros. Repertório*(1995-1999);*Estado
de S. Paulo*(10/11/95, 8/10/98); *Folha de S. Paulo*(18/9/94, 31/1 e
13/5/95, 14/1/96, 8/5, 29/9 e 6/11/98, 3/2/99);*Jornal do Brasil* (20/4,
17/5 e 12/11/95);*Perfil parlamentar/IstoÉ*;**TRIB. SUP. ELEIT. *Dados*
(1998). Site da Câmara dos Deputados \<www.camara.gov.br\> Acesso em
17/10/2009; Site da Folha de São Paulo \<www.folha.uol.com.br\> Acesso
em 17/10/2009.

 
