FONTES: ARQ. NAC. Relação; BITTENCOURT, L. Homens I; CÂM. DEP. Anais
(1948); CÂM. DEP. Deputados; CÂM. DEP. Relação dos dep.; CAMPOS, Q.
Fichário; CARLI, G. JQ; CARVALHO, E. Petróleo; CISNEIROS, A.
Parlamentares; CONSULT. MAGALHÃES, B.; Encic. Mirador; FED. ESC.
ISOLADAS DO EST. RJ. Ministros; Grande encic. Delta; Rev. Ciência Pol.
(1966); SENADO. Relação; TEIXEIRA, F. História; TRIB. SUP. ELEIT. Dados;
VIANA FILHO, L. Governo.

 
