FONTES: Agência Senado. Disponível em: <http://www.senado.gov.br/agencia>. Acesso em 20/11/2009; ASSEMB. NAC. CONST. Repertório (1987); CÂM. DEP. Deputados brasileiros. Repertório (1995-1999); Estado de S. Paulo (28/11/97); Estado de S. Paulo (online). Disponível em: <http://www.estadao.com.br>. Acesso em 20/11/2009; Folha de S. Paulo (31/1/95, 14/1/96, 30/1/97, 29/9 e 6/11/98); Globo (29/1/97); Jornal do Brasil (4/6/96, 17/1/97); Portal do TSE. Disponível em: <http://www.tse.gov.br/>. Acesso em 20/11/2009; Portal JusBrasil. Disponível em: <http://www.jusbrasil.com.br>. Acesso em 20/11/2009. Portal G1 de Notícias. Disponível em: <http://g1.globo.com/>. Acesso em 14/04/2014. Portal do Tribunal Superior Eleitoral. Disponível em: <http://www.tse.jus.br/>. Acesso em 14/04/2014. 