FONTES: ARQ. DEP. PESQ. JORNAL DO BRASIL; CÂM. DEP. *Deputados
brasileiros.* *Repertório*(1967-1971);*Globo* (6/9/81); *Jornal do
Brasil*(9/10/66); Portal Sidney Rezende.
[http://www.sidneyrezende.com/noticia/16336](http://www.sidneyrezende.com/noticia/16336)
Acesso em 26/11/09; TRIB. SUP. ELEIT. *Dados* (3, 4, 6 e 8); TRIB. SUP.
ELEIT. *Candidatos* (1998).

 
