FONTES: ARQ. DEP. PESQ. JORNAL DO BRASIL; CÂM. DEP. *Anais*(1961-1);
CÂM. DEP*. Deputados;*CÂM. DEP. *Deputados brasileiros. Repertório*
(1946-1967); CÂM. DEP. *Relação nominal*; CAMPOS, Q.
*Fichário;*COUTINHO, A. *Brasil;*INF. BIOG.;*Jornal do Brasil*(7/4/74);
TRIB. SUP. ELEIT. *Dados*(4 e 6); Assembléia Legislativa do Estado do
Espírito Santo. *Noticias*(30/06/2009, 18/08/2009); *Folha do Espírito
Santo* (31/03/2004); Ministério da Justiça.
