FONTES: BARROS, E. Associação; BULHÕES, O. Margem; CARONE, E. Estado;
CARONE, E. República velha; CONF. NAC. COMÉRCIO. 20; CONSULT. MAGALHÃES,
B.; CURRIC. BIOG.; DAUDT FILHO, J. Memórias; FICHÁRIO PESQ. M. AMORIM;
Grande encic. Delta; HIRSCHOWICZ, E. Contemporâneos (1949); LEVINE, R.
Vargas; MACEDO, R. Efemérides; MORAIS, A. Minas; SOC. BRAS. EXPANSÃO
COMERCIAL. Quem (2).

 
