**FONTES**: *Almanaque do Exército* (1976); CURRIC. BIOG.; *Globo*
(16/9/86); INF. BIOG.; Portal Legião da Infantaria. Disponível em:
\<[http://www.bdaamv.eb.mil.br/Diversos/LegInfantaria/Leginfmedalhao.htm](http://www.bdaamv.eb.mil.br/Diversos/LegInfantaria/Leginfmedalhao.htm)\>.
Acesso em: 25 nov. 2009.

 
