FONTES: CÂM. DEP. *Deputados*;**CÂM. DEP.*Deputados brasileiros.
Repertório* (1967-1971 e 1975-1979); COUTINHO, A.
*Brasil*;*Globo*(3/2/79 e 30/1/81);*Grande encic. Delta*;*Jornal do
Brasil* (12/10/66, 22/11/74, 3 e 20/4/77, 20/11/78, 10/2/79 e 4/1/85);
JB Online (20/5/03); MOTA, M. *Erasmo*; NÉRI, S. *16*;*Perfil* (1980).

 

 

 

                                   
