FONTES: ASSEMB. NAC. CONST. Repertório (1987-1988); CÂM. DEP. Deputados brasileiros. Repertório (1991-1995); COELHO, J. ; OLIVEIRA, A. Nova; Estado de S. Paulo (30/10/1993); Folha de S. Paulo (19/01/1987); Jornal do Brasil (22/10/1993); Jornal Bsb (07/12/1986); Perfil parlamentar/ Isto É; Portal da Câmara dos Deputados. Disponível em: <http://www.camara.gov.br>. Acesso em 17/09/2009; Portal Estado de S. Paulo. Disponível em: <http://www.estadao.com.br/>. Acesso em 17/09/2009 e 20/08/2014; Portal NE Notícias. Disponível em: <http://www.nenoticias.com.br>. Acesso em 17/09/2009. Portal da Tribuna da Bahia. Disponível em: <http://www.tribunadabahia.com.br/>. Acesso em 20/08/2014; Portal do Tribunal Superior Eleitoral. Disponível em: <http://www.tse.jus.br/>. Acesso em 20/08/2014.