FONTES: CÂM. DEP. *Deputados brasileiros*. *Repertório*
(1991-1995);*Globo* (30/9/92); *Perfil parlamentar/IstoÉ*; SENADO.
Internet. Portal da Assembléia Legislativa do Estado do Ceará
([http://www.al.ce.gov.br/](http://www.al.ce.gov.br/); acessado em
12/08/09); Portal da Câmara dos Deputados
([http://www2.camara.gov.br/](http://www2.camara.gov.br/); acessado em
12/08/09); Portal do deputado estadual Luis Pontes
([http://www.luizpontes.com](http://www.luizpontes.com/oktiva.net/2113/);
acessado em 13/08/09); Portal Direito *2 – Notícias de Direito*
([http://www.direito2.com.br/](http://www.direito2.com.br/); acessado em
12/08/09); Portal do jornal *Folha de São Paulo*
([http://www.folha.uol.com.br/](http://www.folha.uol.com.br/); acessado
em 13/08/09); Portal do Senado Federal
([http://www.senado.gov.br/](http://www.senado.gov.br/); acessado em
12/08/09).

 

 
