**FONTES**: CÂM. DEP.*Deputados
brasileiros.*Repertório**(1995-1999,**supl.); CÂM. DEP. *Lista de
suplentes* (1991-1995);*Folha de S. Paulo* (18/9/94, 31/1/95, 29/9 e
10/10/98); G1. Portal de Notícias da Globo. Disponível em :
\<[http://g1.globo.com](http://g1.globo.com/)\>. Acesso em : 19 out.
2009;*Perfil parlamentar/IstoÉ;* Portal da Câmara dos Deputados.
Disponível em : \<[http://
www.camara.gov.br](http://%20www.camara.gov.br/)\>. Acesso em : 19 out.
2009; Portal FENAJ. Disponível em : \<[http://
www.fenaj.org.br](http://%20www.fenaj.org.br/)\>. Acesso em : 19 out.
2009; Portal Observatório da Imprensa. Disponível em :
\<[http://observatorio.ultimosegundo.ig.com.br](http://observatorio.ultimosegundo.ig.com.br/)\>.
Acesso em : 19 out. 2009; Portal TV Justiça. Disponível em :
\<[http://www.tvjustica.gov.br](http://www.tvjustica.gov.br/)\>. Acesso
em : 19 out. 2009; TRIB. REG. ELEIT. RS.*Candidatos*(1998).

 
