FONTES: ANDRADE, F. *Relação*; ASSEMB. LEGISL. MG. *Dicionário
biográfico*; CÂM. DEP. *Anais* (1962-4); CÂM. DEP. *Deputados*; CÂM.
DEP. *Deputados brasileiros. Repertório* (1946-1967 e 1963-1967); CÂM.
DEP. *Relação nominal dos senhores*; COUTINHO, A. *Brasil*; *Rev. Arq.
Públ. Mineiro* (12/76); SENADO FEDERAL. *Relação de deputados
falecidos*; TRIB. SUP. ELEIT. *Dados* (4, 6, 8 e 9); VÍTOR, M. *Cinco*.

 

 
