FONTES: ASSEMB. LEGISL. SC. *Dicionário político*; CABRAL, O.
*História*; CABRAL, O. *Breve*; CÂM. DEP. *Deputados*; ENTREV. PEIXOTO,
A.; FUND. GETULIO VARGAS. *Cronologia da Assembléia*; *Grande encic.
Delta*; NABUCO, C. *Vida*; PEIXOTO, A. *Getúlio*; POPPINO, R. *Federal*;
SILVA, H. *1935*; TRIB. SUP. ELEIT. *Dados* (2).

 
