FONTES: ABRANCHES, J. Governo; ANDRADE, F. Relação; ASSEMB. NAC. CONST.
1934. Anais (1); Boletim Min. Trab. (5/36); CÂM. DEP. Deputados; Câm.
Dep. seus componentes; CONSULT. MAGALHÃES B.; CONSULT. RAMOS, P.; Diário
do Congresso Nacional; FUND. GETULIO VARGAS. Cronologia da Assembléia;
GODINHO, V. Constituintes; Personalidades; Rev. Arq. Públ. Mineiro
(12/76).

 
