FONTES: ELETROBRÁS. *Relatório de diretoria*; ELETROBRÁS.*Relatório
reservado*(6/86); LEITE, A. *A energia;*MEMÓRIA DA ELETRICIDADE.
*Eletrobrás;*MEMÓRIA DA ELETRICIDADE. *Notas;*MEMÓRIA DA ELETRICIDADE.
*Panorama; Revista Bras. Energia Elétrica* (2 e 3/63, 4/64);**RICHER, P.
*Paulo Richer (depoimento)*.

 
