FONTES: CÂM. DEP. Deputados brasileiros. Repertório (1995-1999); Folha de S. Paulo (14/01/1996, 10/01/1997, 29/09/1998 e 06/11/1998); Jornal do Brasil (04/06/1996); Jornal O Globo (10/10/1998); TRIB. SUP. ELEIT. Dados (1998); Portal Agência Câmara. Disponível em: http://www2.camara.gov.br/. Acesso em 19/10/2000 e 20/08/2014; Portal Correio web. Disponível em: <http://www2.correioweb.com.br>. Acesso em 19/10/2009; Portal Folha de S. Paulo. Disponível em: <http://www1.folha.uol.com.br>. Acesso em 19/10/2009; Portal G1 de Notícias. Disponível em: <http://www.g1.globo.com/>. Acesso em 20/08/2014; Portal do Tribunal Superior Eleitoral. Disponível em: <http://www.tse.jus.br/>. Acesso em 20/08/2014. 