**FONTES**: Blog do Favre. Disponível em :
\<[http://blogdofavre.ig.com.br](http://blogdofavre.ig.com.br/)\>.
Acesso em : 30 set. 2009; CÂM. DEP. *Deputados
brasileiros.*Repertório**(1995-1999); *Correio Braziliense* (online).
Disponível em :
\<[http://www2.correioweb.com.br/cw/2002-01-30/mat\_30633.
htm](http://www2.correioweb.com.br/cw/2002-01-30/mat_30633.%20htm)\>.
Acesso em : 29 set. 2009; *Estado de S. Paulo*(15/2/96); *Estado de S.
Paulo* (online) 16 abr. 2009. Disponível em :
\<[http://www.estadao.com.br](http://www.estadao.com.br/)\>. Acesso em :
30 set. 2009;  *Folha de S. Paulo* (31/1 e 6/6/95, 14 e 26/1/96,
30/1/97, 5/2, 29/9 e 11/11/98);*Folha de S. Paulo* (online) 17 maio,
27,29 out. e 14,15 nov. 2001; 28 out. e 09,23 dez. 2002; 20 dez. 2003;
18,22 fev. 2004; 19,22 mar. 2007. Disponível em :
\<[http://www1.folha.uol.com.br](http://www1.folha.uol.com.br/)\>.
Acesso em : 29,30 set. e 03 out. 2009; Portal Biocomb. Disponível em :
\<[http:// biocomb.com.br/?p=829](http://%20biocomb.com.br/?p=829)\>.
Acesso em : 28 set. 2009; Portal Direito2. Disponível em :
\<[http://www.direito2.com.br](http://www.direito2.com.br/)\>. Acesso em
: 30 set. 2009; Portal do CMI Brasil. Disponível em :
\<[http://www.midiaindependente.org](http://www.midiaindependente.org/)\>.
Acesso em : 30 set. 2009; Portal do dep. fed. Vaccarezza. Disponível em
: \<[http://vaccarezza.com.br](http://vaccarezza.com.br/)\>. Acesso em :
30 set. 2009; Portal JusBrasil. Disponível em :
\<[http://www.jusbrasil.com.br/legislacao/97170/medida-proviso
ria-227-04](http://www.jusbrasil.com.br/legislacao/97170/medida-proviso%20ria-227-04)\>.
Acesso em : 30 set. 2009; Portal Revista Fórum. Disponível em :
\<[http://
www.revistaforum.com.br](http://%20www.revistaforum.com.br/)\>. Acesso
em : 30 set. 2009; Portal TV Cultura. Disponível em :
\<[http://www2.tvcultura.com.br/rodaviva/resultado.asp?programa=866](http://www2.tvcultura.com.br/rodaviva/resultado.asp?programa=866)\>.
Acesso em : 28 set. 2009;TRIB. REG. ELEIT. RS. *Candidatos* (1998).

 

 

 

 

 

 

 

 

 

 

 

 

 

 

 

 

 
