FONTES: ANDRADE, F. Relação; CÂM. DEP. Anais (6/5/12); CÂM. DEP.
Deputados; CÂM. DEP. Relação dos dep.; CONSULT. MAGALHÃES, B.; CORRESP.
SUP. TRIB. MILITAR; COUTINHO, A. Brasil; Diário do Congresso Nacional;
GALVÃO, F. Fechamento; HORTA, C. Famílias; MORAIS, A. Minas; Rev. Arq.
Públ. Mineiro (12/76); TORRES, J. História de Minas.

 
