FONTES: *Almanaque Abril* (1998); ASSEMB. NAC. CONST. *Repertório*
(1987-1988); *Folha de S. Paulo*(22/10/92, 1 e 19 /3/93, 12/4, 23 e
24/6, 20/9 e 20/10/95); *Globo* (28/11/86); INF. BIOG.; *Jornal do
Brasil* (30/5/87 e 19/3/93); *Perfil parlamentar/IstoÉ* (1991); SENADO.
*Dados* (1987). INTERNET. Portal do jornal *O
Mossoroense*([http://www2.uol.com.br/omossoroense/](http://www2.uol.com.br/omossoroense/);
acessado em 18/08/2009); Portal do jornal *O Povo*
([http://www.opovo.com.br/](http://www.opovo.com.br/); acessado em
18/08/2009); Portal do Partido Socialista Brasileiro
([http://www.psbnacional.org.br/](http://www.psbnacional.org.br/);
acessado em 18/08/2009).

 

 
