FONTES: CÂM. DEP. *Deputados brasileiros. Repertório* (1995-1999);
COELHO, J. & OLIVEIRA, A. *Nova*; *Globo*(30/9/92); *Olho no
Congresso/Folha de S. Paulo* (31/1/95 e 14/1/96); www.apruma.org.br
(Acesso em 30/9/09); www.cebela.org.br (Acesso em 28/9/09);
www.dominiopublico.gov.br (Acesso em 29/9/09); www.ifch.unicamp.br
(Acesso em 30/9/09); www.tse.gov.br (Acesso em 30/9/09); www.uema.br
(Acesso em 30/9/09).

 
