FONTES: CÂM. DEP. Deputados brasileiros. Repertório (1995-1999); Jornal Correio da Bahia (21/03/1998); Jornal Folha de S. Paulo (10/10/1998 e 02/02/1999); Portal da Câmara dos Deputados. Disponível em: <http://www.camara.gov.br/CoriolanoSales>. Acesso em 24/08/2009; Portal do Jornal da Mídia. Disponível em: <http://www.jornaldamidia.com.br>. Acesso em 24/08/2009; Portal do TSE. Disponível em: <http://www.tse.jus.br/>. Acesso em 25/06/2013.