FONTES: ALBUQUERQUE, J. Cearenses no Rio e em SP; ANSELMO, O. Revolução;
ARAÚJO, M. Cronologia 1943; ARQ. MIN. EXÉRC.; ARQ. OSVALDO ARANHA;
BRAGA, R. Dic.; CASTELO BRANCO FILHO, M. Depoimento; COUTINHO, A.
Brasil; Encic. Mirador; FONTOURA, J. Memórias; GIRÃO, R. Ceará; Grande
encic. Delta; HIRSCHOWICZ, E. Contemporâneos; Jornal do Brasil (1/5/78);
MIN. GUERRA. Almanaque; PEIXOTO, A. Getúlio; POPPINO, R. Federal; REGO
NETO, H. Fatos; SILVA, H. 1945; TÁVORA, J. Vida.

 
