FONTES: CÂM. DEP. *Deputados brasileiros. Repertório*(1991-1995); *Folha
de S. Paulo* (15/10/92, 20/5/93); *Globo*(5/10/79, 20/5/93);*Jornal do
Brasil* (18/9/75, 2/7/77, 7/6/78, 3/7/79, 18/2/86); NÉRI, S.
*16*;*Perfil*(1980); SENADO. *Dados biográficos*;**TRIB. SUP. ELEIT.
*Dados* (8); *Veja* (5/11/75);
[http://www.senado.gov.br/sf/senadores/senadores\_biografia.asp?codparl=2008&li=45&lcab=1975-1978&lf=45](http://www.senado.gov.br/sf/senadores/senadores_biografia.asp?codparl=2008&li=45&lcab=1975-1978&lf=45);
[http://www.jlocal.com.br/noticias.php?pesquisa=2406](http://www.jlocal.com.br/noticias.php?pesquisa=2406)

 
