FONTES: Diário do Congresso Nacional (27/4/72); Estado de S. Paulo (13/2
e 25/3/81); Globo (13/3/81); Jornal do Brasil (16/10/66 e 13/2/81);
NÉRI, S. 16; Perfil (1972 e 1980); Rev. Ciência Pol. (1966); SENADO.
Dados; SENADO. Dados biográficos (8); SENADO. Endereços; SENADO.
Relação; SENADO. Relação dos líderes; TRIB. SUP. ELEIT. Dados (3, 6 e
8).

 
