FONTES: CÂM. DEP. Deputado e embaixador; COLÉGIO EST. EMB. JOSÉ
BONIFÁCIO. Dr. José; Encic. Barsa; FONTOURA, J. Memórias; Grande encic.
portuguesa; Ilustração Brasileira (7/9/22); Jornal do Comércio, Rio
(25/2/54); MIN. REL. EXT. Anuário; MORAIS, A. Minas; NOGUEIRA FILHO, P.
Ideais; Rev. Arq. Públ. Mineiro (12/76); SILVA, G. Constituinte; SILVA,
H. 1930; Who’s who in Brazil.

 
