FONTES: ASSEMB. NAC. CONST. *Repertório* (1987-1988); CÂM. DEP.
*Deputados*;**CÂM. DEP. *Deputados brasileiros. Repertório*(1967-1971,
1975-1979, 1979-1983); COELHO, J. & OLIVEIRA, A. *Nova*; *Estado de S.
Paulo* (13/9/86); *Globo* (26/4/84 e 16/1/85); NÉRI, S.
*16*;*Perfil*(1980); SOC. BRAS. EXPANSÃO COMERCIAL. *Quem*;**TRIB. SUP.
ELEIT. *Dados*(4, 6, 8 e 9); *Estado do Maranhão* (31/07/07); *Jornal
Pequeno*, (31/07/07).

 
