FONTES: ALMEIDA, G. *Homens*;**ARQ. CLUBE 3 DE OUTUBRO; CÂM. DEP.
*Deputados*; CÂM. DEP. *Deputados brasileiros. Repertório*(1946-1967);
CURRIC. BIOG.; ENTREV. BIOG.; FUND. EDUC. SEVERINO SOMBRA. *Nos*
*Passos*;**GIRÃO, R. *Ceará*; MELO, O*. Marcha*;**NASSER, D.
*Revolução;* TAVARES J. *Radicalização*;**TRINDADE, H.
*Integralismo*;*Who’s who in Brazil*.

 

 
