FONTES: CÂM. DEP. *Deputados brasileiros. Repertório* (1991-1995); CÂM.
DEP. *Lista de suplentes* (1991-1995); DIAP. *Como falar*; *Correio
Brasiliense*(18/1/87); *Folha de S. Paulo* (19/1/87); TCE – GO
([www.tce.go.gov.br](http://www.tce.go.gov.br/)); TRIB. SUP. ELEIT.
(Sessões Ordinárias de 13 e 18/12/01); *Jornal Opção On-line* (18 a
24/1/04).
