FONTES: CÂM. DEP. *Deputados;*CÂM. DEP. *Deputados brasileiros.
Repertórios*(1971-1975, 1975-1979);*Estado de S. Paulo*(10/8/82);*Globo*
(28/3/86, 20/3/87); *Jornal do Brasil* (9/1 e 9/12/78, 10/7/88); NÉRI,
S. *16; Perfil* (1972, 1980); PIAZZA, W.F. *Dicionário político
catarinense*; SENADO. *Dados bibliográficos.*
