FONTES: ARQ. DEP. PESQ. JORNAL DO BRASIL; *Diário Oficial* (11/4/64);
ENTREV. BIOG.; *Estado de S. Paulo* (12/1/86); *Globo* (11/1/86); INF.
Iracema Teixeira; INF. Rui Moreira Lima; *Jornal do Brasil* (19/12/76,
20/6/80 e 11/1/86); MIN. AER. *Almanaque* (1963); SILVA, H. *1964*;
*Veja* (15/1/86); WANDERLEY, N. *História*.

 
