FONTES: ARAÚJO, A. Chefes; ARQ. GETÚLIO VARGAS; CÂM. DEP. Deputados;
CONSULT. MAGALHÃES, B.; COUTINHO, A. Brasil; Encic. Mirador; FIGUEIREDO,
E. Constituição; INF. Gofredo da Silva Teles Júnior; LEITE, A. História;
MENESES, R. Dic.; REALE, M. Memórias; RIBEIRO FILHO, J. Dic.; SILVA, H.
1932; Súmulas.

 
