FONTES: CÂM. DEP. *Deputados*; CÂM. DEP. *Relação nominal dos senhores*;
CORRESP. GOV. EST. RS; *Encic. Mirador*; *Grande encic. Delta*; IPC.
*Relação de parlamentares*; *Jornal do Brasil* (20/12/75); MIN. GUERRA.
*Almanaque* (1953); SOC. BRAS. EXPANSÃO COMERCIAL. *Quem*; *Súmulas*;
TRIB. SUP. ELEIT. *Dados* (6 e 8).

 
