FONTES: CÂM. DEP. *Deputados brasileiros. Repertório.*(1995-1999);
*Estado de S. Paulo*(28/11/97); *Folha de S. Paulo* (31/1/95, 14/1/96,
30/1/97, 29/9 e 6/11/98); *Globo*(29/1/97 e 10/10/98); *Jornal do
Brasil*(2/2/99); TRIB. REG. ELEIT. MA. *Relação* (1998).

http://noticias.pgr.mpf.gov.br/noticias-do-site/criminal/mpf-ma-propoe-denuncia-contra-o-ex-deputado-federal-remi-trinta/(26/10/2009);

http://www.direito2.com.br/tse/2006/set/27/mantido\_indeferimento\_de\_candidatura\_do\_deputado\_federal\_remi(26/10/2009);
http://www.jornalpequeno.com.br/2006/9/28/Pagina42946.htm(26/10/2009);

http://noticias.pgr.mpf.gov.br/noticias-do-site/eleitoral/eleitoral-2006/mpe-ma--comissao-de-propaganda-do-tre-multa-deputado-federal-do-pl-20060630/(26/10/2009)
