FONTES: Álbum; ARAÚJO, M. Cronologia 1943; ARQ. GETÚLIO VARGAS; CALMON,
P. História; CARONE, E. República nova; COSTA, M. Cronologia; COUTINHO,
L. General; DULLES, J. Getúlio; ENTREV. PEIXOTO, A.; Jornal do Brasil
(27/3/73); MACHADO, F. Últimos; NABUCO, C. Vida; REIS JÚNIOR, P.
Presidentes; SILVA, H. 1935; SILVA, H. 1937; SILVA, R. Notas; Veja
(4/4/73).

 
