FONTES: BITTENCOURT, A. Dic.; CÂM. DEP. Deputados: CISNEIROS, A.
Parlamentares; COUTINHO, A. Brasil; Diário do Congresso Nacional; Jornal
do Comércio, Rio (17 e 18/6/63); MACEDO, R. Efemérides; Rev. Ciência
Pol. (1966); SENADO. Dados; SENADO. Relação; SENADO. Relação dos
líderes; TRIB. SUP. ELEIT. Dados (2, 6 e 7).

 
