FONTES: ANDRADE, L. *Política*; AZEVEDO, S. *Política*; BANCO NAC.
HABIT. BNH; BANCO NAC. HABIT. *Relatório*; BOLAFFI, G. *Habitação*;
*Estado de S. Paulo* (2 e 10/12/86); *Folha de S. Paulo* (26/5/85,
10/12/86); *Globo* (26/11/86); *Jornal do Brasil* (26/11/86); SOUSA, B.
*BNH*; TRINDADE, M. *Habitação*.

 
