FONTES: CENT. MEM. ELET. BRAS. *Panorama*; ELETROBRÁS*.
Legislação*(1993);**ELETROBRÁS. *Plano decenal* (1998-2007); ELETROBRÁS.
*Séries*; ELETROSUL. *Relatório*(1994); ELETROSUL. *Relatório*(1998);
*Gazeta Mercantil* (1/5/97); *Jornal do Comércio* (17/6/98); LEITE, A.
*Energia do Br.;* MIN. MINAS ENERG. *Plano decenal*(1996-2005); MIN.
MINAS ENERG.*Recursos energéticos*; ROSA, L. *Reforma.*

 

 
