FONTES: ENTREV. ANDRADE, M.; ENTREV. COSTA, C.; ENTREV. PEREIRA, T.;
*Estado de Minas*(12/3/74, 2 e 16/4/77);*Impren**sa*(43); PORTAL DA
PROPAGANDA; *O Estado de Minas completa 80 anos;*disponível em:
http://www.portaldapropaganda.com.br/portal/propaganda/2310-estado-de-minas-completa-80-anos.html
; acesso em: 17/12/2009; *Veja* (4/2/98).

 
