FONTES: ARQ. PÚBL. EST. SE; COELHO, J. & OLIVEIRA, A. *Nova;*CÂM. DEP.
*Deputados*;**CÂM. DEP. *Deputados brasileiros.*
*Repertório*(1963-1967);*Diário do Congresso Nacional*; *Grande Encic.
Delta*;*Jornal do Brasil*(3/10/75, 1/9/78); NÉRI, S. 16;*Perfil*(1972,
1980); SENADO. *Dados biográficos*(1991); VAITSMAN, M. *Sangue*;*Veja*
(31/5/78); WYNNE, J. *História*.
