FONTES: CENT. MEM. ELET. BRAS. Panorama; COTRIM, J. História de Itaipu; ELETROBRAS. Legislação (1993); Gazeta Mercantil (14/5/97 e 4/4/98); GAZETA MERCANTIL. Panorama setorial (1997); ITAIPU BINACIONAL. Internet; ITAPU BINACIONAL. Relatório; LEITE, A. Energia do Brasil; RESENDE, E. & ALQUÉRES, J. Panorama;

Fontes adicionais
Congresso paraguaio contesta dívida de Itaipu. Gazeta Mercantil, São Paulo, 7 abr. 1997.
http://infoener.iee.usp.br/infoener/hemeroteca/imagens/17561.gif
Dívidas de Itaipu. Gazeta Mercantil, São Paulo, 8 set. 1997.
http://infoener.iee.usp.br/infoener/hemeroteca/imagens/20812.gif
Itaipu pode ter dívida dolarizada. Gazeta Mercantil, São Paulo, 9 dez. 1996.
http://infoener.iee.usp.br/infoener/hemeroteca/imagens/15234.gif
Itaipu resiste à onda privatizante. Gazeta Mercantil, São Paulo, 14 maio 1997.
http://infoener.iee.usp.br/infoener/hemeroteca/imagens/18310.gif
Novas turbinas de Itaipu entram em operação em 2003. Gazeta Mercantil, São Paulo, 14 nov. 2000.
http://infoener.iee.usp.br/infoener/hemeroteca/imagens/43781.gif
Itaipu Binacional. Relatório anual 2013.
https://www.itaipu.gov.br/sites/default/files/RelAnual-2013.pdf
Itaipu Binacional. “Itaipu desmente a revista Veja”. Sala de Imprensa, 4 mar. 2006. 
https://www.itaipu.gov.br/sala-de-imprensa/noticia/itaipu-desmente-revista-veja?page=125
Itaipu Binacional. “Inauguração de duas unidades geradoras marca início de nova fase de Itaipu”. Sala de Imprensa, 14 maio 2007. 
https://www.itaipu.gov.br/sala-de-imprensa/noticia/inauguracao-de-duas-unidades-geradoras-marca-inicio-de-nova-fase-de-itaipu
Paraguai pressiona para renegociar Itaipu. Folha de S. Paulo, São Paulo, 23 nov. http://www2.eletrosul.gov.br/gdi/gdi/cl_pesquisa.php?pg=cl_abre&cd=oiheXb0:DObd
 2006.
Senado aprova revisão do Tratado de Itaipu. Canal Energia, 12 maio 2011
http://www.canalenergia.com.br/zpublisher/materias/Regulacao_e_Politica.asp?id=83137
CORDEIRO, Enio. O Tratado de Itaipu e os acordos alcançados com o Paraguai. Revista Interesse Nacional, São Paulo, ano 2, nº 7. out.-dez. 2009.
http://interessenacional.uol.com.br/index.php/edicoes-revista/o-tratado-de-itaipu-e-os-acordos-alcancados-com-o-paraguai/
CARDOSO, Guilherme Rios. A energia dos vizinhos: uma análise da política externa do governo Lula na “nacionalização” do gás boliviano e nas alterações do Tratado de Itaipu. Dissertação (Mestrado). Pontifícia Universidade Católica do Rio de Janeiro, Instituto de Relações Internacionais, 2011. 
PERSSON, Luiz Felipe. As relações internacionais Brasil-Paraguai: o contencioso de Itaipu e os discursos do governo Lula da Silva. Dissertação (Mestrado). Pontifícia Universidade Católica do Rio Grande do Sul. Porto Alegre, 2011.
LEITE, Antonio Dias. A energia do Brasil. Rio de Janeiro: Lexikon, 2014.
