FONTE:TSE

 

 

Tabela 2

**Número de cadeiras obtidas pelo PMDB no Senado, por estado e região:
1982-1998**

 

**                                       1982                                             1986                                              1990                                             1994                                             1998**

**Estado/**

**Região**

**N**

**%**

**Força**

**relativa**

**N**

**%**

**Força**

**relativa**

**N**

**%**

**Força**

**relativa**

**N**

**%**

**Força**

**relativa**

**N**

**%**

**Força**

**relativa**

Rondônia

0

0,0

0,0

2

5,3

4,1

0

0,0

0,0

0

0,0

0,0

1

8,3

3,7

Acre

1

11,1

4,0

2

5,3

4,1

1

12,5

3,2

1

7,1

1,9

0

0,0

0,0

Amazonas

1

11,1

4,0

2

5,3

4,1

0

0,0

0,0

0

0,0

0,0

1

8,3

3,7

Roraima

-

-

-

-

-

-

1

12,5

3,2

0

0,0

0,0

0

0,0

0,0

Pará

1

11,1

4,0

1

2,6

2,0

0

0,0

0,0

1

7,1

1,9

0

0,0

0,0

Amapá

-

-

-

-

-

-

1

12,5

3,2

1

7,1

1,9

1

8,3

3,7

Tocantins

-

-

-

-

-

-

0

0,0

0,0

0

0,0

0,0

0

0,0

0,0

**NORTE**

**3**

**33,3**

**12,0**

**7**

**18,4**

**14,3**

**3**

**37,5**

**9,7**

**3**

**21,4**

**5,6**

**3**

**25,0**

**11,1**

Maranhão

0

0,0

0,0

0

0,0

0,0

0

0,0

0,0

0

0,0

0,0

1

8,3

3,7

Piauí

0

0,0

0,0

1

2,6

2,0

0

0,0

0,0

0

0,0

0,0

1

8,3

3,7

Ceará

0

0,0

0,0

2

5,3

4,1

0

0,0

0,0

0

0,0

0,0

0

0,0

0,0

R. G. Norte

0

0,0

0,0

0

0,0

0,0

1

12,5

3,2

0

0,0

0,0

1

8,3

3,7

Paraíba

0

0,0

0,0

2

5,3

4,1

1

12,5

3,2

2

14,3

3,7

1

8,3

3,7

Pernambuco

0

0,0

0,0

1

2,6

2,0

0

0,0

0,0

0

0,0

0,0

0

0,0

0,0

Alagoas

0

0,0

0,0

1

2,6

2,0

0

0,0

0,0

1

7,1

1,9

0

0,0

0,0

Sergipe

0

0,0

0,0

1

2,6

2,0

0

0,0

0,0

0

0,0

0,0

0

0,0

0,0

Bahia

0

0,0

0,0

2

5,3

4,1

0

0,0

0,0

0

0,0

0,0

0

0,0

0,0

 

**NORDESTE**

**0**

**0,0**

**0,0**

**10**

**26,3**

**20,4**

**2**

**25,0**

**6,5**

**3**

**21,4**

**5,6**

**4**

**33,3**

**14,8**

Minas Gerais

1

11,1

4,0

2

5,3

4,1

0

0,0

0,0

0

0,0

0,0

1

8,3

3,7

Espírito Santo

1

11,1

4,0

2

5,3

4,1

0

0,0

0,0

1

7,1

1,9

0

0,0

0,0

Rio de Janeiro

0

0,0

0,0

1

2,6

2,0

0

0,0

0,0

1

7,1

1,9

0

0,0

0,0

São Paulo

1

11,1

4,0

2

5,3

4,1

0

0,0

0,0

0

0,0

0,0

0

0,0

0,0

**SUDESTE**

**3**

**33,3**

**12,0**

**7**

**18,4**

**14,3**

**0**

**0,0**

**0,0**

**2**

**14,3**

**3,7**

**1**

**8,3**

**3,7**

Paraná

1

11,1

4,0

2

5,3

4,1

1

12,5

3,2

1

7,1

1,9

0

0,0

0,0

Santa Catarina

0

0,0

0,0

2

5,3

4,1

0

0,0

0,0

1

7,1

1,9

0

0,0

0,0

R. G. do Sul

0

0,0

0,0

2

5,3

4,1

1

12,5

3,2

0

0,0

0,0

1

8,3

3,7

**SUL**

**1**

**11,1**

**4,0**

**6**

**15,8**

**12,2**

**2**

**25,0**

**6,5**

**2**

**14,3**

**3,7**

**1**

**8,3**

**3,7**

M. G. do Sul

1

11,1

4,0

2

5,3

4,1

0

0,0

0,0

1

7,1

1,9

1

8,3

3,7

Mato Grosso

0

0,0

0,0

2

5,3

4,1

0

0,0

0,0

1

7,1

1,9

0

0,0

0,0

Goiás

1

11,1

4,0

2

5,3

4,1

1

12,5

3,2

2

14,3

3,7

1

8,3

3,7

Distrito Federal

-

-

-

2

5,3

4,1

0

0,0

0,0

0

0,0

0,0

1

8,3

3,7

**CENTRO-OESTE**

**2**

**22,2**

** **

**8,0**

**8**

**21,1**

**16,3**

**1**

**12,5**

**3,2**

**4**

**28,6**

**7,4**

**3**

**25,0**

**11,1**

**BRASIL**

**9**

**100,0**

**36,0**

**38**

**100,0**

**77,6**

**8**

**100,0**

**25,8**

**14**

**100,0**

**25,9**

**12**

**100,0**

**44,4**

**Total**

**25**

** **

**100,0**

**49**

** **

**100,0**

**31**

** **

**100,0**

**54**

** **

**100,0**

**27**

** **

**100,0**

FONTE:TSE

 

No Senado Federal a representação obtida mais que dobrou de 1982 para
1986 e reduziu-se significativamente em 1990. A tipicidade da eleição de
1986 impulsionou positivamente, e muito, o crescimento da votação do
partido nas eleições majoritárias (governos estaduais e Senado), tendo,
adicionalmente, exercido um efeito positivo bem mais reduzido na eleição
proporcional para a Câmara dos Deputados.

No período o PMDB elegeu nove governadores em 1982, 22 em 1986 e sete em
1990. Já nas assembleias legislativas obteve 42,7% das cadeiras em 1982,
47% em 1986, e apenas 20,4% em 1990.

Em 1998, derrotado em sua pretensão de lançar-se candidato à presidência
pelo partido, Itamar Franco teve de se contentar com a indicação para a
disputa do governo de Minas Gerais. Uma vez eleito, Itamar se tornaria a
principal voz de oposição do PMDB ao governo de Fernando Henrique. Além
dele, o PMDB elegeu seis outros governadores — Joaquim Roriz no Distrito
Federal, Jarbas Vasconcelos em Pernambuco, Garibaldi Alves Filho no Rio
Grande do Norte, Valdir Raupp em Rondônia, Mão Santa no Piauí e José
Maranhão na Paraíba. Entretanto, o partido demonstrou pouca força nos
dois principais estados brasileiros. No Rio de Janeiro, onde não
apresentou candidato próprio, uma ala do partido apoiou, no segundo
turno, o candidato do PFL César Maia. No estado de São Paulo, onde o
PMDB vinha perdendo sua participação desde 1994, a candidatura de
Orestes Quércia permaneceu toda a campanha em quinto lugar, obtendo ao
final menos de 5% dos votos válidos; para o segundo turno Quércia
declarou neutralidade, dividindo assim o apoio do partido entre os
candidatos do Partido Progressista Brasileiro (PPB) e do PSDB.

Tendo eleito a terceira maior bancada no Congresso, o partido dispunha
ainda de força suficiente para negociar os temas de seu interesse junto
ao Executivo. E este, por seu lado, necessitava do PMDB para a
composição de seu governo e a aprovação de suas pautas. Apesar da sua
instabilidade durante a década de 1990, o partido demonstrou possuir
força suficiente para permanecer entre os grandes partidos brasileiros.

 

Os anos 2000

Nas eleições de 2000, os peemedebistas elegeram 1.256 prefeitos em todo
o país. Destes, quatro em capitais estaduais: Flaviano Melo, em Rio
Branco, Juraci Magalhães, em Fortaleza, André Puccinelli, em Campo
Grande, e Cícero Lucena Filho, em João Pessoa.

A estratégia do partido para as eleições de 2002 novamente oscilou entre
a perspectiva de lançamento de uma candidatura própria à presidência e a
articulação de uma coligação, apoiando candidato de outra agremiação.
Diante do desgaste da aliança entre PSDB e PFL, ao final do segundo
governo Fernando Henrique Cardoso (1999-2003), abriu-se a oportunidade
para o PMDB compor com os tucanos a chapa presidencial. A deputada
federal Rita Camata, do Espírito Santo, foi escolhida como candidata a
vice, pelo PMDB, na chapa liderada por José Serra, do PSDB de São Paulo.
A dupla obteve, no primeiro turno, 23% dos votos válidos – mais de 19
milhões – e qualificou-se para a disputa contra Luis Inácio Lula da
Silva, do Partido dos Trabalhadores (PT), que acabaria vitorioso no
segundo turno. A chapa PSDB/PMDB obteve cerca de 38% dos votos no turno
final.

Nas eleições estaduais do mesmo ano o PMDB apresentou candidatos
próprios em 16 estados, e elegeu (ou reelegeu) cinco governadores:
Jarbas Vasconcelos em Pernambuco, Joaquim Roriz no Distrito Federal,
Roberto Requião no Paraná, Germano Rigotto no Rio Grande do Sul, e Luís
Henrique em Santa Catarina. Nas eleições legislativas federais, o
partido elegeu a terceira maior bancada na Câmara, com 64 deputados,
sendo superado apenas pelo PT e pelo PFL. Já no Senado, o partido
incorporou às suas linhas nove representantes novos.

Nos pleitos municipais de 2004, o PMDB teve reduzido o seu número de
prefeituras. Foram eleitos na legenda 1.059 prefeitos, dos quais somente
dois em capitais: Íris Resende, em Goiânia, e Nelson Trad Filho, em
Campo Grande.

Em 2006, uma vez inviabilizada nova tentativa de apresentação de uma
candidatura própria à presidência, o PMDB optou por não se coligar com
nenhuma das legendas postulantes. Manteve-se fiel à sua estratégia de
maximizar resultados nas outras esferas de disputa, e elegeu
governadores em sete unidades da Federação, resultado superior ao obtido
em 2002. Os governadores peemedebistas eleitos (ou reeleitos) então
foram: Sérgio Cabral no Rio de Janeiro, Paulo Hartung no Espírito Santo,
Marcelo Miranda em Tocantins, André Puccinelli no Mato Grosso do Sul,
Carlos Eduardo de Sousa Braga no Amazonas, Luís Henrique em Santa
Catarina e Roberto Requião no Paraná.

Nas eleições para o Congresso, o PMDB voltou a eleger a maior bancada da
Câmara, empatado com o PT: as duas legendas elegeram 71 deputados, cada.
O desempenho dos peemedebistas no Senado já não foi tão bom, tendo a
sigla aumentando sua bancada com mais quatro membros, ficando
ligeiramente abaixo de rivais como o PFL e o PSDB.

No ano de 2008 o PMDB mais uma vez demonstrou sua capilaridade, elegendo
1.194 prefeitos em todo o Brasil. As seis capitais onde os peemedebistas
se saíram vitoriosos foram o Rio de Janeiro, com Eduardo Pais, Porto
Alegre, com a reeleição de José Fogaça (que retornara à legenda),
Salvador, com João Henrique, Goiânia, com a reeleição de Íris Resende,
Campo Grande, com Nélson Trad Filho, também reeleito, e Florianópolis,
com a reeleição de Dário Berger (que também durante seu primeiro mandato
migrara para o PMDB).

Olavo Brasil de Lima Júnior colaboração especial

*Fernando Lattman-Weltman* atualização

** **

**FONTES**:*Estado de S. Paulo* (9/3/98); *Folha de S. Paulo* (29/6, 4 e
10/10/98); *Globo* (9/10/98); KINZO, M.*Radiografia*; LIMA JÚNIOR., O.
B. *Democracia*; PMDB. *Estatuto;* Portal do TSE. Disponível em:
\<http://www.tse.gov.br\>. Acesso em: 1 dez. 2009; TRIB. SUP. ELEIT.
*Dados* (1998).

 
