FONTES: ANDRADE, F. *Relação*; ASSEMB. LEGISL. MG. *Dicionário
biográfico*; ASSEMB. NAC. CONST. 1934. *Anais*; *Boletim Min. Trab.*
(5/36); CÂM. DEP. *Deputados;*CÂM. DEP. *Relação nominal; Câm. dep. seus
componentes*; CORRESP. ARQ. PÚBL. MINEIRO; COUTINHO, A. *Brasil*;
*Diário da Assembléia* *BH*; *Diário do Congresso Nacional*; *Dic.
American;*GODINHO, V. *Constituintes*; *Grande encic. Delta*;
HIRSCHOWICZ, E. *Contemporâneos*; OLIVEIRA, M. *História*; *Rev. Arq.
Públ. Mineiro* (12/76).

 
