FONTES:  CARONE, E. *Primeira*;**CARONE, E*. República velha*FAUSTO, B.
*Trabalho*; LOWY, M. *Opiniões,*MORAIS FILHO, E. *Apontamentos*;**MORAIS
FILHO, E. Problema; NIEMEYER,**V*. Movimento*;**PINHEIRO,
P.*Política*;**RODRIGUES, J. *Sindicato*;*RODRIGUES, L.
*Conflito,,*SIMÃO, A. *Sindicato,* VIANA, F. *Problemas*;**VIANA, L.
*Liberalismo.*

ALMEIDA, M.*Crise*; RODRIGUES, L.*Partidos*; RODRIGUES, L. *Tendências*.

 

 

 

 
