FONTES: CÂM. DEP. *Deputados*;**CÂM. DEP*. Deputados brasileiros.
Repertórios*(1971-1975, 1975-1979); *Globo* (26/4/84, 16/1/85); INF.
BIOG.; *Jornal do Brasil*(6/11/77, 5, 18, 19 e 20/11/78); NÉRI, S. *16;
Perfil*(1972); Portal do Senado www.senado.gov.br acesso em 20/9/09;
Portal governo de Goiás  www.gabinetecivil.goias.gov.br/ acesso em
20/9/09; TRIB. SUP. ELEIT. *Dados*(9); TRIB. SUP. ELEIT. (1982, 1994).

 

 

 
