FONTES: CÂM. DEP.  Deputados brasileiros. Repertório (1995-1999); Folha de São Paulo (29/9 e 6/11/98); INF. BIOG. Internet; Jornal do Brasil (24/5/98). Portal da Câmara dos Deputados. Disponível em: <http://www2.camara.leg.br>. Acesso em 28/10/2013; Portal do Ministério Público Federal. Disponível em: <http://www.pgr.mpf.mp.br/> acesso em 28/10/2013; Portal do Tribunal Superior Eleitoral. Disponível em: <http://www.tse.jus.br>, acesso em 28/10/2013; 