FONTES: ASSEMB. NAC. CONST. Repertório (1987-1988); COELHO, J. & OLIVEIRA, A. Nova; Estado de S. Paulo (31/7/87, 6/11/96, 5/3/98); Folha de S. Paulo (28/10/94, 16/2, 14/7 e 24, 29/11 e 17/12/96); Globo (27/10/88, 9 e 10/7/89, 27/10/90, 29/11/96); Jornal do Brasil (1/10/87, 26/9/88, 28/10/94, 8/12/95, 26 e 27/11/96); NICOLAU, J. Dados; Veja (30/11/83, 14/11/84). DISPONÍVEL EM SITE DO G1 http://g1.globo.com/economia/noticia/2013/05/dilma-anuncia-afif-como-ministro-da-micro-e-pequena-empresa.html; DISPONÍVEL EM WIKIPEDIA http://pt.wikipedia.org/wiki/Guilherme_Afif_Domingos; DISPONÍVEL EM PORTAL DO GOVERNO BRASILERO http://www.brasil.gov.br/economia-e-emprego/2014/06/afif-assina-acordo-para-implementar-redesim-em-sao-paulo ; DISPONÍVEL EM SITE DO ESTADÃO http://topicos.estadao.com.br/noticias-sobre-guilherme-afif-domingos 