**FONTES**: CÂM. DEP. *Deputados
brasileiros.*Repertório**(1995-1999);*Folha de S. Paulo* (31/1/95,
14/1/96, 30/1/97, 5/2, 29/9, 10/10 e 11/11/98, 2/2/99);*Folha de
S.Paulo* (online). Disponível em:
\<[http://www.folha.com.br](http://www.folha.com.br/)\>. Acesso em: 29
set. 2009; G1. Portal de Notícias da Globo. Disponível em:
\<[http://g1.oglobo.com](http://g1.oglobo.com/)\>. Acesso em: 29 set.
2009; Portal da Câmara dos Deputados. Disponível em:
\<[http://www2.camara.gov.br](http://www2.camara.gov.br/)\>. Acesso em:
29 set. 2009; TRIB. REG. ELEIT. RS. *Candidatos* (1998).
