FONTES: CÂM. DEP. Deputados brasileiros. Repertório (1995-1999); Jornal Diário Maringá (14/07/2008); Jornal Folha de S. Paulo (31/01/1995, 14/01/1996, 30/01/1997, 05/02/1998, 29/09/1998, 10/10/1998 e 06/11/98); Jornal Gazeta do Povo (06/10/08); Jornal Norte (17/10/05); Jornal Paraná (28/1/04); Jornal O Globo (06/05/98); Portal da Câmara dos Deputados. Disponível em: <www2.camara.gov.br>. Acesso em 11/10/2009; Portal do Jornal Folha de S. Paulo. Disponível em: <http://www.folha.uol.com.br>. Acesso em 26/07/2013; Portal do Ministério Público do Estado do Paraná. Disponível em <http://www.mp.pr.gov.br>. Acesso em 25/07/2013; Portal do STF. Disponível: <www.stf.gov.br>. Acesso em: 11/10/2009; Portal UOL Notícias. Disponível em: <http://noticias.uol.com.br>. Acesso em 25/07/2013.