**FONTES**: CÂM. DEP. *Deputados brasileiros*. Repertórios (1991-1995,
1995-1999); *Correio da* *Bahia*(20/1/87); *Folha de S. Paulo* (19/1/87,
18/9/94); *IstoÉ/Senhor* (1991); Portal da Secretaria de Comunicação de
Salvador. Disponível em: \<http://www.secom.salvador.ba.gov.br\>. Acesso
em: 19 out. 2009.

 
