FONTES: *Agência Brasil.*(16/3/2009; disponível em:
[http://www.agrosoft.org.br/agropag/209660.htm](http://www.agrosoft.org.br/agropag/209660.htm);
acessado em: 8/12/2009); CONTAG. *Quem somos.* (Disponível em:
[http://www.contag.org.br/index.php](http://www.contag.org.br/index.php);
acessado em: 8/12/2009); Maybury-Lewis, B. *Politics;*MEDEIROS, L.
*História**;*MEDEIROS, L., NOVAIS, R. & IÓRIO, M. *Sindicalismo;*NOVAIS,
R. *Continuidades;*NOVAIS, R. *Dissolver;*PALMEIRA, M. *Diversidade.*

 
