FONTES: APPLETON, J. *Traité*;**BIELSA, R*. Abocacia*;**CREMIEU, L.
*Traité*;**DOUX-CHAMPS, C*. Profession*;**DUMAS, R.
*Avocats*;**GADERNATI, L. *Traité*;**GIL, A. *Abogado*;**GUEIROS, N.
*Advocacia*;**GUEYDA, J. *Avocats*;**OAB. *Anais* (1986 e 1988); OAB.
Internet; PAYEN, F. *Régles*; PORTAL Agência Brasil.
*Notícias*(31/03/2009). Disponível em:
[http://www.agenciabrasil.gov.br/noticias/2009/03/31/materia.2009-03-31.1334054220/view](http://www.agenciabrasil.gov.br/noticias/2009/03/31/materia.2009-03-31.1334054220/view),
acesso em: 28/01/2009; * *PORTAL DIREITO.COM.BR. Disponível em:
[http://pub.direito2.com.br/oab/2006/out/30/oab\_conclama\_lula\_e\_congresso\_nacional\_a\_reforma\_politica](http://pub.direito2.com.br/oab/2006/out/30/oab_conclama_lula_e_congresso_nacional_a_reforma_politica),
ACESSO EM: 28/01/2009; PORTAL OAB. Disponível em:
[http://www.oab.org.br/hist\_oab/destaques.html\#sedepropria](http://www.oab.org.br/hist_oab/destaques.html#sedepropria);
PORTAL OAB DE SANTA CATARINA. *Notícias*(8/5/2006), disponível em:
[http://www.oab-sc.org.br/controller?command=noticia.Detail&id=860](http://www.oab-sc.org.br/controller?command=noticia.Detail&id=860),
acccesso em: 27/01/2009; PORTAL JUSBRASIL. *Notíc**ias
Jurídicas*(28/03/2003), disponível em:
[http://www.jusbrasil.com.br/noticias/1645386/oab-apoia-cpi-para-investigar-judiciario](http://www.jusbrasil.com.br/noticias/1645386/oab-apoia-cpi-para-investigar-judiciario),
acesso em: 27/01/2009; SKIDMORE, T. *Brasil: de Castelo*; SODRÉ, R*.
Ética*; *Tribuna do Advogado* (ago. 1996 e mar. 1987); UNION
INTERNATIONALE DES AVOCATS. *Barreaux*; VARGAS, H.*Ordem*; VENÂNCIO
FILHO, A. *Notícia*.******

 
