FONTES: CÂM. DEP. *Deputados brasileiros. Repertório*(1995-1999); *Folha
de S. Paulo* (31/1/95, 14/1/96, 29/9; 6/11/98); *Globo* (10/10/98);
TRIB. SUP. ELEIT. *Dados*(1998); *Portal da Câmara dos Deputados*
([http://www2.camara.gov.br](http://www2.camara.gov.br/); acessado em
19/10/2009 e 04/11/09); *Portal do Democratas*
([http://www.democratas.org.br](http://www.democratas.org.br/); acessado
em 04/11/09)..

 
