**FONTES**: *Diário de Barretos* (online). Disponível em :
\<http://[www.odiariodebarretos.
com.br/www1/online/artigos\_especiais/redevida.htm](http://www.odiariodebarretos.%20com.br/www1/online/artigos_especiais/redevida.htm)\>.
Acesso em : 17 set. 2009; *Estado de S.Paulo* (online). Disponível
em:\<http://[www.estadao.com.br/arquivo/
cidades/2006/not20060824p29658.htm](http://www.estadao.com.br/arquivo/%20cidades/2006/not20060824p29658.htm)\>.
Acesso em : 17 set. 2009; Portal Arquidiocese de Londrina. Disponível em
:
\<[http://www.arquidiocesedelondrina.com.br/bispos.php](http://www.arquidiocesedelondrina.com.br/bispos.php)\>.
Acesso em : 17 set. 2009; Portal Arquidiocese de Salvador. Disponível em
: \<[http://
www.arquidiocesesalvador.org.br/conteudo.php?ID=73](http://%20www.arquidiocesesalvador.org.br/conteudo.php?ID=73)\>.
Acesso em : 17 set. 2009; Portal Athos GLS. Disponível em :
\<[http://www.athosgls.com.br/noticias\_visualiza.
php?contcod=25851](http://www.athosgls.com.br/noticias_visualiza.%20php?contcod=25851)\>.
Acesso em : 17 set. 2009; Portal Canção Nova. Disponível em :
\<[http://noticias.cancaonova.com/noticia.php?id=247671](http://noticias.cancaonova.com/noticia.php?id=247671)\>.
Acesso em : 17 set. 2009; Portal CNBB - Conferência Nacional dos Bispos
do Brasil. Disponível em : \<[http://
www.cnbb.org.br/bispos/visual/index.php?nome=Agnelo&diocese](http://%20www.cnbb.org.br/bispos/visual/index.php?nome=Agnelo&diocese)=\>.
Acesso em : 17 set. 2009; Portal Correio da PJEST. Disponível em :
\<[http://www.pjestigmatina.com/
correio\_daPJEst/paginas/2007/16.html](http://www.pjestigmatina.com/%20correio_daPJEst/paginas/2007/16.html)\>.
Acesso em : 17 set. 2009; Portal Diversidade Católica. Disponível em :
\<[http://www.diversidadecatolica.com.br/opiniao\_mott.asp](http://www.diversidadecatolica.com.br/opiniao_mott.asp)\>.
Acesso em : 17 set. 2009; Portal Globo Minas. Disponível em :
\<[http://redeglobo.
globo.com/GMinas/0,23716,GSM0-3403-89376,00.html](http://redeglobo.%20globo.com/GMinas/0,23716,GSM0-3403-89376,00.html)\>.
Acesso em : 17 set. 2009; Portal Londrix. Disponível em :
\<http://[www.londrix.com.br/noticias.php?id=6036](http://www.londrix.com.br/noticias.php?id=6036)\>.
Acesso em : 17 set. 2009; Portal Paróquia Senhora Sant’Ana – Varjota –
CE. Disponível em :
\<http://[](http://www.londrix.com.br/noticias.php?id=6036)[www.paroquiadevarjota.com.br/p\_crianca.php](http://www.paroquiadevarjota.com.br/p_crianca.php)\>.
Acesso em : 17 set. 2009; Portal Pastoral da Criança. Disponível em :
\<[http://sites.pastoraldacrianca.
org.br/pastoraldacrianca/index.php?option=com\_content&view=article&id=74%3Aperfil-dra-zilda-arns-neumann&Itemid=27](http://sites.pastoraldacrianca.%20org.br/pastoraldacrianca/index.php?option=com_content&view=article&id=74%3Aperfil-dra-zilda-arns-neumann&Itemid=27)\>.
Acesso em : 17 set. 2009; UOL Notícias. Disponível em :
\<[http://noticias.uol.com.br/uolnews/brasil/2006/05/15/ult2492u198.
jhtm](http://noticias.uol.com.br/uolnews/brasil/2006/05/15/ult2492u198.%20jhtm)\>.
Acesso em : 17 set. 2009; *Veja* (online) 20 jan. 1999. Disponível em :
\<[http://
veja.abril.com.br/200199/p\_094.html](http://%20veja.abril.com.br/200199/p_094.html)\>.
Acesso em : 17 set. 2009.

** **
