FONTES: *Agência Alese de Notícias*. Disponível em:
\<[http://www.agenciaalese.se.gov.br](http://www.agenciaalese.se.gov.br/)\>.
Acesso em: 01 jun. 2009; ASS. LEG. *Parlamentares de Sergipe.
Repertório* (1995-1999); CÂM. DEP. *Deputados brasileiros. Repertório*
(1999-2003/ 2003-2007); *Jornal da Cidade*. Disponível em:
[http://www.jornaldacidade.net](http://www.jornaldacidade.net/)\>.
Acesso em: 10 maio 2009; *Portal de Sergipe.* Disponível em:
\<[http://www.se.gov.br](http://www.se.gov.br/)\>. Acesso em: 18 fev.
2008.

