FONTES: Portal da Câmara dos Deputados (http://www2.camara.gov.br/;
acessado em 17/04/2009); Portal do Jornal *Correio d**e Notícias*
(http://www.correiodenoticias.com/ ; acessado em 17/04/2009); Portal do
Jornal *Folha de São Paulo* (http://www1.folha.uol.com.br/; acessado em
17/04/2009); Portal do Tribunal Regional Eleitoral do Maranhão
(http://www.tre-ma.gov.br/; acessado em 17/04/2009).
