**FONTES**: *Folha de S.Paulo* (online). Disponível em : \<http://
www1.folha.uol.com.br\>. Acesso em : 10 out. 2009; *Estado de S.Paulo*
(online). Disponível em : \<http://
[www.estadao.com.br](http://www.estadao.com.br/)\>. Acesso em : 10 out.
2009; *Globo* (online). Disponível em : \<
[http://oglobo.globo.com](http://oglobo.globo.com/)\>. Acesso em : 10
out. 2009; Portal do Senado Federal. Disponível em :
\<[http://www.senado.gov.br](http://www.senado.gov.br/)\>. Acesso em :
13 set. 2009; Transparência Brasil – Excelências. Disponível em :
\<[http://www.excelencias.org.br](http://www.excelencias.org.br/)\>.
Acesso em : 29 set. 2009; WIKIPÉDIA. Disponível em :
\<[http://pt.wikipedia.org/wiki/
Augusto\_Botelho](http://pt.wikipedia.org/wiki/%20Augusto_Botelho)\>.
Acesso em : 30 set. 2009.

 

 

 

 

 

 
