**FONTES**: CURRIC. BIOG.; *Globo* (online). Disponível em :
\<[http://www.oglobo.com](http://www.oglobo.com/)\>. Acesso em : 08 out.
2006; Portal da Câmara dos Deputados. Disponível em :
\<[http://www2.camara.gov.br/deputados](http://www2.camara.gov.br/deputados)\>;
Portal do TSE. Disponível em
:\<[http://www.tse.gov.br](http://www.tse.gov.br/)\>.

 
