**FONTES**: ASSEMB. NAC. CONST. *Repertório*(1987-1988); CÂM. DEP.
*Deputados brasileiros.*Repertório (1983-1987); COELHO, J.; OLIVEIRA, A.
*Nova*; *Estado de S. Paulo*(25 e 28/8/85, 24/6/88); *Folha de S. Paulo*
(19/1, 27/2/87); *Jornal do Brasil* (6/4/86, 2 e 4/1, 26/3, 18/4/87);
SENADO.*Dados biográficos*(1991-1995); *Veja*(27/4/83 e 22/5/85).

 
