**FONTES**: *Estado de S. Paulo* (5/10, 6/10 e 12/10/05; 11/5/06);
*Folha de S. Paulo* (6/10/05; 11/5, 18/5, 16/12/06; 22/3, 24/4/07);
*Gazeta de Alagoas*(9/8/06); *Globo* (5/10, 6/10/05; 10/3, 20/12/06);
Portal da Câmara dos Deputados. Disponível em:
\<[http://www2.camara.gov.br/deputados](http://www2.camara.gov.br/deputados)\>;
Portal do TSE. Disponível em:
\<[http://www](http://www/)[.](http://www.tse/)

[tse](http://www.tse/)[.](http://www.tse.gov.br/)[gov.br/](http://www.tse.gov.br/)[internet/eleicoes/normas\_document.2006.htm](http://www.tse.gov.br/internet/eleicoes/normas_document.2006.htm)\>;
Portal TERRA-Notícias (eleições 2006). Disponível em:
\<[http://noticias.terra.com.br/eleicoes2006](http://noticias.terra.com.br/eleicoes2006)\>;
Projeto de Lei n. 4917/2001; *Tribuna de Alagoas* (24/4/05). 
