FONTES: BANDEIRA, L. *24;*CAFÉ FILHO,**J.*Sindicato;*CÂM. DEP.
*Anais;*CÂM. DEP. *Deputados;*CÂM. DEP. *Relação dos dep.;* CÂM. DEP.
*Relação nominal dos senhores;* CISNEIROS, A. *Parlamentares;*COSTA, M.
*Cronologia; Efemérides Paulistas; Eleitos; Estado de S.
Paulo*(23/9/62); GALVÃO, F. *Fechamento; Jornal do Comércio,*Rio
(24/1/63); LEITE, A. *História; Maquis;*PESQ. F. BARBOSA; SILVA, H.
*História.*

 
