**FONTES**: *Folha de Pernambuco Digital*. Disponível em:
\<http://www.folhape.com.br\>. Acesso em: 2 fev. 2009; Portal da Câmara
dos Deputados. Disponível em: \<http://www.camara.gov.br\>. Acesso em:
12 jan. 2009; Portal do PPS. Disponível em:
\<http://portal.pps.org.br/portal/showData/

29623\>. Acesso em: 2 fev. 2009; Portal Democracia. Disponível em:
\<http://www.democracia.com.br/parlamentares/parladados.asp?t=3&d=2&cp=345&tipo=1&me=\>.
Acesso em: 2, 12 fev. 2009; Portal Politic. Disponível em:
\<http://www.politic.com.br\>. Acesso em: 2 fev. 2009; Portal Quatro
Cantos. Disponível em:
\<http://www.quatrocantos.com/LENDAS/91\_artigo\_618\_clt.htm\>. Acesso
em: 2 fev. 2009; Portal Rádio Criciúma. Disponível em:
\<http://www.radiocriciuma.com.br/portal/vernoticia.php?id=1817\>.
Acesso em: 12 fev. 2009; Site Clementino Coelho. Disponível em :
\<http://cscoelho.sites.uol.com.br\>. Acesso em: 2 fev. 2009.

 
