**FONTES:** *Diário de Barretos* (online). Disponível em :
\<[http://www.odiariode
barretos.com.br/www1/online/jornal/gente2007\_nomes.htm](http://www.odiariode%20barretos.com.br/www1/online/jornal/gente2007_nomes.htm)\>.
Acesso em : 18 nov. 2009; Portal da Câmara dos Deputados. Disponível em
: \<[http://www2.camara.
gov.br/internet/deputados/biodeputado/index.html?nome=LUCIANA+COSTA&leg=53](http://www2.camara.%20gov.br/internet/deputados/biodeputado/index.html?nome=LUCIANA+COSTA&leg=53)\>.
Acesso em : 18 nov. 2009; Portal Seade. *Informações eleitorais*.
Disponível em :
\<[http://www.seade.sp.gov.br/produtos/eleicoes/candidatos/index.php?page=ele\_det&ano=2006&cargo=6&mun=350550](http://www.seade.sp.gov.br/produtos/eleicoes/candidatos/index.php?page=ele_det&ano=2006&cargo=6&mun=350550)\>.
Acesso em : 11 dez. 2009; Portal TERRA – Notícias (7/5/07). Disponível
em : \<htt[p://noticias.terra.com.br/brasil/interna/0,,OI
1597429-EI7896,00.html]()\>. Acesso em : 18 nov. 2009.

 
