**FONTES**: *Folha de S.Paulo* (online). Eleições 2008. Disponível em :
\<[http://www1. folha.uol.com.br](http://www1.%20folha.uol.com.br/)\>.
Acesso em : 16 out. 2009; Portal do Senando Federal. Disponivel em:
\<[http://www.senado.gov.br](http://www.senado.gov.br/)\>. Acesso em :
16 out. 2009; Portal do TSE. Disponível em:
\<[http://www.tse.gov.br](http://www.tse.gov.br/)\>. Acesso em : 16 out.
2009.

 

 

 

 

 
