Fontes:

Site da Câmara dos Deputados \<www.camara.gov.br\>, acesso em 5/11/2009.

Site do Tribunal Regional Eleitoral de São Paulo \<www.tre-sp.gov.br\>,
acesso em 5/11/2009.

*Folha de S. Paulo*, 17/8/1999, 16/9/2000, 5/10/2000, 30/10/2000,
6/8/2003 e 4/10/2008. Disponível em \<www.folha.com.br\>, acesso em
6/11/2009.

*Veja*, 21/7/1999. Disponível em
\<http://veja.abril.com.br/acervodigital/\>, acesso em 6/11/2009.
