FONTES: CÂM. DEP. *Deputados;*CÂM. DEP. *Deputados brasileiros.
Repertório*(1946-1967);**CÂM. DEP. *Relação dos dep.;* CISNEIROS A.
*Parlamentares;*CONSULT. MAGALHÃES, B.; CORRESP. SUP. TRIB. MILITAR;
COSTA, M. *Cronologia; Grande encic. Delta; Jornal do* *Brasil* (21**e
23/5/76); MAIA, S. *Crônicas;* *Perfil*(1972 e 1974); PINTO, L.
*Antologia;* *Veja*(5/5/76).
