**FONTES**: *Folha de S.Paulo* (online) 01 out. 2006. Disponível em :
\<[http://
www1.folha.uol.com.br/folha/especial/2006/eleicoes/candidatos-deputado\_federal-sp-5657.shtml](http://%20www1.folha.uol.com.br/folha/especial/2006/eleicoes/candidatos-deputado_federal-sp-5657.shtml)\>.
Acesso em : 06 out. 2009; Portal da Câmara dos Deputados. Disponível em
: \<[http://www2.camara.gov.br](http://www2.camara.gov.br/)\>. Acesso em
: 29 set. 2009.
