FONTES:
[http://www2.camara.gov.br/deputados/index.html/loadFrame.html](http://www2.camara.gov.br/deputados/index.html/loadFrame.html)
acesso em 14/9/09;

[http://www.terra.com.br/istoe/1920/brasil/1920\_as\_provas\_da\_propina\_de\_cada\_um.htm](http://www.terra.com.br/istoe/1920/brasil/1920_as_provas_da_propina_de_cada_um.htm)
acesso em 14/9/09;

[http://www1.folha.uol.com.br/folha/brasil/ult96u81651.shtml](http://www1.folha.uol.com.br/folha/brasil/ult96u81651.shtml)
acesso em 14/9/09;

 

[http://www.agenciabrasil.gov.br/noticias/2006/08/31/materia.2006-08-31.8605503325/view](http://www.agenciabrasil.gov.br/noticias/2006/08/31/materia.2006-08-31.8605503325/view)
acesso em 14/9/09.

 
