FONTES: Assembleia Legislativa do Estado do Espírito Santo (ALES).
*Notícias* (17/11/2003, 08/03/2004, 05/05/2005, 31/10/2005, 20/08/2009,
23/03/2009); Câmara dos Deputados; *Folha do**Espírito**Santo*
(23/06/2005, 18/2/2009); Governo do Estado do Espírito Santo; Ministério
do Planejamento e Orçamento; *Vida Brasil* (15/02/2002).

 

 

 

 

 

* * * * *
