FONTES: *Folha de S.Paulo* (online). Disponível em :
\<[http://www1.folha.uol.com.br/
folha/brasil/ult96u415129.shtml](http://www1.folha.uol.com.br/%20folha/brasil/ult96u415129.shtml)\>.
Acesso em : 21 out. 2009; Portal da Câmara dos Deputados. Disponível em
: \<[http://www2.camara.gov.br/internet/deputados/biodeputa
do/index.html?nome=PAULO+HENRIQUE+LUSTOSA&leg=53](http://www2.camara.gov.br/internet/deputados/biodepu%20ta%20do/index.html?nome=PAULO+HENRIQUE+LUSTOSA&leg=53)\>.
Acesso em : 21 out. 2009; Portal do Governo do Estado do Ceará.
Secretaria da Ciência, Tecnologia e Educação Superior. Disponível em :
\<[http://www.sct.ce.gov.br/noticias/evento-trata-sobre-a-formacao-profissional-para-o](http://www.sct.ce.gov.br/noticias/evento-trata-sobre-a-formacao-profissional-para-o)\>.
Acesso em : 21 out. 2009; Portal Inclusão Digital. Disponível em :
\<[http://www.inclusaodigital.gov.br/inclusao/eventos1/1b0-forum-latino-americano-de-inclusao-digital](http://www.inclusaodigital.gov.br/inclusao/eventos1/1b0-forum-latino-americano-de-inclusao-digital/)\>.
Acesso em : 21 out. 2009; Portal PRODEB. Disponível em :
\<[http://biponline.prodeb.gov.br/exibe\_noticia.asp?cod\_no
ticia=1627](http://biponline.prodeb.gov.br/exibe_noticia.asp?cod_%20no%20ticia=1627)\>.
Acesso em : 21 out. 2009.

 

 

 
