FONTES: Portal da Câmara dos Deputados
([http://www2.camara.gov.br/](http://www2.camara.gov.br/); acessado em
18/05/2009); Portal Brasilturis Jornal (http://www.brasilturis.com.br/;
acessado em 27/05/2009); Portal do Fórum Nacional dos Secretários e
Dirigentes Estaduais de Turismo
([http://www.fornatur.com.br/](http://www.fornatur.com.br/); acessado em
28/05/2009); Portal do *Jornal do
Turi**smo*([http://www.jornaldeturismo.com.br/](http://www.jornaldeturismo.com.br/);
acessado em 28/05/2009); Portal do Jornal *O*Povo
([www.opovo.com.br/](http://www.opovo.com.br/); acessado em 28/05/2009);
Portal do Tribunal Regional Eleitoral do Ceará
([http://www.tre-ce.gov.br/](http://www.tre-ce.gov.br/); acessado em
18/05/2009).
