**FONTES**: Portal da Câmara dos Deputados. Disponível em :
\<http://www2.camara. gov.br\>. Acesso em : 20 set. 2009; Portal da
Prefeitura Municipal de Santo Augusto. Disponível em :
\<http://[www.santoaugusto.rs.gov.br](http://www.santoaugusto.rs.gov.br/)\>.
Acesso em : 18 out. 2009.

 

 

 

 

 

 
