FONTES: COUTINHO, A. *Brasil*;**DOCCA, E.*História*; *Grande encic.
Delta*;*Grande* *encic. portuguesa*;**HIRSCHOWICZ, E. *Contemporâneos;
Jornal do Brasil*(13/10/82); LEVINE, R. *Vargas*;**MELO, L. *Subsídios;*
MOREIRA, J. *Dic.*;*Personalidades*;*Rev.* *Inst. Hist. Geog.
Bras.*;**SOC. BRAS. EXPANSÃO COMERCIAL. *Quem*;**VELHO SOBRINHO, J*.
Dic.*

 
