**FONTES****:*****Folha de S.Paulo*****(online) 16 jun. 2008. Disponível
em : \<****[http://www1.folha.
uol.com.br](http://www1.folha.%20uol.com.br/)****\>. Acesso em : 10 dez.
2009;*****Progresso*****(online) 10 out. 2006 e 17 abr. 2009. Disponível
em :
\<****[http://www.progresso.com.br](http://www.progresso.com.br)****\>.
Acesso em : 10 dez. 2009; Portal da Câmara dos Deputados. Disponível em
: \<**[http://www2.camara.gov.br/internet/deputados/
biodeputado/index.html?nome=WALDEMIR+MOKA&leg=53](http://www2.camara.gov.br/internet/deputados/%20biodeputado/index.html?nome=WALDEMIR+MOKA&leg=53)\>.
Acesso em : 10 dez. 2009; Portal do TRE – MS. Disponível em :
\<[http://tre-ms.gov.br](http://tre-ms.gov.br)\>. Acesso em : 10 dez.
2009; Transparência Brasil – Excelências. Disponível em :
\<**[http://www.excelencias.org.
br/@casa.php?id=266&cs=1](http://www.excelencias.org.%20br/@casa.php?id=266&cs=1)****\>.
Acesso em : 10 dez. 2009.**
