**FONTES**: Blog Jornal Mais. Disponível em :
\<[http://jornalmaisbjnf.blogspot.com/2009/
06/deputado-neilton-mulim-traz-r-100-mil.html](http://jornalmaisbjnf.blogspot.com/2009/%2006/deputado-neilton-mulim-traz-r-100-mil.html)\>;
*O Fluminense* (12/8/08); *Folha de S. Paulo* (4/10/04); Portal
Americo.usal.es. Disponível em : \<[http://americo.usal.es/oir/
elites/curriculums](http://americo.usal.es/oir/%20elites/curriculums)\>;
Portal da Câmara dos Deputados. Disponível em : \<[http://www2.
camara.gov.br/deputados](http://www2.%20camara.gov.br/deputados)\> ;
Portal do dep. fed. Neilton Mulim. Disponível em :
\<[http://www.neiltonmulim.com.br](http://www.neiltonmulim.com.br/)\>;
Portal Informativo da Associação Geneviève Lugon – Moulin. Disponível em
:
\<[http://www2.connection.com.br/dmoulin/jornal35.pdf](http://www2.connection.com.br/dmoulin/jornal35.pdf)\>; 
Portal Políticos & Política. Disponível em :
\<[http://politicos.br101.org/neilton-mulim](http://politicos.br101.org/neilton-mulim)\>;Wikipédia.
Disponível em : \<[http://pt.wikipedia.org](http://pt.wikipedia.org/)\>.
