**FONTES**: *Folha de S.Paulo* (online) 27 fev. e 26 out. 2001; 29 ago.,
04 e 09 set. 2003; 27 jan. 2005; 13 dez. 2006. Disponível em :
\<[http://www1.folha.uol.com.br](http://www1.folha.uol.com.br)\>. Acesso
em : 25 jun. 2009; *Isto É*. (online). Disponível em :
\<[http://wwwterra.com.br/
istoe/1585/politica/1585golpe.htm](http://wwwterra.com.br/%20istoe/1585/politica/1585golpe.htm)\>.
Acesso em : 25 jun. 2009;*Jornal do Brasil* (online) 15 jun. 2004.
Disponível em :
\<[http://jbonline.terra.com.br/jb/papel/colunas/peltier/
2004/06/15/jorcolpel20040615001.html](http://jbonline.terra.com.br/jb/papel/colunas/peltier/%202004/06/15/jorcolpel20040615001.html)\>.
Acesso em : 25 jun. 2009; Portal Banco de Dados Políticos das Américas.
Disponível em : \<[http://pdba.georgetown.edu/Elecdata/
Brazil/sen1998.html](http://pdba.georgetown.edu/Elecdata/%20Brazil/sen1998.html)\>.
Acesso em : 25 jun. 2009; Portal Consultor Jurídico. Disponível em :
\<[http://www.conjur.com.br/2003-set-04/escolha\_senador\_luiz\_otavio\_tcu\_barra
da](http://www.conjur.com.br/2003-set--04/escolha_senador_luiz_otavio_tcu_barra%20da)\>.
Acesso em : 25 jun. 2009; Portal Direito2. Disponível em : \<[http://
www.direito2.com.br/asen/2005/fev/22/por-unanimidade-luiz-otavio-e-eleito-presidente-da-cae](http://%20www.direito2.com.br/asen/2005/fev/22/por-unanimidade-luiz-otavio-e-eleito-presidente-da-cae)\>.
Acesso em : 12 jul. 2009; Portal do PPS. Disponível em :
\<[http://portal.pps.org.br/portal/showData/104415\>](http://portal.pps.org.br/portal/showData/104415%3e%20%20).
Acesso em : 25 jun. 2009; Portal do Senado Federal. Disponível em :
\<http://[www.senado.gov.br](http://www.senado.gov.br)\>. Acesso em :
14,15,24 e 25 jun. 2009; Portal Justiça Eleitoral. Disponível em :
\<[http://www.justicaeleitoral.
gov.br/internet/eleicoes/1994/resultado/1\_turno/dep\_est\_pa.html](http://www.justicaeleitoral.%20gov.br/internet/eleicoes/1994/resultado/1_turno/dep_est_pa.html)\>.
Acesso em : 25 jun. 2009; Portal O Pará Nas Ondas do Rádio. Disponível
em : \<[http://www. Oparana
sondasdoradio.ufpa.br/contexto90link2heliogueiros.htm](http://www.%20oparana%20sondasdoradio.ufpa.br/contexto90link2heliogueiros.htm)\>.
Acesso em : 25 jun. 2009; Portal TERRA  Notícias. Disponível em :
\<[http://noticias.terra.com.br/eleicoes 2006/
interna/0,,OI1169151-EI6653,00.html](http://noticias.terra.com.br/eleicoes%202006/%20interna/0,,OI1169151-EI6653,00.html)\>.
Acesso em : 25 jun. 2009.

 

 

 

 

 

 

 

 

 

 

 

 

 

 

 
