**FONTES:**MIN. REL. EXT. *Anuário* (2008);
[http://www.terra.com.br/istoedinheiro/482/economia/quem\_e\_esse\_patriota.htm](http://www.terra.com.br/istoedinheiro/482/economia/quem_e_esse_patriota.htm);
**[http://br.noticias.yahoo.com/s/27102009/40/mundo-antonio-patriota-assume-secretario-geral.html](http://br.noticias.yahoo.com/s/27102009/40/mundo-antonio-patriota-assume-secretario-geral.html)****.**
