**FONTES**: *Folha de S.Paulo* (online) 09 mar., 14 maio, 10,25 jun. e
15 ago. 2003; 11,17 ago. e 20 out. 2004; 16 fev., 20 mar., 18 set. e 12
dez. 2006; 27 mar., 13,16.23 abr. e 24 ago. 2007; 28 maio, 07 set. e 26
nov. 2008. Disponível em : \<http://www.folha.uol.com.br\>; Portal
Supremo Tribunal Federal . Disponível em :
\<[http://www.stf.jus.br](http://www.stf.jus.br/)\>.

 

 

 

     

          
