 FONTES: *Site* da Câmara dos Deputados
([www.camara.gov.br](http://www.camara.gov.br/)); *Site* Letras da Terra
(www.clebertoledo.blog.br); *Site* Usina de Letras
([www.usinadeletras.com.br](http://www.usinadeletras.com.br/)); *Site*
da Secretaria de Educação e Cultura do Tocantins
([www.seduc.to.gov.br](http://www.seduc.to.gov.br/)). Consultas
realizadas no dia 30 de outubro de 2009.
