FONTES: Portal da Câmara dos Deputados
([http://www2.camara.gov.br/](http://www2.camara.gov.br/); acessado em
23/03/2009); Portal Congresso em Foco
([http://congressoemfoco.ig.com.br/](http://congressoemfoco.ig.com.br/);
acessado em 24/03/2009); Portal do Jornal *Folha de São
Paulo*([http://www.folha.uol.com.br/](http://www.folha.uol.com.br/);
acessado em 23/03/2009); Portal do Jornal *O
mossoroense*([http://www2.uol.com.br/omossoroense/](http://www2.uol.com.br/omossoroense/);
acessado em 24/03/209); Portal do Jornal *Tribuna do Norte*
([http://tribunadonorte.com.br/](http://tribunadonorte.com.br/);
acessado em 24/03/2009); Portal Oeste News
([http://oestenews.blogspot.com/](http://oestenews.blogspot.com/);
acessado em 24/03/2009); Portal do Tribunal Regional do Rio Grande do
Norte  ([http://www.tre-rn.gov.br/](http://www.tre-rn.gov.br/); acessado
em 24/03/2009).****
