**FONTES**: Agência Câmara (17/10/06). Disponível em :
\<[http://www2.camara.gov.br/
agencia](http://www2.camara.gov.br/%20agencia)\>. Acesso em : 13 dez.
2009; CÂM. DEP. *Deputados brasileiros.*Repertório (2003-2007); Portal
Amazônia Brasil (7/8/03). Disponível em : \<http:/www.chicoterra. com\>.
Acesso em : 13 dez. 2009.
