FONTES: ARQ. DEP. PESQ. JORNAL DO BRASIL; ASSEMB. NAC.
CONST.*Repertório* (1987-1988); BUZAR, B.*Vitorinismo*; CÂM. DEP.
*Deputados brasileiros. Repertório* (1983-1987 e 1991-1995); CÂM. DEP.
*Relação dos dep*.; CÂM. DEP. *Relação nominal dos senhores*; *Correio
Brasiliense* (21/1/1987); *Estado de S.Paulo* (5/9/62); *Folha de S.
Paulo* (19/1/87); *Globo* (26/4/84, 16/1/85 e 30/9/92); *Jornal do
Brasil* (27/5/79); TRIB. SUP. ELEIT. *Dados* (3, 4, 6 e 8).

 
