FONTES:

[http://www.angelaamin.com.br/pronunciamento.php?s=2&id=0007](http://www.angelaamin.com.br/pronunciamento.php?s=2&id=0007)
(Data de acesso: 10.11.09);
[http://www1.an.com.br/ancapital/2003/jun/16/1ger.htm](http://www1.an.com.br/ancapital/2003/jun/16/1ger.htm)
(Data de acesso: 10.11.09);
[http://www.cadetu.com.br/fcf](http://www.cadetu.com.br/fcf) (Data de
acesso: 10.11.09)

[http://www.marketingcultural.com.br/leis/funcine\_flo.htm](http://www.marketingcultural.com.br/leis/funcine_flo.htm)
(Data de acesso: 10.11.09)

[http://www.siloe.org.br/quemsomos/](http://www.siloe.org.br/quemsomos/)
(Data de acesso: 10.11.09);
[http://www.tre-sc.gov.br/site/fileadmin/arquivos/eleicoes/eleicoes2006/resenha\_historica.pdf](http://www.tre-sc.gov.br/site/fileadmin/arquivos/eleicoes/eleicoes2006/resenha_historica.pdf)
(Data de acesso: 10.11.09);
[http://www.alesc.sc.gov.br/portal/imprensa/leitor\_noticia.php?codigo=12297](http://www.alesc.sc.gov.br/portal/imprensa/leitor_noticia.php?codigo=12297)
(Data de acesso: 10.11.09);
[http://www.alesc.sc.gov.br/portal/jornalAlNoticia/jornal\_pdf/ed\_247.pdf](http://www.alesc.sc.gov.br/portal/jornalAlNoticia/jornal_pdf/ed_247.pdf)
(Data de acesso: 10.11.09);
[http://www.cmf.sc.gov.br/index.php?option=com\_content&task=view&id=57&Itemid=99999999](http://www.cmf.sc.gov.br/index.php?option=com_content&task=view&id=57&Itemid=99999999)
(Data de acesso: 10.11.09);
[http://www.an.com.br/colunistas/2007/fev/03/0sar.jsp](http://www.an.com.br/colunistas/2007/fev/03/0sar.jsp)
(Data de acesso: 10.11.09);
[http://www.an.com.br/colunistas/2007/fev/04/0pri.jsp](http://www.an.com.br/colunistas/2007/fev/04/0pri.jsp)
(Data de acesso: 10.11.09);
[http://www.novae.inf.br/site/modules.php?name=Conteudo&pid=433](http://www.novae.inf.br/site/modules.php?name=Conteudo&pid=433)
(Data de acesso: 10.11.09).
