**FONTES**: Portal da  University Vanderbilt. Disponível em :
\<[http://sitemason.vanderbilt.edu/
files/c52cp2/Chaia%20Vera.pdf](http://sitemason.vanderbilt.edu/%20files/c52cp2/Chaia%20Vera.pdf)\>;
Portal do PRTB. Disponível em :
\<[http://www.prtb.org.br](http://www.prtb.org.br)\>; Portal do TSE.
*Partidos políticos registrados*. Disponível em :
\<[http://www.tse.gov.br/internet/
partidos/partidos\_politicos/prtb.htm](http://www.tse.gov.br/internet/%20partidos/partidos_politicos/prtb.htm)\>;
Site Jairo Nicolau. Disponível em : \<[http://jaironicolau.
iuperj.br/banco2004.html](http://jaironicolau.%20iuperj.br/banco2004.html)\>.

 
