FONTES: Portal da Câmara dos Deputados
([http://www2.camara.gov.br/](http://www2.camara.gov.br/); acessado em
21/03/2009); Portal do Planalto
([https://www.planalto.gov.br/](https://www.planalto.gov.br/); acessado
em 23/03/2009); Portal do Jornal *Folha de São
Paulo***([http://www1.folha.uol.com.br/](http://www1.folha.uol.com.br/);
acessado em 23/03/2009); Portal do Jornal *Tribuna do Norte*
(http*://tribunadonorte.com.br/*; acessado em 23/03/2009); Portal Terra
([http://noticias.terra.com.br/](http://noticias.terra.com.br/);
acessado em 23/03/2009); Portal do Tribunal Regional do Rio Grande do
Norte ([http://www.tre-rn.gov.br/](http://www.tre-rn.gov.br/); acessado
em 19/03/2009).
