FONTES:

 [www.abl.org.br](http://www.abl.org.br/);
[www.tcu.gov.br](http://www.tcu.gov.br/);
[www.alepe.gov.br](http://www.alepe.gov.br/);
[www.abin.gov.br](http://www.abin.gov.br/);
[www.cultura.gov.br](http://www.cultura.gov.br/);
[www.congressoemfoco.ig.br](http://www.congressoemfoco.ig.br/); arquivo
premium O globo; Informação da Biblioteca da Funarte (RJ)
