FONTES: ARQ. GETÚLIO VARGAS; BEHAR, E. *Vultos;*BRINCHES, V.
*Dic.;*CALMON, P. *História;*COELHO, J. *Dic.;*DULLES, J. *Getúlio;
Encic. Mirador; Grande encic. Delta; Grande encic.
portuguesa;*GUIMARÃES, A. *Dic.; Jornal (*27/10/79*); Jornal* *do Brasil
(*2/8/60*); Jornal do Comércio,*Rio (16/2/35); LEITE, A.
*História;*MACEDO, R. *Efemérides;*MENESES, R. *Dic.;*MURICI, J.
*Panorama;* OLIVEIRA, C*. Biografias;*OLIVEIRA, M. *História*; Peixoto,
A. *Getúlio;*RIBEIRO FILHO, J.*****Dic.*

 
