fontes, sua conferência foi muito mal recebida pelo Itamarati.

Faleceu em Maryland, nos Estados Unidos, no dia 12 de dezembro de 2007.

Casou-se com Margueriti Virginia Carlson, com quem teve dois filhos.

FONTES: *Estado de S. Paulo*(24 e 26/11/76 e 6/3/77); *Jornal do Brasi*l
(3/9/76; 8 e 15/3, 11 e 15/6, 13 e 29/9/77; 10, 11 e 25/2 e 25/9/78);
REIS, A. *Poetas; Veja* (15/2//78); *Who’s who in America.*

 
