FONTES: ARQ. DEP. PESQ. JORNAL DO BRASIL; ASSEMB. LEGISL. SC.
*Dicionário político;*CABRAL, O. *Era;*CABRAL, O. *História;*CÂM. DEP.
*Deputados;*CÂM. DEP. *Deputados brasileiros. Repertório*(1967-1971);
CÂM. DEP. *Relação nominal;*COUTINHO, A. *Brasil;*INF. FAM.; *Jornal do
Brasil*(27/8/82); RICHARD NETO, G. *Homens;*VAITSMAN, M.*Sangue.*

 

 
