FONTES:  CÂM.  DEP.  *Deputados;*CÂM.  DEP. *Deputados brasileiros. 
Repertório*(1967-1971); CÂM.  DEP.  *Relação nominal dos senhores;*INF.
Pedro Dias Pereira; *Jornal* *do Brasil*(5/4/77 e 17/8/79); MELO, A.
*Car*­*tilha; Perfil*(1972); SENADO.  *Dados,*SENA­DO.*  Dados
biográficos*(8); SENADO.  *Rela*­*ção*.

 
