FONTES**:** CAFÉ FILHO, J.*Sindicato;* CARNEIRO, G.*História;* COSTA,
M.*Cronologia*;*Efemérides paulistas;* HIRSCHOWICZ, E.*Contemporâneos;
Jornal do Brasil* (29 e 30/11 e 4/12/75); MACHADO, F.*Últimos;* MIN.
AER.*Almanaque* (1963); MIN. GUERRA.*Almanaque* (1934); MIN.
GUERRA.*Subsídios;* WANDERLEY, N.*História*.

 
