FONTES: CÂM. DEP. *Deputados b**rasileiros. Repertório*(1995-1999);
*Folha de S. Paulo* (31/1/95, 14/1/96, 30/1/97, 5/2, 29/9 e 10/10/98);
*Portal da Câmara dos Deputados*
([http://www.camara.gov.br](http://www.camara.gov.br/); acessado em
10/11/2009); *Portal da Revista IstoÉ*
([http://www.terra.com.br/istoe](http://www.terra.com.br/istoe);
acessado em 10/11/2009); *Portal da Bahia Notícias*
([http://www.bahianoticias.com.br](http://www.bahianoticias.com.br/);
acessado em 10/11/2009)..

 
