FONTES: CÂM. DEP. *Deputados*;**CÂM. DEP. *Deputados brasileiros.
Repertórios*(1967-1971, 1983-1987); CÂM. DEP*. Relação nominal dos
senhores*;*Estado de S. Paulo*(17/11/85); *Folha de S. Paulo*(29/9/98 e
20/7/99); *Globo*(17/11/85 e 5/4/98); *Jorn**al do Brasil* (17/11/85 e
4/4/98); NÉRI, S. *16*;*Perfil*(1975).

 

 
