FONTES: ASSEMB. LEGISL. MG. *Dicionário biográfico*; CÂM. DEP.
*Deputados*; CÂM. DEP. D*eputados brasileiros. Repertório*(1967-1971);
CÂM. DEP. *Deputados federais. Inventário*; CONSULT. MAGALHÃES, B.; *O
Estado de São* *Paulo* (7/11/70); *Grande encic. Delta*; *Rev.* *Arq.
Públ. Mineiro*(12/76);*Who's who in* *Brazilian.*
