FONTES: ASSEMB. NAC. CONST. 1934. *Anais*(1);**CÂM. DEP.
*Deputados;*CERQUEIRA, E. *Empresário;*CONF. INDUSTRIAL DO
BRASIL.*Relatório* (1933 e 1934); CONF. NAC. IND.; CONSULT. MAGALHÃES,
B.; FED. INDUSTRIAL DO RJ. *Relatório;*FED. INDÚSTRIAS DO EST. RJ.
*Relatório;*GODINHO, V. *Constituintes; Jornal*(27/2/59); LEME, M.
*Ideologia.*

 
