FONTES: Portal da Assembléia Legislativa do Rio Grande do Norte
([http://www.al.rn.gov.br/](http://www.al.rn.gov.br/); acessado em
26/02/2009); Portal da Câmara dos Deputados
([http://www2.camara.gov.br/](http://www2.camara.gov.br/); acessado em
20/02/2009); Portal do Jornal
*Correio**da**Tarde***([http://www.correiodatarde.com.br/](http://www.correiodatarde.com.br/);
acessado em 25/09/2009); Portal do Planalto
([https://www.planalto.gov.br/](https://www.planalto.gov.br/); acessado
em 25/02/2009); Portal do Vice-Governador Iberê Ferreira
([http://www.ibereferreira.com.br/](http://www.ibereferreira.com.br/);
acessado em 19/02/2009); Portal do Tribunal Regional do Rio Grande do
Norte ([http://www.tre-rn.gov.br/](http://www.tre-rn.gov.br/); acessado
em 25/02/2009).****
