FONTES: CÂM. DEP. *Deputados brasileiros.
Repertório*(1991-1995);**CURRIC. BIOG.;*Folha de S. Paulo* (18/9/94);
*Jornal do Brasil*(23/7/92), *Folha On****Line* (04/12/2002,
20/08/2007); Secretaria de Estado do Meio Ambiente e dos Recursos
Hídricos, **Secretaria de Estado da Justiça e da Cidadania**
(15/04/2009), site da Presidência da República.

 
