FONTES: ARQ. DEP. PESQ. JORNAL DO BRASIL; CAFÉ FILHO, J. Sindicato;
Correio da Manhã; ELETROBRÁS; Estado de S. Paulo (15/6/73); Grande
encic. Delta; HIPÓLITO, L. Campanha; INST. NAC. LIVRO. Índice; Jornal do
Brasil (1/6 e 7/7/76, 24/5 e 11/12/77 e 12/5/82); LEITE, A. História;
Opinião; Personalidades; SAMPAIO, R. Ademar; SOARES, E. Instituições;
Veja (7 e 14/1/70).

 
