FONTES: ASSEMB. NAC. CONST.*Repertório*(1988); CÂM. DEP. *Deputados
brasileiros. Repertório*(1991-1995); COELHO, J. & OLIVEIRA, A. *Nova;
Constituição. Avaliação*(1989); *Folha de S. Paulo* (19/1/87);
**De***partamento Intersindical de Assessoria Parlamentar
(Diap)*[http://diap.ps5.com.br/file/2263.pdf. Acesso em
1.9.2009](http://diap.ps5.com.br/file/2263.pdf.%20Acesso%20em%201.9.2009) 
Observatório da Imprensa.
[http://www.observatoriodaimprensa.com.br/artigos/mat2008d.htm. Acesso
em
1.9.2009](http://www.observatoriodaimprensa.com.br/artigos/mat2008d.htm.%20Acesso%20em%201.9.2009).
Pharmácia Brasileira.
[http://conselho.saude.gov.br/ultimas\_noticias/2007/homenageados.pdf.
Acesso em
1.9.2009](http://conselho.saude.gov.br/ultimas_noticias/2007/homenageados.pdf.%20Acesso%20em%201.9.2009)
Tribunal Superior Eleitoral (TSE). http://www.tse.gov.br. Acesso em
1.9.2009

 
