FONTES: CÂM. DEP. *Deputados;*CÂM. DEP.*Deputados brasileiros.
Repertório*(1971-1975, 1975-1979, 1979-1983, 1983-1987 e 1991-1995);
CURRIC. BIOG.; *Globo*(26/4/84 e 16/1/85); INF. BIOG.; *Jornal do
Brasil*(22/9/78); NÉRI, S. *16; Perfil*(1972 e 1980); TRIB. SUP.
ELEIT.*Dados*(9); *Paraíba.com.br*(12/03/2004).

 
