FONTES: ARQ. DEP. PESQ. JORNAL DO BRASIL; CÂM. DEP. *Deputados;*CÂM.
DEP. *Deputados brasileiros. Repertório*(1967-1971); COUTINHO, A.
*Brasil; Grande encic. Delta; Jornal* do *Brasil*(6/10/78); KUBITSCHEK,
J. *Meu*(3); MAIA, B. *Governadores;*NÓBREGA, A. *Chefes;*PINTO, L.
*Fundamentos;*QUADROS, J. *História;*TRIB. SUP. ELEIT. *Dados*(2, 3, 5 e
8).

 
