FONTES: CÂM. DEP.*Deputados*; CÂM. DEP.*Deputados brasileiros*.
*Repertório*(1975-1979 e 1979-1983); *Estado de S. Paulo* (5 e
23/9/62);*Globo* (6/1/79, 26/4/84 e 16/1/85); *Jornal de Brasília*
(13/3/77); *Jornal do Brasil* (22/10/81); NÉRI, S. *16*; *Perfil*
(1980); POERNER, A. *Pode*r; SOC. BRAS. EXPANSÃO COMERCIAL. *Quem*;
TRIB. SUP. ELEIT. *Dados*(6, 8 e 9); *Veja* (4/7/90); *Who’s who in
Brazil* (1969).

 

 
