FONTES: Blog da Martha Mártires. Disponível em :
\<http://blog.penedofm.com.br/index.php?s=ronaldo\>. Acesso em 14 abr.
2009; CÂM. DEP.; *Deputados brasileiros. Repertório*(1995-1999); *Estado
de S. Paulo* (22/7/90); *Folha de S. Paulo* (17/9/89, 10/1, 24/2 e
2/8/90, 14/1/96, 29/9/98); *Jornal do Brasil* (30/3/90); Portal do TSE.
Disponível em:
\<http://www.tse.gov.br/internet/eleiçoes/2004/result\_blank.htm\>. 
Acesso em 03 jul. 2009.  
