FONTES: CÂM. DEP. *Deputados brasileiros. Repertório* (1995-1999);
*Estado de S. Paulo* (28/11/97); *Folha de S. Paulo* (21/5 e 29/6/97,
29/9 e 6/11/98); *Globo* (29/1/97, 10/10/98); *Jornal do Brasil*
(6/7/97); TRIB. SUP. ELEIT. *Dados* (1998); *Imprensa Popular*(1999,
2002, 2004). *Ação Civil Pública por ato de improbidade ad**ministrativa
contra Oscar Ilton de Andrade.*Disponível em: www.oobservador.com.
