FONTES: ENTREV. BIOG. (1999); *Estado de S. Paulo* (19, 20, 28/4,
28/8/85; 18/11, 13/12/96); *Folha de S. Paulo* (27/4 e 14/7/85;
28/10/86, 29/5/87); *Globo* (12/3, 18/4, 2 e 12/8, 6/9/85; 27/2 e
13/10/86); *Jornal do Brasil*(8/3, 3/5, 16 e 17/7, 2/8, 16/9/85), *Valor
Econômico* (24/6/08);  Portal OGloboOnline, disponível em
http://oglobo.globo.com/, acessado em 19/11/09; Portal da Revista Época,
disponível em http://epoca.globo.com/, acessado em 19/11/09.

 

 
