FONTES: CÂM. DEP. *Deputados brasileiros. Repertório* (1995-1999);
COELHO, J. & OLIVEIRA, A. *Nova; Estado de S. Paulo* (28/2/96); *Folha
de S. Paulo*(19/1, 2/4, 9 e 21/7 e 29/8/87, 1/3/88, 17/9/90, 31/1/95,
14/1 e 24/5/96, 30/1/97, 5/2, 29/9 e 10/10/98); *Globo* (26/4/84;
16/1/85; 26/7/87; 27/10/89 e 16/7/95); INF. BIOG.; *Jornal do
Brasil*(18/12/86, 3/4 e 21/12/87, 26/6/89 e 4/6/96); *Blog Políticos do
Sul da Bahia*
([http://www.politicosdosuldabahia.blogspot.comr](http://www.politicosdosuldabahia.blogspot.comcom.br/);
acessado em 18/11/2009); *Portal da**Assembléia Legislativa da Bahia*
([http://www.al.ba.gov.br](http://www.al.ba.gov.br/); acessado em
18/11/2009); *Portal da Prefeitura de Salvador*
([http://www.salvador.ba.gov.br](http://www.salvador.ba.gov.br/);
acessado em 18/11/2009); *Portal Correio de Sergipe*
([http://www.correiodesergipe.com](http://www.correiodesergipe.com/);
acessado em 18/11/2009)..

 
