FONTES: ARQ. DEP. PESQ. JORNAL DO BRASIL; CÂM. DEP. *Deputados
brasileiros.* *Repertório*(1967-1971); CÂM. DEP. *Relação nominal* *dos
senhores;* *Estado de São Paulo* (11/5/85); *Folha de São Paulo*
(18/2/86, 20/3/89, 15/7/94); INF.BIOG;*Jornal do Brasil *(2/1/79,
3/1/79); TRIB. SUP. ELEIT. *Dados*(8).

 

 
