FONTES: ARQ. DEP. PESQ. JORNAL DO BRASIL; CARNEIRO, G.
*História*;*Cruzeiro*(18/4/64);*Época*(15 e 22/3 e 15/11/99); *Estado de
S. Paulo*(2/8 e 5/12/67); *Folha de S. Paulo*(4 e 14/10/79, 19/12/08);
*IstoÉ*(5/4/78); *Jornal do Brasil*(7/4/74 e 25/6/79);
*Playboy*;*Repórter*(20/5/81); *Rede Globo* – Linha Direta.
