**FONTES**: ASSEMBL. NAC. CONST. *Repertório*(1987-1988); COELHO, J. ;
OLIVEI- RA, A. *Nova*; CORRESP. SUDENE; *Folha de S. Paulo* (1/4/87, 6/1
e 27/6/88 e 19/9/90); GIRÃO, R. *Ceará*; *Globo* (18/11/80, 27/5/87);
INF. BIOG.;*Jornal do Brasil* (7/11/78, 9/9 e 31/12/79, 26/6/80 e
29/11/87); *Perfil* (1972 e 1980); *Veja*(12/4 e 30/8/78).

 
