FONTES: ABRANCHES, J. Governos; CÂM. DEP. Anais (1); CASCUDO, L.
História; CASCUDO, L. História da Assembléia; Grande encic. Delta;
GUIMARÃES, A. Dic.; LEITE, A. História; LIRA, A. Senado; LIRA, S. Maior;
Perfil; REIS JÚNIOR, P. Presidentes; Rev. Inst. Hist. Geog. Bras.
(10/12/59); SILVA, R. Bacharéis; Who’s who in Latin.

 
