FONTES: ABRANCHES, J. Governos (2); ALMEIDA, A. Dic.; ALMEIDA, A.
Vultos; BELEZA, N. Evolução; CARNEIRO, G. História; CONSULT. MAGALHÃES,
B.; Encic. Mirador; FONTOURA, J. Memórias; Grande encic. Delta;
HIRSCHOWICZ, E. Contemporâneos (1945); Jornal do Comércio, Rio
(5/12/43); LIGA, J. Como; MACEDO, R. Efemérides; MELO, L. Subsídios;
POLIANO, L. Sociedade.

 
