FONTES: ANDRADE, F. Relação; ARQ. GETÚLIO VARGAS; ASSEMB. LEGISL. MG.
Dicionário biográfico; Boletim Min. Trab. (5/36); CÂM. DEP. Deputados;
CÂM. DEP. Relação dos dep.; Câm. Dep. seus componentes; CONSULT.
MAGALHÃES, B.; CONSULT. RAMOS, P.; Diário do Congresso Nacional;
GODINHO, V. Constituintes; Grande encic. Delta; Jornal do Brasil
(14/9/74); OLIVEIRA, M. História; Rev. Arq. Públ. Mineiro (12/76);
SILVA, G. Constituinte.

 
