FONTES: CÂM. DEP.*Deputados brasileiros*.*Repertório* (1995-1999);
*Folha de S. Paulo* (31/1/95, 14/1/96, 30/1/97 e 27/5/08);
*Globo*(29/1/97); TRIB. REG. ELEIT. MA. *Relação*(1998);
[www.agencia.tse.gov.br](http://www.agencia.tse.gov.br/) (Acesso em
17/9/09); [www.al.ma.gov.br](http://www.al.ma.gov.br/) (Acesso em
17/9/09); [www.badaueonline.com.br](http://www.badaueonline.com.br/)
(Acesso em 16/9/09); [www.camara.gov.br](http://www.camara.gov.br/)
(Acesso em 17/9/09);
[www.jornalvaleparaibano.com.br](http://www.jornalvaleparaibano.com.br/)
(Acesso em 17/9/09);
[www.midiaindependente.org](http://www.midiaindependente.org/)
(Reportagem de 18/12/03. Acesso em 17/9/09);
[www.pm.ma.gov.br](http://www.pm.ma.gov.br/) (Acesso em 16/9/09);
[www.portalaz.com.br](http://www.portalaz.com.br/) (Reportagens de
17/3/09 e de 24/7/09. Acesso em 16/9/09);
[www.tse.gov.br](http://www.tse.gov.br/) (Acesso em 17/9/09).

 

 
