FONTES: CÂM. DEP. *Deputados brasileiros. Repertório*(1991-1995);
*Globo*(16/1/85 e 30/9/92); *Olho no voto/Folha de S. Paulo*(18/9/94);
TRIB. REG. ELEIT. MA. *Relação* (1998); TRIB. SUP. ELEIT. *Resultado*
(1998);
[http://pt.wikipedia.org/wiki/Igarap%C3%A9\_Grande](http://pt.wikipedia.org/wiki/Igarap%C3%A9_Grande)
(acesso em 16/09/2009).

 
