FONTES: CÂM. DEP. *Deputados brasileiros. Repertórios*(1975-1979,
1979-1983); COELHO, J. & OLIVEIRA, A. *Nova;*COUTINHO, A. *Brasil;
Estado de S. Paulo* (9/4/81); *Folha de S. Paulo*(2/10/79, 22/10/97);
*Globo* (8/5 e 30/12/81, 19/1, 4/5 e 18/6/82, 26/4/84, 16/1/85);**INF.
BIOG.; *Jornal do Brasil* (2, 4/6, 24/9, 14/10, 2 e 26/11/77, 28 e
31/1/78, 26/9/79, 25/6/81, 23/3/82); NÉRI, S. *16;* *Perfil* (1980);
TRIB. SUP. ELEIT. *Dados* (9);*Veja*(29/6 e 19/10/77).

 
