FONTES: ARQ. GETÚLIO VARGAS; Boletim Min. Trab. (5 /36); CÂM. DEP.
Deputados; CONSULT. MAGALHÃES, B.; COUTINHO, A. Brasil; Diário do
Congresso Nacional; FUND. GETULIO VARGAS. Cronologia da Assembléia;
GODINHO, V. Constituintes; Grande encic. Delta; MIN. REL. EXT. Almanaque
(1942); PEIXOTO, A. Getúlio; SENADO. Anais (1935); SILVA, H. 1956.

 
