FONTES: CÂM. DEP. Deputados; CÂM. DEP. Deputados brasileiros. Repertório
(1967-1971); Diário de Natal (25/11/06, 26/9/07); INF. Ana Patrícia
Dias; NÉRI, S. 16; TRIB. SUP. ELEIT. Dados (6, 8 e 9);
www.abqtic.com.br/associados (Acesso em 25/8/09);
www.nominuto.com/noticias (Reportagem de 29/10/07. Acesso em 25/8/09);
www.sis.dieese.org.br/detalhes (Acesso em 25/8/09).
