FONTES: CÂM. DEP. Deputados brasileiros. Repertório (1991-1995); Estado
de S. Paulo (30/9/92, 6/10/93, 14/7/94); Folha de S. Paulo (23/10/93,
8/7/94); Globo (22/10 e 17/12/93); Jornal do Brasil (30/9/92); Jornal do
Estado (6/11/07); Portal Paraná on-line. Disponível em
\<http://www.parana-online.com.br/\>. Acesso em 12/10/09.

 
