FONTES: CÂM. DEP. *Deputados*;**CÂM. DEP. *Deputados brasileiros.
Repertório*(1971-1975, 1975-1979 e 1979-1983); *Estado de S. Paulo*
(26/9/80);*Globo* (16/1/85); INF. Frederico Guilherme; IPC. *Relação de
parlamentares*(1/1/92 a 18/8/98); *Jornal do* *Brasil* (1/9 e 7/11/78,
17, 19, 20 e 26/9, 2/10 e 20/11/79 e 23/2/80); MENDONÇA, R. *Dic.;*
NÉRI, S. *16; Perfil*(1972 e 1980); SENADO. *Relação;*TRIB. SUP. ELEIT.
*Dados* (6, 8 e 9);*Veja* (31/5/78).

 

 
