FONTES: CÂM. DEP. *Relação dos dep.*; CISNEIROS, A.
*Parlamentares*;**CORRESP. MIN. TRAB.; CORTÉS, C*. Homens*;**COUTINHO,
A. *Brasil*;*Diário do Congresso Nacional*;*Encic.*
*Mirador*;*Globo*(16/11/93); *Grande encic. Delta*;**GUERRA FILHO, R.
*Ministério*;**JUREMA, A. *Juscelino*; KUBITSCHEK, J. *Meu*(3); NÓBREGA,
A. *Chefes*;**QUADROS, J. *História*;**SILVA, G. *Constituinte.*

 
