FONTES: ARQ. CLUBE 3 DE OUTUBRO; ARQ. DEP. PESQ. JORNAL DO BRASIL; CÂM.
DEP. *Anais;*CÂM. DEP. *Deputados;*CÂM. DEP. *Deputados brasileiros.
Repertório*(1946-1967); ENTREV. BIOG.; *Jornal do Brasil*(7/4/74);
LEVINE, R. *Vargas;*MIN. GUERRA.*Almanaque*(1947, 1948, 1949, 1952 e
1953); MOURA, C. *Diário; Movimento de 5;* SILVA, H. *1922;*SILVA, H.
*1935;*TRIB. SUP. ELEIT. *Dados*(1 e 6).

 
