FONTES: CÂM. DEP. *Anais* (1961-1 e 2); CÂM. DEP. *Deputados*;**CÂM.
DEP. *Relação* *dos dep.;*CÂM. DEP. *Relação nominal dos*
*senhores;*CAMPOS, Q. *Fichário;*COUTINHO, A. *Brasil*; *Estado de S.
Paulo* (23/9/62, 6 e 11/11/86)*; Folha de S. Paulo*(10/11/86)*;* TRIB
SUP. ELEIT. *Dados*(4, 6 e 8); VAITSMAN, M. *Sangue;
Veja*****(19/11/86).

 

 
