FONTES: ASSEMB. LEGISL. MG. *Dicionário biográfico*; CÂM. DEP.
*Deputados*; CÂM. DEP. *Deputados brasileiros. Repertório* (1963-1967 e
1967-1971); CÂM. DEP. *Relação nominal dos senhores*; CISNEIROS, A.
*Parlamentares*; COUTINHO, A. *Brasil*; NÉRI, S. *16*; *Rev. Arq. Públ.
Mineiro* (12/76); TCU. *Dados* (1893-1990); TRIB. SUP. ELEIT. *Dados*
(1, 2, 3, 4, 6 e 8).

 

 
