FONTES: BLUME, M. *Pressure*; BULHÕES,**O*. Margem*;**COHN, G.
*Petróleo*;**CONF. NAC. COMÉRCIO. *20*; CORRESP. BANCO NAC. DESENV.
ECON.; CORRESP. CONF. NAC. COMÉRCIO; CURRIC. BIOG.; *Folha de S.
Paulo*(28/8/77);*Grande encic.* *Delta*;**HIPÓLITO, L.
*Manifesto*;**INF. FAM. GLYCON DE PAIVA FILHO; *Jornal do*
*Brasil*(22/8**e 22/10/76, 10/10/77 e 28/3/79); MOREIRA, J.
*Dic.*;**SOARES, E. *Instituições*.**

 

 
