FONTES:*Boletim DIAP*(1998); CÂM. DEP. *Repertório*(2007-2011); *Estado
de S. Paulo* (23/11 e 20/12/90);*Globo* (27/11/90);**INF. BIOG.; *Perfil
parlamentar/IstoÉ*; *Veja* (6/5/92, 19/5/93); Portal Moisés Avelino.
Disponível em http://www.moisesavelino.com.br/ acesso em 4/10/09; Portal
Jusbrasil. Disponível em \<http://www.jusbrasil.com.br acesso em
4/10/09.

 
