FONTES: CARONE, E. República nova; CONG. BRAS. ESCRITORES. I; Correio da
Manhã (27/11/65); COUTINHO, A. Brasil; CURRIC. BIOG.; DULLES, I.
Anarquistas; FAUSTO, B. Trabalho; FREIRE, G. Ordem; Grande encic. Delta;
Jornal do Brasil (6/1 e 21/11/65); LEVINE, R. Vargas; MENESES, R. Dic.;
PEREIRA, A. Ensaios; SODRÉ, N. História da imprensa.

 
