FONTES: CAFÉ, FILHO, J. *Sindicato*; CARNEIRO, G. *História*; CHAGAS, C.
*113*; *Correio da Manhã* (15/10/55); *Globo* (25/9 e 4/8/69, 23/10,
5/11, 3, 29 e 30/12/70); *Grande* *encic. Delta*; *Jornal do Brasil*
(6/1/71); MIN. GUERRA. *Almanaque* (1970); MIN. GUERRA. *Subsídios*;
*Veja* (23/7/75).

 
