FONTES: *Boletim DIAP*, VIII (98); CÂM. DEP. *Deputados b**rasileiros.
Repertório*(1995-1999); CÂM. DEP. *Perfil dos deputados.*(Disponível em:
[http://www.camara.gov.br/internet/deputado/Dep\_Detalhe.asp?id=526177](http://www.camara.gov.br/internet/deputado/Dep_Detalhe.asp?id=526177);
acessado em: 6/10/2009); COELHO, J. & OLIVEIRA, A. *Nova*; CURRIC.
BIOG.; *Folha de S.* *Paulo*(18/9/94, 14/1/96 e 29/9/98); *Perfil
parlamentar/IstoÉ*.

 
