**FONTES**: CÂM. DEP. *Deputados brasileiros.*Repertório**(1991-1995);
CÂM. DEP. *Lista de suplentes* (1991-1995); *Estado de S.
Paulo*(10/10/96 e 4/1/97);*Folh**a de S. Paulo* (19/9 e 14/12/96, 2/1,
21/3 e 11/6/97);*Folha de S.Paulo* (online) 01 nov. 2004; 09,12,13 out.
2005; 29,30 dez. 2006; 24 mar. e 18 out. 2008; 16 jan., 25 maio e 15
out. 2009. Disponível em :
\<[http://www1.folha.uol.com.br](http://www1.folha.uol.com.br/)\>.
Acesso em : 18 out. 2009;*Jornal do Brasil*(3/1/97);*Perfil
parlamentar/IstoÉ*.; Portal do TSE. Disponível em :
\<[http://www.tse.gov.br](http://www.tse.gov.br/)\>. Acesso em : 18 out.
2009; Portal TERRA (26/8/09). Disponível em :
\<[http://noticiasterra.com.br](http://noticiasterra.com.br/)\>. Acesso
em : 18 out. 2009.

 

 

 
