FONTES: ABRANCHES, J**.***Governos;*ARQ. GETÚLIO VARGAS; BELO, J.
*História;* BLAKE, A. *Dic.; Boletim Min. Trab.*(5/36); CARONE, E.
*República velha;*CONSULT. MAGALHÃES, B.; *Diário do Congresso Nacional;
Encic. Mirador; Estado*(1930 e 1937); *Grande encic. Delta;*INST. NAC.
LIVRO. *Índice; Jornal do Comércio,*Rio (26/12/37); MOTA, C*. Brasil;
Personalidades;*SILVA, H. *1935*; VELHO SOBRINHO, J. *Dic.*

 
