FONTE: CURRIC. BIOG.; SENADO. *Dados biográficos* (1995-1999 e
1999-2003); CÂM. DEP. *Deputados brasileiros*; CÂM. DEP. *Deputados
brasileiros*. *Repertórios*(2003-2007 e 2007-2011); *Folha On-line*,
3/5/2007; *Folha de S. Paulo*, 29/5 e 26/11/2007; *Tribuna do Vale*,
24/3/2009; *Paraíba em Destaque*, 26/3/2009; *Wikipedia*.

 

 

 
