FONTES: CÂM. DEP. *Deputados*; CÂM. DEP. *Relação dos dep*.; CÂM. DEP.
*Deputados brasileiros. Repertório* (1946-1967); CISNEIROS, A.
*Parlamentares*; *Diário do Congresso Nacional*; GIRÃO, R. *Ceará*;
HIRSCHOWICZ, E. *Contemporâneos*; INF. Zimar Gadelha Lins Cavalcanti;
MACEDO, N. *Aspectos*; SILVA, G. *Constituinte*; TRIB. SUP. ELEIT.
*Dados* (1, 2, 3, 4 e 6).

 
