FONTES: CÂM. DEP. *Deputados brasileiros. Repertório*(1995-1999);
*Estado de S. Paulo* (6/5/96); *Folha de S. Paulo*(18/9/94, 31/1,
13/5/95, 14 e 25/1, 12/3, 22 e 24/11/96, 30/1/97, 29/9, 6/11/98);*Globo*
(30/3/96); *Jornal do Brasil* (26/4 e 31/5/96, 12/1, 6/4 e 1/5/97);
*Perfil Parlamentar/IstoÉ.*

 
