FONTES: CÂM. DEP. *Deputados brasileiros. Repertório*(1995-1999);
*Estado de S. Paulo* (4/11/95, 8/10/98); CONAB. *Notícias.*(22/6/2007;
Disponível em:
http://www.conab.gov.br/conabweb/index.php?PAG=73&NSN=391; acessado em:
11/11/2009); *Folha de S. Paulo*(18/9/94,**31/1/95, 14/1/96, 29/9 e
6/11/98); *Globo* (16/9/98); INF. Assessor; TRIB. SUP. ELEIT.
*Dados*(1998).

 
