FONTES: CÂM. DEP. *Deputados brasileiros. Repertório*(1995-1999),
*Biografia de deputados.*(Disponível em:
http://www.camara.gov.br/internet/deputado/Dep\_Detalhe.asp?id=523478;
acessado em: 11/11/2009); *Estado de S. Paulo* (8/10/98); *Folha de S.
Paulo* (31/1/95, 14/1 e 1/6/96, 29/9 e 6/11/98); *Globo*
(11/2/96);*Jornal do Brasil* (27/4 e 31/5/96); TRIB. SUP.
ELEIT.*Dados*(1998).

 
