FONTES: ARAÚJO, M. *Segundo*;*Balanço Financeiro*(8/80); BANDEIRA, L.
*Presença*; DELFIM NETO, A. *Resposta*;**DREIFUSS, R.
*Conquista;*DULLES, J. *Getúlio*;**ENTREV. BIOGR.; FED. ESC. ISOLADAS DO
EST. RJ. *Ministros;*FONTENLA, V. *História*;**HIRST, M. *Ação*;**INF.
BIOG.; Inst. Moreira Sales*.* *Catálogo*(1999); MIN. FAZ. *Ministros*;
MIN. REL. EXT. *Anuário*(1955 e 1960-1961); SILVA, H. *História*(1961);
SKIDMORE, T. *Getúlio*;**VÍTOR, M. *Cinco*.

 
