FONTES: CÂM. DEP. *Deputados*;**CÂM. DEP. *Deputados brasileiros.
Repertório*(1967-1971, 1971-1975, 1975-1979 e 1979-1983); *Eleitos*;
*Estado de S. Paulo* (23/9/62); INF. BIOG.; *Jornal do Brasil*(2/6/77);
NÉRI, S. *16; Perfil* (1972 e 1980); SOC. BRAS. EXPANSÃO COMERCIAL.
*Quem;*TRIB. SUP. ELEIT. *Dados* (3, 4, 6, 8 e 9); *Diário do Senado
Federal* (20/4/06); Portal da Câmara Municipal de Paraguaçu – *Moção de
pesar nº 12/08*.

 
