FONTES: CÂM. DEP.  *Deputados*; CÂM. DEP. *Deputados brasileiros.
Repertório* (1971-1975); CÂM. DEP. *Deputados brasileiros. Repertório*
(1975-1979); CÂM. DEP. *Deputados brasileiros. Repertório* (1979-1983);
CÂM. DEP. *Relação nominal*; ENTREV. BIOG. (19/11/96); *Folha de S.
Paulo* (23/9/79); *Globo* (17/2/81, 26/4/84 e 16/1/85); *Jornal do
Brasil* (22/11/74; 13 e 19/4/76; 2/7/77; 18/10 e 10/11/78; 31/5, 13 e
14/7/79; 2/5 e 10/12/81); Néri, S. *16*; *Perfil* (1972 e 1980); *Veja*
(21 e 28/4/76; 15/2, 14 e 21/3/84); TRIB. SUP. ELEIT. *Dados* (9).
