**FONTES**:**ASSEMB. NAC. CONST. *Repertório* (1987-1988); Blog Antéro.
Disponível em :
\<[http://blogdomarcantero.blogspot.com/2008/05/odacir-soares-assume-casa-civil-hoje.
html](http://blogdomarcantero.blogspot.com/2008/05/odacir-soares-assume-casa-civil-hoje.%20html)\>.
Acesso em : 03 out. 2009; Blog Caderno Destaque. Disponível em :
\<[http://
cadernodestaque.blogspot.com/2008/05/odacir-soares-pmdb-ro-assume-casa-civil.html](http://%20cadernodestaque.blogspot.com/2008/05/odacir-soares-pmdb-ro-assume-casa-civil.html)\>.
Acesso em : 06 out. 2009; Blog Carlos Coqueiro. Disponível em :
\<[http://blogdocarlos
coqueiro.blogspot.com/2008/05/odacir-assume.html](http://blogdocarlos%20coqueiro.blogspot.com/2008/05/odacir-assume.html)\>.
Acesso em : 06 out. 2009; COELHO, J. ; OLIVEIRA, A. *Nova*; *Correio
Rondoniense* (online). Disponível em :
\<[http://www.correiorondoniense.com.br](http://www.correiorondoniense.com.br/)\>.
Acesso em : 06 out. 2009; *Estado de S. Paulo* (31/12/92, 3/3/94,
2/2/95, 15/11 e 12/12/96); *Folha de S. Paulo*(27/8 e 9/9/92, 16/10/93,
9/9/94, 15 e 23/11/96 e 16/6/97); *Folha de S. Paulo* (online) 03 jul.
2006; 04 nov. e 09 dez. 2008; 23 jun. e 09 dez. 2009. Disponível em :
\<[http://www1.folha.uol.com.br](http://%20(www1.folha.uol.com.br/)\>.
Acesso em : 06 out. 2009;*Globo* (16/1/85, 5/4/91, 4/9/92, 29/5 e
10/12/96, 22/8/97 e 10/10/98); *Jornal do Brasil* (26/6, 18/7, 13 e
23/8/92, 16/2/95, 30/4, 2/5, 29/8, 15/11, 8 e 10/12/96 e 18/7/97);
NICOLAU, J. *Dados*; *Perfil parlamentar/IstoÉ* (1991); Portal do
Governo do Estado de Rondônia. Disponível em :
\<[http://www.rondonia.ro.gov.br/noticias.asp?id=3093&tipo=
Mais%20Noticias](http://www.rondonia.ro.gov.br/noticias.asp?id=3093&tipo=%20Mais%20Noticias)\>.
Acesso em : 03 out. 2009; Portal do TRE-RO. Disponível em :
\<[http://www.tre-ro.gov.br](http://www.tre-ro.gov.br/)\>. Acesso em :
05 out. 2009; Portal Gente de Opinião (13/5/2008). Disponível em :
\<[http://www.gentedeopiniao.com.br/imprimir.php?codigo=
32774](http://www.gentedeopiniao.com.br/imprimir.php?codigo=%2032774)\>.
Acesso em : 03 out. 2009; Portal Notícias do Ministério Público Federal.
Disponível em :
\<[http://noticias.pgr.mpf.gov.br](http://noticias.pgr.mpf.gov.br/)\>.
Acesso em : 03 out. 2009; Portal O Observador. Disponível em :
\<[http://www.oobservador.com/nacional/not\_nac6570,0.
html](http://www.oobservador.com/nacional/not_nac6570,0.%20html)\>.
Acesso em : 06 out. 2009; Portal Rondônia Ao Vivo. Disponível em :
\<[http://
www.rondoniaovivo.com.br/imprimir.php?news=54251](http://%20www.rondoniaovivo.com.br/imprimir.php?news=54251)\>.
Acesso em : 06 out. 2009; SENADO. *Senadores* (1995-1999); TRIB. SUP.
ELEIT. *Relação* (1998).

 

 

 

 

 

 

 

 

 

 

 

 

 
