FONTES: CÂM. DEP. *Deputados*;**CÂM. DEP.*Deputados brasileiros.
Repertório* (1967-1971, 1971-1975); CÂM. DEP. *Relação nominal dos
senhores*; CURRIC. BIOG.; *Jornal do Brasil* (15/5/85); *Perfil*(1972);
SENADO. *Senadores* (1983-1987); TRIB. SUP. ELEIT. *Dados*(6, 8 e 9) e
*Eleições 2006*; *Veja*, Eleições 2006.

 

 
