FONTES: CÂM. DEP. *Deputados brasileiros. Repertório*(1991-1995);
*Estado de S. Paulo* (19 e 24/7/91, 24/6 e 1/7/92); *Folha de S. Paulo*
(27/8/92); *Jornal do Brasil* (29/7 e 23/8/91, 25/6/92, 6/4/94, 17 e
19/5/96, 30/8/98); TRIB. SUP. ELEIT. Internet. Portal da Câmara dos
Deputados (http://www2.camara.gov.br/; acessado em 27/10/09); Portal
Direito 2 – Notícias de Direito (http://www.direito2.com.br/; acessado
em 27/10/09); Portal do Jornal *Folha de São Paulo*
(http://www1.folha.uol.com.br/; acessado em 27/10/09); Portal da revisa
Época (http://revistaepoca.globo.com/, acessado em 29/10/09); Portal da
revista *Isto É Gente* (http://www.terra.com.br/istoegente/ acessado em
27/10/09); Portal do Tribunal Regional Eleitoral do Ceará
(http://www.tre-ce.gov.br/; acessado em 27/10/09).

 
