FONTES: CÂM. DEP. *Deputados brasileiros. Repertórios*(1979-1983,
1983-1987)*; Estado de S. Paulo* (3/12/80); *Folha de S. Paulo*
(13/1/85); INF. BIOG.; *Jornal do Brasil* (11/11/81); TRIB. REG. ELEIT.
GO.

 

[http://www.assembleia.go.gov.br/conheca\_assembleia/parlamentares/1947\_2002/GENESIO\_VIEIRA\_DE\_BARROS.htm](http://www.assembleia.go.gov.br/conheca_assembleia/parlamentares/1947_2002/GENESIO_VIEIRA_DE_BARROS.htm)

[http://www.seplan.go.gov.br/](http://www.seplan.go.gov.br/)

[http://www2.camara.gov.br/deputados/index.html/loadFrame.html](http://www2.camara.gov.br/deputados/index.html/loadFrame.html)

http://www.jornalopcao.com.br/index.asp?secao=Bastidores&subsecao=Politica&idjornal=190
