FONTES: ASSEMB. LEGISL. MG. *Dicionário biográfico*; CÂM. DEP.
*Deputados*; CÂM. DEP. *Deputados brasileiros. Repertório* (1971-1975,
1975-1979, 1979-1983 e 1983-1987); CÂM. DEP. *Relação nominal dos
senhores*; *Estado de S. Paulo* (6/2/81); *Folha de S. Paulo* (29/4/81);
*Globo* (26/4/84, 16/1/85 e 28/9/88); *Jornal do* *Brasil* (2, 25/11/77
e 22/11/78); NÉRI, S. *16*; *Perfil* (1972 e 1980); *Rev. Arq. Públ.
Mineiro* (12/76); TCU. *Dados* (1893-1990); *Veja* (19/10/77).

 
