**FONTES:** *Jornal do Brasil*(15/1/79 e 3/8/80); Portal do Senado
Federal. *Biografia*. Disponível em : \<
[http://www.senado.gov.br/sf/senadores/senadores\_biografia.asp?codparl=1514](http://www.senado.gov.br/sf/senadores/senadores_biografia.asp?codparl=1514)[&li=46&lcab=1979-1983&lf=46\>.](https://www.senado.gov.br/sf/senadores/senadores_biografia.asp?codparl=1514&li=46&lcab=1979-1983&lf=46)
Acesso em : 04 set. 2009; SENADO. *Senadores*(1991-1995).

 
