**FONTES**: ARQ. DEP. PESQ. JORNAL DO BRASIL; Blog do Azevedo, 07 ago.
2009. Disponível em:
\<[http://www.clicrbs.com.br/blog/jsp/default.jsp?uf=1&pg=1&coldir=1&](http://www.clicrbs.com.br/blog/jsp/default.jsp?uf=1&pg=1&coldir=1&)[section=Blogs&topo=4023.dwt&template=3948.dwt&source=DYNAMIC,blog.BlogDataServer,getBlog&blog=277&tipo=1&post=212512\>.](http://www.clicrbs.com.br/blog/jsp/default.jsp?uf=1&pg=1&coldir=1&section=Blogs&topo=4023.dwt&template=3948.dwt&source=DYNAMIC,blog.BlogDataServer,getBlog&blog=277&tipo=1&post=212512)
Acesso em: 02 set. 2009; CABRAL, O. *Era;*CÂM*.*DEP.*Deputados;*CÂM.
DEP. *Deputados brasileiros.* Repertório**(1967-1971); INF.
BIOG.;*Jornal*do *Brasil*(20/11/79); NÉRI, S. *16;*PIAZZA, W.F.
*Dicionário político catarinense*.

 
