FONTES: CÂM. DEP. *Deputados brasileiros. Repertório* (1995-1999);*Folha
de S.* *Paulo* (14/2/96, 30/2/97 e 8/10/99);*Globo*(8 e 19/2/97); *Olho
no voto/Folha de S. Paulo* (29/9/98); *Tribunal Superior Eleitoral*
(2003); *Informativo TCU* (5 a 9/06/00 e 26 a 30/03/01); *Tribunal
Superior do Trabalho* (11/08/04); *Atlas Esporte Brasil*, verbete
“Ministério do Esporte”, redigido por Agnelo Queirós, Ministro do
Esporte (2003-2006).

 

 
