FONTES: CÂM. DEP. *Deputados;*CÂM. DEP. *Deputados brasileiros.
Repertório*(1975-1979); *Estado de S. Paulo* (16/2/84); *Jornal do
Brasil*(11/10/86); NÉRI, S. *16; Perfil*(1980); *Revista da
FIESP.*(Especial 8/99); TRIB. SUP. ELEIT. *Dados*(4 e 9); TRIB. SUP.
ELEIT. *Dados* (1990). Agência Senado (22/5/2001).
