FONTES: *Diário do Congresso Nacional*; *Estado de S. Paulo* (23/9/62 e
19/11/80); IPC. *Relação de parlamentares* (1/1/92 a 18/8/98); *Jornal
do Brasil* (8/3 e 5/11/75 e 10/4/76); *Perfil* (1972); ROQUE, C.
*Grande*; SÃO PAULO. *Quem*; SENADO. *Dados*; SENADO. *Dados
biográficos*; SENADO. *Endereços*; SENADO. *Relação*; SENADO. *Relação
dos líderes*; SOC. BRAS. EXPANSÃO COMERCIAL. *Quem*; TRIB. SUP. ELEIT.
*Dados* (9).

 
