FONTES: ARQ. GETÚLIO VARGAS; CARONE, E. Estado; Correio da Manhã
(4/10/45); COUTINHO, L. General; Diário de São Paulo (4/5 e 26/8/45);
ENTREV. BORGHI, H.; Folha da Manhã; HENRIQUE, A. Ascensão; NABUCO, C.
Vida; SÃO PAULO (3 e 4/3 e 31/8/45); SKIDMORE, T. Brasil; VARGAS, G.
Nova; WEFFORT, F. Origens.

 
