FONTES: COELHO, J. ; OLIVEIRA, A. *Nova*; DIAP*. Quem*; ELEIÇÕES
2000. Disponível em :
\<[http://www2.uol.com.br/tododia/ano2000/julho/dia25/eleicoes\_2000.
htm](http://wwwww2.uol.com.br/tododia/ano2000/julho/dia25/eleicoes_2000.%20.htm)\>;*Estado
de S. Pa**ulo* (23 e 30/8, 10/9, 12 e 27/12/87, 25/6 e 22/11/88, 17/4,
12 e 30/5/90, 3/10/93, 11/4 e 9/8/94 e 28/9/95); *Folha de S. Paulo*
(18/8/85, 16/8/87, 7/7/88, 31/5 e 18/6/90, 5/3/93, 15/3, 10/4, 5, 6 e
10/8 e 27/12/94 e 8/2/96); *Folha de S.Paulo* (online) 28 set. 2005.
Disponível em : \<[http://www1.folha.uol.com.br/folha/brasil/ult
96u72822.shtml](http://www1.folha.uol.com.br/folha/brasil/ult%2096u72822.shtml)\>;
*Globo* (29/3 e 16/12/86, 1 e 11/6, 9 e 23/8 e 4/10/87, 16/5, 7/7 e
7/12/88, 2/7 e 11/12/89, 5/1, 14 e 15/2 e 11/6/90, 11/7/91, 28/8 e
7/12/92, 3/10/93, 2/3 e 6/8/94, 27/2/96); *Jornal do Brasil* (27/6/85,
15/5/86, 21/3, 24/4, 2 e 23/8 e 12/10/87, 4/8 e 9/9/88, 6/10/93, 6, 9,
10, 11 e 22/8/94, 22/1, 1 e 4/2, 18/3, 23/4 e 28/9/95, 13/1/96); Portal
Direito2. Disponível em :
\<[http://www.direito2.com.br/acam/2003/fev/10/presidente-do-pl-anuncia-fusao-com-pst-e-pgt](http://www.direito2.com.br/acam/2003/fev/10/presidente-do-pl-anuncia-fusao-com-pst-e-pgt)\>;
Portal do TSE. Disponível em :
\<[http://www.tse.gov.br\>](http://www.tse.gov.br%3e); *Senhor*
(23/8/87); Site Jairo Nicolau. Disponível em :
\<[http://jaironicolau.iuperj.br/banco2004.
html](http://jaironicolau.iuperj.br/banco2004.%20html)\>; TRIB. SUP.
ELEIT. *Relatório*(1986, 1988, 1992, 1994 e 1996); VALE, A.
*Liberalismo*; *Veja* (31/5, 19/7, 20 e 27/9 e 18/10/89, 27/7 e
17/8/94).

