FONTES: Correio da Manhã (21/12/32, 2/2, 14/4/33 e 29/6/35); Diário
Carioca (12/5/32 e 10/4/35); Diário de Notícias, Rio (1 e 26/5 e
6/6/37); Estado de S. Paulo (16/12/34); Jornal do Brasil (19 e 21/12/32
e 10/3/33); Jornal do Comércio (5/4/33); LIMA FILHO, A. China; PARTIDO
SOC. DEMOCRÁTICO DE PERNAMBUCO. Regimento; República (16 e 24/12/32).

 
