FONTES: CÂM. DEP. *Deputados brasileiros*. *Repertório.* (1979-1983 p.
65, 1983-1987, p. 52); COELHO, João Gilberto Lucas et OLIVEIRA, Antônio
Carlos Nantes de. *Nova Constituição. Avaliação.* (1989, pp. 110/11);
*Correio Braziliense* (30/11/1986 e 19/01/1987); *Folha de S. Paulo*
(19/01/1987); *Jornal do Brasil* (04/06/1988); SEN. FED. *Senadores.
Dados.*(1987-1991, p. 45).

* *
---
