FONTES:****AUDRÁ, A. *Bancada*;****CÂM. DEP. *Deputados*; CÂM. DEP.
*Deputados* *brasileiros* (1946-1967); CÂM. DEP. *Relação dos dep*.;
CÂM. DEP. *Relação nominal*; CISNEIROS, A. *Parlamentares*; *Estado de
S. Paulo* (23/9/62); INF. FAM.; LEITE, A. *História*; SOC. BRAS.
EXPANSÃO COMERCIAL. *Quem*; TRIB. SUP. ELEIT. *Dados* (2).

 
