FONTES: ASSEMB. LEGISL. MG. *Dicionário biográfico;*ASSEMB. NAC. CONST.
*Repertório* (1987); COELHO, J. & OLIVEIRA, A. *Nova*; *Correio
Braziliense* (19/1/1987); *Estado de São Paulo* (12/12/89); *Folha de
São Paulo* (l9/1/87, 18/3, 6/4 e 16/5/88, 1 e 2/6/1989); *Globo* (6, 8/4
e 10/5/1988, 27/5/1989); *Jornal do Brasil* (21/3 e 6/6/1987, 30/4/1988,
1/6/1989).
