**FONTES**: *ABDIB* Informa (20/4/76); ASSOC. BRAS. DESENV. IND. BASE.
*Estatutos*; ASSOC. BRAS. DESENV. IND. BASE. *Relatório de atividades*
(1997); CRUZ, S. *Empresários*; DINIZ, E.; BOSCHI, R. *Empresas*;
*Estado de S. Paulo* (6/6/65); MAGALHÃES, S. *Problemas*; *Máquinas e 
Metais* (5/70, 12/75); Portal ABDIB. Disponível em :
\<http://www.abdib.org.br/index/index.cfm\>; REIS, F.; O’DONNELL, G.
*Democracia*; SCHMITER, P. *Interest*; *Visão* (21/5/65).
