FONTES: ASSEMB. NAC. CONST. *Repertório* (1988); CÂM. DEP.
*Deputados;*CÂM. DEP.*Deputados brasileiros*. *Repertório* (1975-1979);
COELHO, J. & OLIVEIRA, A. *Nova*; *Estado de S. Paulo*****(10/8/82,
29/3/90, 10/10/96, 19/9/97, 27/4 e 26/7/98);*Folha de S. Paulo* (9/7/92,
19/1/93,****10/10/96); *Globo* (6, 11 e 15/5/97, 6/3/98); *Jornal* *do
Brasil*****(18/11/74, 15/4/93, 7/5/97 e 2/4/98); NÉRI, S.*****16;
Perfil* (1980); SENADO. Internet;**TRIB.****SUP. ELEIT. *Dados* (9);
*Who’s who in Brazil;*Portal O Globo
([http://oglobo.globo.com/](http://oglobo.globo.com/pais/mat/2009/04/19/acusado-de-corrupcao-gerson-camata-diz-que-vai-pedir-investigacao-no-senado-755349647.asp)
); Portal jornal O Estado de São Paulo
([http://www.estadao.com.br/](http://www.estadao.com.br/)); todos
acessados em 20/11/2009.
