FONTES: ASSEMB. LEGISL. MG. *Dicionário Biográfico*; ASSEMB. NAC. CONST.
*Repertório* (1987); COELHO, J. & OLIVEIRA, A. *Nova*; *Estado de São
Paulo* (6/7/85, 20/8/85 e 10/9/85); *Folha de São Paulo* (5, 6 e 7/3/86
e 19/1/87); *Globo* (26/4/84, 16/1/85, 7 e 11/3/86 e 6/1/95); *Jornal do
Brasil* (3/3/85 e 6/3/86);*Perfil Parlamentar / Isto É*
(1991);**Senado*. Dados Biográficos* (10); TRIB. REG ELEIT. MG.

 
